Component: ARM Compiler 5.05 update 1 (build 106) Tool: armlink [4d0efa]

==============================================================================

Section Cross References

    startup_stm32f407xx.o(RESET) refers to startup_stm32f407xx.o(STACK) for __initial_sp
    startup_stm32f407xx.o(RESET) refers to startup_stm32f407xx.o(.text) for Reset_Handler
    startup_stm32f407xx.o(RESET) refers to stm32f4xx_it.o(i.NMI_Handler) for NMI_Handler
    startup_stm32f407xx.o(RESET) refers to stm32f4xx_it.o(i.HardFault_Handler) for HardFault_Handler
    startup_stm32f407xx.o(RESET) refers to stm32f4xx_it.o(i.MemManage_Handler) for MemManage_Handler
    startup_stm32f407xx.o(RESET) refers to stm32f4xx_it.o(i.BusFault_Handler) for BusFault_Handler
    startup_stm32f407xx.o(RESET) refers to stm32f4xx_it.o(i.UsageFault_Handler) for UsageFault_Handler
    startup_stm32f407xx.o(RESET) refers to stm32f4xx_it.o(i.SVC_Handler) for SVC_Handler
    startup_stm32f407xx.o(RESET) refers to stm32f4xx_it.o(i.DebugMon_Handler) for DebugMon_Handler
    startup_stm32f407xx.o(RESET) refers to stm32f4xx_it.o(i.PendSV_Handler) for PendSV_Handler
    startup_stm32f407xx.o(RESET) refers to stm32f4xx_it.o(i.SysTick_Handler) for SysTick_Handler
    startup_stm32f407xx.o(RESET) refers to stm32f4xx_it.o(i.USART3_IRQHandler) for USART3_IRQHandler
    startup_stm32f407xx.o(RESET) refers to stm32f4xx_it.o(i.ETH_IRQHandler) for ETH_IRQHandler
    startup_stm32f407xx.o(.text) refers to system_stm32f4xx.o(i.SystemInit) for SystemInit
    startup_stm32f407xx.o(.text) refers to entry.o(.ARM.Collect$$$$00000000) for __main
    main.o(i.SystemClock_Config) refers to memseta.o(.text) for __aeabi_memclr4
    main.o(i.SystemClock_Config) refers to stm32f4xx_hal_rcc.o(i.HAL_RCC_OscConfig) for HAL_RCC_OscConfig
    main.o(i.SystemClock_Config) refers to stm32f4xx_hal_rcc.o(i.HAL_RCC_ClockConfig) for HAL_RCC_ClockConfig
    main.o(i.fputc) refers to stm32f4xx_hal_uart.o(i.HAL_UART_Transmit) for HAL_UART_Transmit
    main.o(i.fputc) refers to usart.o(.bss) for huart3
    main.o(i.main) refers to stm32f4xx_hal.o(i.HAL_Init) for HAL_Init
    main.o(i.main) refers to main.o(i.SystemClock_Config) for SystemClock_Config
    main.o(i.main) refers to gpio.o(i.MX_GPIO_Init) for MX_GPIO_Init
    main.o(i.main) refers to usart.o(i.MX_USART3_UART_Init) for MX_USART3_UART_Init
    main.o(i.main) refers to lwip.o(i.MX_LWIP_Init) for MX_LWIP_Init
    main.o(i.main) refers to printf3.o(i.__0printf$3) for __2printf
    main.o(i.main) refers to stm32f4xx_hal.o(i.HAL_Delay) for HAL_Delay
    main.o(i.main) refers to stm32f4xx_hal_gpio.o(i.HAL_GPIO_TogglePin) for HAL_GPIO_TogglePin
    main.o(i.main) refers to lwip.o(i.MX_LWIP_Process) for MX_LWIP_Process
    gpio.o(i.MX_GPIO_Init) refers to memseta.o(.text) for __aeabi_memclr4
    gpio.o(i.MX_GPIO_Init) refers to stm32f4xx_hal_gpio.o(i.HAL_GPIO_WritePin) for HAL_GPIO_WritePin
    gpio.o(i.MX_GPIO_Init) refers to stm32f4xx_hal_gpio.o(i.HAL_GPIO_Init) for HAL_GPIO_Init
    lwip.o(i.MX_LWIP_Init) refers to init.o(i.lwip_init) for lwip_init
    lwip.o(i.MX_LWIP_Init) refers to netif.o(i.netif_add) for netif_add
    lwip.o(i.MX_LWIP_Init) refers to netif.o(i.netif_set_default) for netif_set_default
    lwip.o(i.MX_LWIP_Init) refers to netif.o(i.netif_set_up) for netif_set_up
    lwip.o(i.MX_LWIP_Init) refers to netif.o(i.netif_set_down) for netif_set_down
    lwip.o(i.MX_LWIP_Init) refers to netif.o(i.netif_set_link_callback) for netif_set_link_callback
    lwip.o(i.MX_LWIP_Init) refers to lwip.o(.data) for .data
    lwip.o(i.MX_LWIP_Init) refers to ethernet.o(i.ethernet_input) for ethernet_input
    lwip.o(i.MX_LWIP_Init) refers to ethernetif.o(i.ethernetif_init) for ethernetif_init
    lwip.o(i.MX_LWIP_Init) refers to lwip.o(.bss) for .bss
    lwip.o(i.MX_LWIP_Init) refers to ethernetif.o(i.ethernetif_update_config) for ethernetif_update_config
    lwip.o(i.MX_LWIP_Process) refers to ethernetif.o(i.ethernetif_input) for ethernetif_input
    lwip.o(i.MX_LWIP_Process) refers to timeouts.o(i.sys_check_timeouts) for sys_check_timeouts
    lwip.o(i.MX_LWIP_Process) refers to lwip.o(.bss) for .bss
    ethernetif.o(i.HAL_ETH_MspDeInit) refers to stm32f4xx_hal_gpio.o(i.HAL_GPIO_DeInit) for HAL_GPIO_DeInit
    ethernetif.o(i.HAL_ETH_MspDeInit) refers to stm32f4xx_hal_cortex.o(i.HAL_NVIC_DisableIRQ) for HAL_NVIC_DisableIRQ
    ethernetif.o(i.HAL_ETH_MspInit) refers to memseta.o(.text) for __aeabi_memclr4
    ethernetif.o(i.HAL_ETH_MspInit) refers to stm32f4xx_hal_gpio.o(i.HAL_GPIO_Init) for HAL_GPIO_Init
    ethernetif.o(i.HAL_ETH_MspInit) refers to stm32f4xx_hal_cortex.o(i.HAL_NVIC_SetPriority) for HAL_NVIC_SetPriority
    ethernetif.o(i.HAL_ETH_MspInit) refers to stm32f4xx_hal_cortex.o(i.HAL_NVIC_EnableIRQ) for HAL_NVIC_EnableIRQ
    ethernetif.o(i.ethernetif_init) refers to printf3.o(i.__0printf$3) for __2printf
    ethernetif.o(i.ethernetif_init) refers to ethernetif.o(i.low_level_init) for low_level_init
[...]
    i.ethernetif_update_config               0x08002f94   Section        0  ethernetif.o(i.ethernetif_update_config)
    i.fputc                                  0x08003044   Section        0  main.o(i.fputc)
    i.icmp_dest_unreach                      0x0800305c   Section        0  icmp.o(i.icmp_dest_unreach)
    i.icmp_input                             0x08003064   Section        0  icmp.o(i.icmp_input)
    i.icmp_send_response                     0x08003248   Section        0  icmp.o(i.icmp_send_response)
    icmp_send_response                       0x08003249   Thumb Code   128  icmp.o(i.icmp_send_response)
    i.icmp_time_exceeded                     0x08003354   Section        0  icmp.o(i.icmp_time_exceeded)
    i.ip4_addr_isbroadcast_u32               0x0800335c   Section        0  ip4_addr.o(i.ip4_addr_isbroadcast_u32)
    i.ip4_frag                               0x0800338c   Section        0  ip4_frag.o(i.ip4_frag)
    i.ip4_input                              0x080035e0   Section        0  ip4.o(i.ip4_input)
    i.ip4_output_if                          0x08003774   Section        0  ip4.o(i.ip4_output_if)
    i.ip4_output_if_src                      0x08003794   Section        0  ip4.o(i.ip4_output_if_src)
    i.ip4_reass                              0x08003900   Section        0  ip4_frag.o(i.ip4_reass)
    i.ip4_route                              0x08003ab4   Section        0  ip4.o(i.ip4_route)
    i.ip_frag_free_pbuf_custom_ref           0x08003b10   Section        0  ip4_frag.o(i.ip_frag_free_pbuf_custom_ref)
    ip_frag_free_pbuf_custom_ref             0x08003b11   Thumb Code    32  ip4_frag.o(i.ip_frag_free_pbuf_custom_ref)
    i.ip_reass_chain_frag_into_datagram_and_validate 0x08003ba0   Section        0  ip4_frag.o(i.ip_reass_chain_frag_into_datagram_and_validate)
    ip_reass_chain_frag_into_datagram_and_validate 0x08003ba1   Thumb Code   364  ip4_frag.o(i.ip_reass_chain_frag_into_datagram_and_validate)
    i.ip_reass_dequeue_datagram              0x08003e00   Section        0  ip4_frag.o(i.ip_reass_dequeue_datagram)
    ip_reass_dequeue_datagram                0x08003e01   Thumb Code    54  ip4_frag.o(i.ip_reass_dequeue_datagram)
    i.ip_reass_free_complete_datagram        0x08003ebc   Section        0  ip4_frag.o(i.ip_reass_free_complete_datagram)
    ip_reass_free_complete_datagram          0x08003ebd   Thumb Code   202  ip4_frag.o(i.ip_reass_free_complete_datagram)
    i.ip_reass_remove_oldest_datagram        0x0800404c   Section        0  ip4_frag.o(i.ip_reass_remove_oldest_datagram)
    ip_reass_remove_oldest_datagram          0x0800404d   Thumb Code   122  ip4_frag.o(i.ip_reass_remove_oldest_datagram)
    i.ip_reass_tmr                           0x080040cc   Section        0  ip4_frag.o(i.ip_reass_tmr)
    i.ipfrag_free_pbuf_custom                0x080040f8   Section        0  ip4_frag.o(i.ipfrag_free_pbuf_custom)
    ipfrag_free_pbuf_custom                  0x080040f9   Thumb Code    38  ip4_frag.o(i.ipfrag_free_pbuf_custom)
    i.low_level_init                         0x08004190   Section        0  ethernetif.o(i.low_level_init)
    low_level_init                           0x08004191   Thumb Code   220  ethernetif.o(i.low_level_init)
    i.low_level_input                        0x08004280   Section        0  ethernetif.o(i.low_level_input)
    low_level_input                          0x08004281   Thumb Code   182  ethernetif.o(i.low_level_input)
    i.low_level_output                       0x0800433c   Section        0  ethernetif.o(i.low_level_output)
    low_level_output                         0x0800433d   Thumb Code   162  ethernetif.o(i.low_level_output)
    i.lwip_htonl                             0x080043e4   Section        0  def.o(i.lwip_htonl)
    i.lwip_htons                             0x080043e8   Section        0  def.o(i.lwip_htons)
    i.lwip_init                              0x080043ec   Section        0  init.o(i.lwip_init)
    i.main                                   0x08004408   Section        0  main.o(i.main)
    i.mem_free                               0x08004460   Section        0  mem.o(i.mem_free)
    i.mem_init                               0x0800457c   Section        0  mem.o(i.mem_init)
    i.mem_malloc                             0x080045b0   Section        0  mem.o(i.mem_malloc)
    i.mem_trim                               0x080047ac   Section        0  mem.o(i.mem_trim)
    i.memp_free                              0x08004930   Section        0  memp.o(i.memp_free)
    i.memp_init                              0x080049cc   Section        0  memp.o(i.memp_init)
    i.memp_init_pool                         0x080049ec   Section        0  memp.o(i.memp_init_pool)
    i.memp_malloc                            0x08004a18   Section        0  memp.o(i.memp_malloc)
    i.netif_add                              0x08004abc   Section        0  netif.o(i.netif_add)
    i.netif_init                             0x08004ba0   Section        0  netif.o(i.netif_init)
    i.netif_issue_reports                    0x08004ba2   Section        0  netif.o(i.netif_issue_reports)
    netif_issue_reports                      0x08004ba3   Thumb Code    26  netif.o(i.netif_issue_reports)
    i.netif_set_addr                         0x08004bbc   Section        0  netif.o(i.netif_set_addr)
    i.netif_set_default                      0x08004c04   Section        0  netif.o(i.netif_set_default)
    i.netif_set_down                         0x08004c10   Section        0  netif.o(i.netif_set_down)
    i.netif_set_gw                           0x08004c3e   Section        0  netif.o(i.netif_set_gw)
    i.netif_set_ipaddr                       0x08004c48   Section        0  netif.o(i.netif_set_ipaddr)
    i.netif_set_link_callback                0x08004c8c   Section        0  netif.o(i.netif_set_link_callback)
    i.netif_set_netmask                      0x08004c94   Section        0  netif.o(i.netif_set_netmask)
    i.netif_set_up                           0x08004c9c   Section        0  netif.o(i.netif_set_up)
    i.pbuf_alloc                             0x08004cd0   Section        0  pbuf.o(i.pbuf_alloc)
    i.pbuf_alloced_custom                    0x08005038   Section        0  pbuf.o(i.pbuf_alloced_custom)
    i.pbuf_cat                               0x08005118   Section        0  pbuf.o(i.pbuf_cat)
    i.pbuf_clen                              0x08005248   Section        0  pbuf.o(i.pbuf_clen)
    i.pbuf_copy                              0x0800525c   Section        0  pbuf.o(i.pbuf_copy)
    i.pbuf_copy_partial                      0x08005448   Section        0  pbuf.o(i.pbuf_copy_partial)
    i.pbuf_free                              0x08005564   Section        0  pbuf.o(i.pbuf_free)
    i.pbuf_header                            0x080056c8   Section        0  pbuf.o(i.pbuf_header)
    i.pbuf_header_force                      0x080056ce   Section        0  pbuf.o(i.pbuf_header_force)
    i.pbuf_header_impl                       0x080056d4   Section        0  pbuf.o(i.pbuf_header_impl)
    pbuf_header_impl                         0x080056d5   Thumb Code   144  pbuf.o(i.pbuf_header_impl)
    i.pbuf_realloc                           0x080057f8   Section        0  pbuf.o(i.pbuf_realloc)
    i.pbuf_ref                               0x08005990   Section        0  pbuf.o(i.pbuf_ref)
    i.plug_holes                             0x08005a1c   Section        0  mem.o(i.plug_holes)
    plug_holes                               0x08005a1d   Thumb Code   162  mem.o(i.plug_holes)
    i.sys_check_timeouts                     0x08005b98   Section        0  timeouts.o(i.sys_check_timeouts)
    i.sys_now                                0x08005be0   Section        0  ethernetif.o(i.sys_now)
    i.sys_timeout                            0x08005be4   Section        0  timeouts.o(i.sys_timeout)
    i.sys_timeouts_init                      0x08005d24   Section        0  timeouts.o(i.sys_timeouts_init)
    i.tcp_abandon                            0x08005d58   Section        0  tcp.o(i.tcp_abandon)
    i.tcp_abort                              0x08005ec4   Section        0  tcp.o(i.tcp_abort)
    i.tcp_alloc                              0x08005ecc   Section        0  tcp.o(i.tcp_alloc)
    i.tcp_close                              0x08005fc8   Section        0  tcp.o(i.tcp_close)
    i.tcp_close_shutdown                     0x08005fdc   Section        0  tcp.o(i.tcp_close_shutdown)
    tcp_close_shutdown                       0x08005fdd   Thumb Code   266  tcp.o(i.tcp_close_shutdown)
    i.tcp_close_shutdown_fin                 0x08006164   Section        0  tcp.o(i.tcp_close_shutdown_fin)
    tcp_close_shutdown_fin                   0x08006165   Thumb Code    96  tcp.o(i.tcp_close_shutdown_fin)
    i.tcp_create_segment                     0x08006228   Section        0  tcp_out.o(i.tcp_create_segment)
    tcp_create_segment                       0x08006229   Thumb Code   170  tcp_out.o(i.tcp_create_segment)
    i.tcp_eff_send_mss_impl                  0x08006348   Section        0  tcp.o(i.tcp_eff_send_mss_impl)
    i.tcp_enqueue_flags                      0x0800636c   Section        0  tcp_out.o(i.tcp_enqueue_flags)
    i.tcp_fasttmr                            0x08006578   Section        0  tcp.o(i.tcp_fasttmr)
    i.tcp_getoptbyte                         0x080065e4   Section        0  tcp_in.o(i.tcp_getoptbyte)
    tcp_getoptbyte                           0x080065e5   Thumb Code    42  tcp_in.o(i.tcp_getoptbyte)
    i.tcp_init                               0x08006614   Section        0  tcp.o(i.tcp_init)
    i.tcp_input                              0x08006618   Section        0  tcp_in.o(i.tcp_input)
    i.tcp_input_delayed_close                0x08006be8   Section        0  tcp_in.o(i.tcp_input_delayed_close)
    tcp_input_delayed_close                  0x08006be9   Thumb Code    56  tcp_in.o(i.tcp_input_delayed_close)
    i.tcp_keepalive                          0x08006c28   Section        0  tcp_out.o(i.tcp_keepalive)
    i.tcp_kill_state                         0x08006c7c   Section        0  tcp.o(i.tcp_kill_state)
    tcp_kill_state                           0x08006c7d   Thumb Code    78  tcp.o(i.tcp_kill_state)
    i.tcp_listen_closed                      0x08006d38   Section        0  tcp.o(i.tcp_listen_closed)
    tcp_listen_closed                        0x08006d39   Thumb Code    74  tcp.o(i.tcp_listen_closed)
    i.tcp_listen_input                       0x08006e04   Section        0  tcp_in.o(i.tcp_listen_input)
    tcp_listen_input                         0x08006e05   Thumb Code   226  tcp_in.o(i.tcp_listen_input)
    i.tcp_netif_ip_addr_changed              0x08006ef8   Section        0  tcp.o(i.tcp_netif_ip_addr_changed)
    i.tcp_netif_ip_addr_changed_pcblist      0x08006f44   Section        0  tcp.o(i.tcp_netif_ip_addr_changed_pcblist)
    tcp_netif_ip_addr_changed_pcblist        0x08006f45   Thumb Code    34  tcp.o(i.tcp_netif_ip_addr_changed_pcblist)
    i.tcp_next_iss                           0x08006f68   Section        0  tcp.o(i.tcp_next_iss)
    i.tcp_output                             0x08006f78   Section        0  tcp_out.o(i.tcp_output)
    i.tcp_output_alloc_header                0x08007244   Section        0  tcp_out.o(i.tcp_output_alloc_header)
    tcp_output_alloc_header                  0x08007245   Thumb Code   128  tcp_out.o(i.tcp_output_alloc_header)
    i.tcp_output_segment                     0x08007350   Section        0  tcp_out.o(i.tcp_output_segment)
    tcp_output_segment                       0x08007351   Thumb Code   164  tcp_out.o(i.tcp_output_segment)
    i.tcp_parseopt                           0x080073f8   Section        0  tcp_in.o(i.tcp_parseopt)
    tcp_parseopt                             0x080073f9   Thumb Code   110  tcp_in.o(i.tcp_parseopt)
    i.tcp_pcb_purge                          0x0800746c   Section        0  tcp.o(i.tcp_pcb_purge)
    i.tcp_pcb_remove                         0x080074a8   Section        0  tcp.o(i.tcp_pcb_remove)
    i.tcp_process                            0x080075b0   Section        0  tcp_in.o(i.tcp_process)
    tcp_process                              0x080075b1   Thumb Code   930  tcp_in.o(i.tcp_process)
    i.tcp_process_refused_data               0x08007a34   Section        0  tcp.o(i.tcp_process_refused_data)
    i.tcp_receive                            0x08007a9c   Section        0  tcp_in.o(i.tcp_receive)
    tcp_receive                              0x08007a9d   Thumb Code  1540  tcp_in.o(i.tcp_receive)
    i.tcp_recv_null                          0x0800810c   Section        0  tcp.o(i.tcp_recv_null)
    i.tcp_recved                             0x08008130   Section        0  tcp.o(i.tcp_recved)
    i.tcp_rexmit                             0x08008240   Section        0  tcp_out.o(i.tcp_rexmit)
    i.tcp_rexmit_fast                        0x08008296   Section        0  tcp_out.o(i.tcp_rexmit_fast)
    i.tcp_rexmit_rto                         0x080082ee   Section        0  tcp_out.o(i.tcp_rexmit_rto)
    i.tcp_rst                                0x08008320   Section        0  tcp_out.o(i.tcp_rst)
    i.tcp_seg_free                           0x08008440   Section        0  tcp.o(i.tcp_seg_free)
    i.tcp_segs_free                          0x0800845c   Section        0  tcp.o(i.tcp_segs_free)
    i.tcp_send_empty_ack                     0x0800846e   Section        0  tcp_out.o(i.tcp_send_empty_ack)
    i.tcp_send_fin                           0x080084e0   Section        0  tcp_out.o(i.tcp_send_fin)
    i.tcp_slowtmr                            0x08008524   Section        0  tcp.o(i.tcp_slowtmr)
    i.tcp_timer_needed                       0x080089dc   Section        0  timeouts.o(i.tcp_timer_needed)
    i.tcp_timewait_input                     0x08008a10   Section        0  tcp_in.o(i.tcp_timewait_input)
    tcp_timewait_input                       0x08008a11   Thumb Code    90  tcp_in.o(i.tcp_timewait_input)
    i.tcp_tmr                                0x08008a78   Section        0  tcp.o(i.tcp_tmr)
    i.tcp_trigger_input_pcb_close            0x08008a98   Section        0  tcp_in.o(i.tcp_trigger_input_pcb_close)
    i.tcp_update_rcv_ann_wnd                 0x08008aa8   Section        0  tcp.o(i.tcp_update_rcv_ann_wnd)
    i.tcp_zero_window_probe                  0x08008b68   Section        0  tcp_out.o(i.tcp_zero_window_probe)
    i.tcpip_tcp_timer                        0x08008c1c   Section        0  timeouts.o(i.tcpip_tcp_timer)
    tcpip_tcp_timer                          0x08008c1d   Thumb Code    40  timeouts.o(i.tcpip_tcp_timer)
    .constdata                               0x08008c54   Section       16  system_stm32f4xx.o(.constdata)
    .constdata                               0x08008c64   Section        8  system_stm32f4xx.o(.constdata)
    .constdata                               0x08008c6c   Section        6  ethernet.o(.constdata)
    .constdata                               0x08008c72   Section        6  ethernet.o(.constdata)
    .constdata                               0x08008c78   Section       12  memp.o(.constdata)
    .constdata                               0x08008c84   Section       12  memp.o(.constdata)
    .constdata                               0x08008c90   Section       12  memp.o(.constdata)
    .constdata                               0x08008c9c   Section       12  memp.o(.constdata)
    .constdata                               0x08008ca8   Section       12  memp.o(.constdata)
    .constdata                               0x08008cb4   Section       12  memp.o(.constdata)
    .constdata                               0x08008cc0   Section       12  memp.o(.constdata)
    .constdata                               0x08008ccc   Section       12  memp.o(.constdata)
    .constdata                               0x08008cd8   Section       32  memp.o(.constdata)
    .constdata                               0x08008cf8   Section       84  tcp.o(.constdata)
    tcp_persist_backoff                      0x08008cf8   Data           7  tcp.o(.constdata)
    tcp_state_str                            0x08008d00   Data          44  tcp.o(.constdata)
    tcp_backoff                              0x08008d2c   Data          13  tcp.o(.constdata)
    .constdata                               0x08008d4c   Section       24  timeouts.o(.constdata)
    .constdata                               0x08008d64   Section        4  ip4_addr.o(.constdata)
    .conststring                             0x08008d68   Section      117  tcp.o(.conststring)
    .conststring                             0x08008de0   Section       85  tcp_out.o(.conststring)
    .conststring                             0x08008e38   Section       65  etharp.o(.conststring)
    .data                                    0x20000000   Section       24  lwip.o(.data)
    .data                                    0x20000018   Section       12  stm32f4xx_hal.o(.data)
    .data                                    0x20000024   Section        4  system_stm32f4xx.o(.data)
    .data                                    0x20000028   Section       12  mem.o(.data)
    ram                                      0x20000028   Data           4  mem.o(.data)
    ram_end                                  0x2000002c   Data           4  mem.o(.data)
    lfree                                    0x20000030   Data           4  mem.o(.data)
    .data                                    0x20000034   Section        4  memp.o(.data)
    memp_tab_TCP_PCB                         0x20000034   Data           4  memp.o(.data)
    .data                                    0x20000038   Section        4  memp.o(.data)
    memp_tab_TCP_PCB_LISTEN                  0x20000038   Data           4  memp.o(.data)
    .data                                    0x2000003c   Section        4  memp.o(.data)
    memp_tab_TCP_SEG                         0x2000003c   Data           4  memp.o(.data)
    .data                                    0x20000040   Section        4  memp.o(.data)
    memp_tab_REASSDATA                       0x20000040   Data           4  memp.o(.data)
    .data                                    0x20000044   Section        4  memp.o(.data)
    memp_tab_FRAG_PBUF                       0x20000044   Data           4  memp.o(.data)
    .data                                    0x20000048   Section        4  memp.o(.data)
    memp_tab_SYS_TIMEOUT                     0x20000048   Data           4  memp.o(.data)
    .data                                    0x2000004c   Section        4  memp.o(.data)
    memp_tab_PBUF                            0x2000004c   Data           4  memp.o(.data)
    .data                                    0x20000050   Section        4  memp.o(.data)
    memp_tab_PBUF_POOL                       0x20000050   Data           4  memp.o(.data)
    .data                                    0x20000054   Section       12  netif.o(.data)
    netif_num                                0x20000054   Data           1  netif.o(.data)
    .data                                    0x20000060   Section       32  tcp.o(.data)
    tcp_timer                                0x20000061   Data           1  tcp.o(.data)
    tcp_timer_ctr                            0x20000062   Data           1  tcp.o(.data)
    tcp_port                                 0x20000064   Data           2  tcp.o(.data)
    iss                                      0x20000068   Data           4  tcp.o(.data)
    .data                                    0x20000080   Section       36  tcp_in.o(.data)
    flags                                    0x20000080   Data           1  tcp_in.o(.data)
    recv_flags                               0x20000081   Data           1  tcp_in.o(.data)
    tcphdr_optlen                            0x20000082   Data           2  tcp_in.o(.data)
    tcphdr_opt1len                           0x20000084   Data           2  tcp_in.o(.data)
    tcp_optidx                               0x20000086   Data           2  tcp_in.o(.data)
    recv_acked                               0x20000088   Data           2  tcp_in.o(.data)
    tcplen                                   0x2000008a   Data           2  tcp_in.o(.data)
    tcphdr                                   0x2000008c   Data           4  tcp_in.o(.data)
    tcphdr_opt2                              0x20000090   Data           4  tcp_in.o(.data)
    seqno                                    0x20000094   Data           4  tcp_in.o(.data)
    ackno                                    0x20000098   Data           4  tcp_in.o(.data)
    recv_data                                0x2000009c   Data           4  tcp_in.o(.data)
    .data                                    0x200000a4   Section       12  timeouts.o(.data)
    next_timeout                             0x200000a4   Data           4  timeouts.o(.data)
    timeouts_last_time                       0x200000a8   Data           4  timeouts.o(.data)
    tcpip_tcp_timer_active                   0x200000ac   Data           4  timeouts.o(.data)
    .data                                    0x200000b0   Section        1  etharp.o(.data)
    etharp_cached_entry                      0x200000b0   Data           1  etharp.o(.data)
    .data                                    0x200000b2   Section        2  ip4.o(.data)
    ip_id                                    0x200000b2   Data           2  ip4.o(.data)
    .data                                    0x200000b4   Section        8  ip4_frag.o(.data)
    ip_reass_pbufcount                       0x200000b4   Data           2  ip4_frag.o(.data)
    reassdatagrams                           0x200000b8   Data           4  ip4_frag.o(.data)
    .data                                    0x200000bc   Section        4  stdout.o(.data)
    .bss                                     0x200000c0   Section       56  lwip.o(.bss)
    .bss                                     0x200000f8   Section    12520  ethernetif.o(.bss)
    .bss                                     0x200031e0   Section       64  usart.o(.bss)
    .bss                                     0x20003220   Section       24  ip.o(.bss)
    .bss                                     0x20003238   Section     1619  mem.o(.bss)
    .bss                                     0x2000388b   Section      743  memp.o(.bss)
    .bss                                     0x20003b72   Section      227  memp.o(.bss)
    .bss                                     0x20003c55   Section      259  memp.o(.bss)
    .bss                                     0x20003d58   Section      163  memp.o(.bss)
    .bss                                     0x20003dfb   Section      363  memp.o(.bss)
    .bss                                     0x20003f66   Section       51  memp.o(.bss)
    .bss                                     0x20003f99   Section      259  memp.o(.bss)
    .bss                                     0x2000409c   Section     9731  memp.o(.bss)
    .bss                                     0x200066a0   Section       16  tcp_in.o(.bss)
    inseg                                    0x200066a0   Data          16  tcp_in.o(.bss)
    .bss                                     0x200066b0   Section      240  etharp.o(.bss)
    arp_table                                0x200066b0   Data         240  etharp.o(.bss)
    STACK                                    0x200067a0   Section     1024  startup_stm32f407xx.o(STACK)

    Global Symbols

    Symbol Name                              Value     Ov Type        Size  Object(Section)

    BuildAttributes$$THM_ISAv4$E$P$D$K$B$S$7EM$VFPi3$EXTD16$VFPS$VFMA$PE$A:L22UL41UL21$X:L11$S22US41US21$IEEE1$IW$USESV6$~STKCKD$USESV7$~SHL$OSPACE$ROPI$EBA8$MICROLIB$REQ8$PRES8$EABIv2 0x00000000   Number         0  anon$$obj.o ABSOLUTE
    __ARM_use_no_argv                        0x00000000   Number         0  main.o ABSOLUTE
    _printf_a                                0x00000000   Number         0  stubs.o ABSOLUTE
    _printf_c                                0x00000000   Number         0  stubs.o ABSOLUTE
    _printf_charcount                        0x00000000   Number         0  stubs.o ABSOLUTE
    _printf_d                                0x00000000   Number         0  stubs.o ABSOLUTE
    _printf_e                                0x00000000   Number         0  stubs.o ABSOLUTE
    _printf_f                                0x00000000   Number         0  stubs.o ABSOLUTE
    _printf_flags                            0x00000000   Number         0  stubs.o ABSOLUTE
    _printf_fp_dec                           0x00000000   Number         0  stubs.o ABSOLUTE
    _printf_fp_hex                           0x00000000   Number         0  stubs.o ABSOLUTE
    _printf_g                                0x00000000   Number         0  stubs.o ABSOLUTE
    _printf_i                                0x00000000   Number         0  stubs.o ABSOLUTE
    _printf_int_dec                          0x00000000   Number         0  stubs.o ABSOLUTE
    _printf_l                                0x00000000   Number         0  stubs.o ABSOLUTE
    _printf_lc                               0x00000000   Number         0  stubs.o ABSOLUTE
    _printf_ll                               0x00000000   Number         0  stubs.o ABSOLUTE
    _printf_lld                              0x00000000   Number         0  stubs.o ABSOLUTE
    _printf_lli                              0x00000000   Number         0  stubs.o ABSOLUTE
    _printf_llo                              0x00000000   Number         0  stubs.o ABSOLUTE
    _printf_llu                              0x00000000   Number         0  stubs.o ABSOLUTE
    _printf_llx                              0x00000000   Number         0  stubs.o ABSOLUTE
    _printf_longlong_dec                     0x00000000   Number         0  stubs.o ABSOLUTE
    _printf_longlong_hex                     0x00000000   Number         0  stubs.o ABSOLUTE
    _printf_longlong_oct                     0x00000000   Number         0  stubs.o ABSOLUTE
    _printf_ls                               0x00000000   Number         0  stubs.o ABSOLUTE
    _printf_mbtowc                           0x00000000   Number         0  stubs.o ABSOLUTE
    _printf_n                                0x00000000   Number         0  stubs.o ABSOLUTE
    _printf_o                                0x00000000   Number         0  stubs.o ABSOLUTE
    _printf_p                                0x00000000   Number         0  stubs.o ABSOLUTE
    _printf_percent                          0x00000000   Number         0  stubs.o ABSOLUTE
    _printf_pre_padding                      0x00000000   Number         0  stubs.o ABSOLUTE
    _printf_return_value                     0x00000000   Number         0  stubs.o ABSOLUTE
    _printf_s                                0x00000000   Number         0  stubs.o ABSOLUTE
    _printf_sizespec                         0x00000000   Number         0  stubs.o ABSOLUTE
    _printf_str                              0x00000000   Number         0  stubs.o ABSOLUTE
    _printf_truncate_signed                  0x00000000   Number         0  stubs.o ABSOLUTE
    _printf_truncate_unsigned                0x00000000   Number         0  stubs.o ABSOLUTE
    _printf_u                                0x00000000   Number         0  stubs.o ABSOLUTE
    _printf_wc                               0x00000000   Number         0  stubs.o ABSOLUTE
    _printf_wctomb                           0x00000000   Number         0  stubs.o ABSOLUTE
    _printf_widthprec                        0x00000000   Number         0  stubs.o ABSOLUTE
    _printf_x                                0x00000000   Number         0  stubs.o ABSOLUTE
    __cpp_initialize__aeabi_                  - Undefined Weak Reference
    __cxa_finalize                            - Undefined Weak Reference
    __decompress                              - Undefined Weak Reference
    _clock_init                               - Undefined Weak Reference
    _microlib_exit                            - Undefined Weak Reference
    __Vectors_Size                           0x00000188   Number         0  startup_stm32f407xx.o ABSOLUTE
    __Vectors                                0x08000000   Data           4  startup_stm32f407xx.o(RESET)
    __Vectors_End                            0x08000188   Data           0  startup_stm32f407xx.o(RESET)
    __main                                   0x08000189   Thumb Code     0  entry.o(.ARM.Collect$$$$00000000)
    _main_stk                                0x08000189   Thumb Code     0  entry2.o(.ARM.Collect$$$$00000001)
    _main_scatterload                        0x0800018d   Thumb Code     0  entry5.o(.ARM.Collect$$$$00000004)
    __main_after_scatterload                 0x08000191   Thumb Code     0  entry5.o(.ARM.Collect$$$$00000004)
    _main_clock                              0x08000191   Thumb Code     0  entry7b.o(.ARM.Collect$$$$00000008)
    _main_cpp_init                           0x08000191   Thumb Code     0  entry8b.o(.ARM.Collect$$$$0000000A)
    _main_init                               0x08000191   Thumb Code     0  entry9a.o(.ARM.Collect$$$$0000000B)
    __rt_final_cpp                           0x08000199   Thumb Code     0  entry10a.o(.ARM.Collect$$$$0000000D)
    __rt_final_exit                          0x08000199   Thumb Code     0  entry11a.o(.ARM.Collect$$$$0000000F)
    Reset_Handler                            0x0800019d   Thumb Code     8  startup_stm32f407xx.o(.text)
    ADC_IRQHandler                           0x080001b7   Thumb Code     0  startup_stm32f407xx.o(.text)
    CAN1_RX0_IRQHandler                      0x080001b7   Thumb Code     0  startup_stm32f407xx.o(.text)
    CAN1_RX1_IRQHandler                      0x080001b7   Thumb Code     0  startup_stm32f407xx.o(.text)
    CAN1_SCE_IRQHandler                      0x080001b7   Thumb Code     0  startup_stm32f407xx.o(.text)
    CAN1_TX_IRQHandler                       0x080001b7   Thumb Code     0  startup_stm32f407xx.o(.text)
    CAN2_RX0_IRQHandler                      0x080001b7   Thumb Code     0  startup_stm32f407xx.o(.text)
    CAN2_RX1_IRQHandler                      0x080001b7   Thumb Code     0  startup_stm32f407xx.o(.text)
    CAN2_SCE_IRQHandler                      0x080001b7   Thumb Code     0  startup_stm32f407xx.o(.text)
    CAN2_TX_IRQHandler                       0x080001b7   Thumb Code     0  startup_stm32f407xx.o(.text)
    DCMI_IRQHandler                          0x080001b7   Thumb Code     0  startup_stm32f407xx.o(.text)
    DMA1_Stream0_IRQHandler                  0x080001b7   Thumb Code     0  startup_stm32f407xx.o(.text)
    DMA1_Stream1_IRQHandler                  0x080001b7   Thumb Code     0  startup_stm32f407xx.o(.text)
    DMA1_Stream2_IRQHandler                  0x080001b7   Thumb Code     0  startup_stm32f407xx.o(.text)
    DMA1_Stream3_IRQHandler                  0x080001b7   Thumb Code     0  startup_stm32f407xx.o(.text)
    DMA1_Stream4_IRQHandler                  0x080001b7   Thumb Code     0  startup_stm32f407xx.o(.text)
    DMA1_Stream5_IRQHandler                  0x080001b7   Thumb Code     0  startup_stm32f407xx.o(.text)
    DMA1_Stream6_IRQHandler                  0x080001b7   Thumb Code     0  startup_stm32f407xx.o(.text)
    DMA1_Stream7_IRQHandler                  0x080001b7   Thumb Code     0  startup_stm32f407xx.o(.text)
    DMA2_Stream0_IRQHandler                  0x080001b7   Thumb Code     0  startup_stm32f407xx.o(.text)
    DMA2_Stream1_IRQHandler                  0x080001b7   Thumb Code     0  startup_stm32f407xx.o(.text)
    DMA2_Stream2_IRQHandler                  0x080001b7   Thumb Code     0  startup_stm32f407xx.o(.text)
    DMA2_Stream3_IRQHandler                  0x080001b7   Thumb Code     0  startup_stm32f407xx.o(.text)
    DMA2_Stream4_IRQHandler                  0x080001b7   Thumb Code     0  startup_stm32f407xx.o(.text)
    DMA2_Stream5_IRQHandler                  0x080001b7   Thumb Code     0  startup_stm32f407xx.o(.text)
    DMA2_Stream6_IRQHandler                  0x080001b7   Thumb Code     0  startup_stm32f407xx.o(.text)
    DMA2_Stream7_IRQHandler                  0x080001b7   Thumb Code     0  startup_stm32f407xx.o(.text)
    ETH_WKUP_IRQHandler                      0x080001b7   Thumb Code     0  startup_stm32f407xx.o(.text)
    EXTI0_IRQHandler                         0x080001b7   Thumb Code     0  startup_stm32f407xx.o(.text)
    EXTI15_10_IRQHandler                     0x080001b7   Thumb Code     0  startup_stm32f407xx.o(.text)
    EXTI1_IRQHandler                         0x080001b7   Thumb Code     0  startup_stm32f407xx.o(.text)
    EXTI2_IRQHandler                         0x080001b7   Thumb Code     0  startup_stm32f407xx.o(.text)
    EXTI3_IRQHandler                         0x080001b7   Thumb Code     0  startup_stm32f407xx.o(.text)
    EXTI4_IRQHandler                         0x080001b7   Thumb Code     0  startup_stm32f407xx.o(.text)
    EXTI9_5_IRQHandler                       0x080001b7   Thumb Code     0  startup_stm32f407xx.o(.text)
    FLASH_IRQHandler                         0x080001b7   Thumb Code     0  startup_stm32f407xx.o(.text)
    FMC_IRQHandler                           0x080001b7   Thumb Code     0  startup_stm32f407xx.o(.text)
    FPU_IRQHandler                           0x080001b7   Thumb Code     0  startup_stm32f407xx.o(.text)
    HASH_RNG_IRQHandler                      0x080001b7   Thumb Code     0  startup_stm32f407xx.o(.text)
    I2C1_ER_IRQHandler                       0x080001b7   Thumb Code     0  startup_stm32f407xx.o(.text)
    I2C1_EV_IRQHandler                       0x080001b7   Thumb Code     0  startup_stm32f407xx.o(.text)
    I2C2_ER_IRQHandler                       0x080001b7   Thumb Code     0  startup_stm32f407xx.o(.text)
    I2C2_EV_IRQHandler                       0x080001b7   Thumb Code     0  startup_stm32f407xx.o(.text)
    I2C3_ER_IRQHandler                       0x080001b7   Thumb Code     0  startup_stm32f407xx.o(.text)
    I2C3_EV_IRQHandler                       0x080001b7   Thumb Code     0  startup_stm32f407xx.o(.text)
    OTG_FS_IRQHandler                        0x080001b7   Thumb Code     0  startup_stm32f407xx.o(.text)
    OTG_FS_WKUP_IRQHandler                   0x080001b7   Thumb Code     0  startup_stm32f407xx.o(.text)
    OTG_HS_EP1_IN_IRQHandler                 0x080001b7   Thumb Code     0  startup_stm32f407xx.o(.text)
    OTG_HS_EP1_OUT_IRQHandler                0x080001b7   Thumb Code     0  startup_stm32f407xx.o(.text)
    OTG_HS_IRQHandler                        0x080001b7   Thumb Code     0  startup_stm32f407xx.o(.text)
    OTG_HS_WKUP_IRQHandler                   0x080001b7   Thumb Code     0  startup_stm32f407xx.o(.text)
    PVD_IRQHandler                           0x080001b7   Thumb Code     0  startup_stm32f407xx.o(.text)
    RCC_IRQHandler                           0x080001b7   Thumb Code     0  startup_stm32f407xx.o(.text)
    RTC_Alarm_IRQHandler                     0x080001b7   Thumb Code     0  startup_stm32f407xx.o(.text)
    RTC_WKUP_IRQHandler                      0x080001b7   Thumb Code     0  startup_stm32f407xx.o(.text)
    SDIO_IRQHandler                          0x080001b7   Thumb Code     0  startup_stm32f407xx.o(.text)
    SPI1_IRQHandler                          0x080001b7   Thumb Code     0  startup_stm32f407xx.o(.text)
    SPI2_IRQHandler                          0x080001b7   Thumb Code     0  startup_stm32f407xx.o(.text)
    SPI3_IRQHandler                          0x080001b7   Thumb Code     0  startup_stm32f407xx.o(.text)
    TAMP_STAMP_IRQHandler                    0x080001b7   Thumb Code     0  startup_stm32f407xx.o(.text)
    TIM1_BRK_TIM9_IRQHandler                 0x080001b7   Thumb Code     0  startup_stm32f407xx.o(.text)
    TIM1_CC_IRQHandler                       0x080001b7   Thumb Code     0  startup_stm32f407xx.o(.text)
    TIM1_TRG_COM_TIM11_IRQHandler            0x080001b7   Thumb Code     0  startup_stm32f407xx.o(.text)
    TIM1_UP_TIM10_IRQHandler                 0x080001b7   Thumb Code     0  startup_stm32f407xx.o(.text)
    TIM2_IRQHandler                          0x080001b7   Thumb Code     0  startup_stm32f407xx.o(.text)
    TIM3_IRQHandler                          0x080001b7   Thumb Code     0  startup_stm32f407xx.o(.text)
    TIM4_IRQHandler                          0x080001b7   Thumb Code     0  startup_stm32f407xx.o(.text)
    TIM5_IRQHandler                          0x080001b7   Thumb Code     0  startup_stm32f407xx.o(.text)
    TIM6_DAC_IRQHandler                      0x080001b7   Thumb Code     0  startup_stm32f407xx.o(.text)
    TIM7_IRQHandler                          0x080001b7   Thumb Code     0  startup_stm32f407xx.o(.text)
    TIM8_BRK_TIM12_IRQHandler                0x080001b7   Thumb Code     0  startup_stm32f407xx.o(.text)
    TIM8_CC_IRQHandler                       0x080001b7   Thumb Code     0  startup_stm32f407xx.o(.text)
    TIM8_TRG_COM_TIM14_IRQHandler            0x080001b7   Thumb Code     0  startup_stm32f407xx.o(.text)
    TIM8_UP_TIM13_IRQHandler                 0x080001b7   Thumb Code     0  startup_stm32f407xx.o(.text)
    UART4_IRQHandler                         0x080001b7   Thumb Code     0  startup_stm32f407xx.o(.text)
    UART5_IRQHandler                         0x080001b7   Thumb Code     0  startup_stm32f407xx.o(.text)
    USART1_IRQHandler                        0x080001b7   Thumb Code     0  startup_stm32f407xx.o(.text)
    USART2_IRQHandler                        0x080001b7   Thumb Code     0  startup_stm32f407xx.o(.text)
    USART6_IRQHandler                        0x080001b7   Thumb Code     0  startup_stm32f407xx.o(.text)
    WWDG_IRQHandler                          0x080001b7   Thumb Code     0  startup_stm32f407xx.o(.text)
    __aeabi_uldivmod                         0x080001c1   Thumb Code    98  uldiv.o(.text)
    __aeabi_memcpy                           0x08000223   Thumb Code    36  memcpya.o(.text)
    __aeabi_memcpy4                          0x08000223   Thumb Code     0  memcpya.o(.text)
    __aeabi_memcpy8                          0x08000223   Thumb Code     0  memcpya.o(.text)
    __aeabi_memset                           0x08000247   Thumb Code    14  memseta.o(.text)
    __aeabi_memset4                          0x08000247   Thumb Code     0  memseta.o(.text)
    __aeabi_memset8                          0x08000247   Thumb Code     0  memseta.o(.text)
    __aeabi_memclr                           0x08000255   Thumb Code     4  memseta.o(.text)
    __aeabi_memclr4                          0x08000255   Thumb Code     0  memseta.o(.text)
    __aeabi_memclr8                          0x08000255   Thumb Code     0  memseta.o(.text)
    _memset$wrapper                          0x08000259   Thumb Code    18  memseta.o(.text)
    memcmp                                   0x0800026b   Thumb Code    26  memcmp.o(.text)
    __aeabi_uidiv                            0x08000285   Thumb Code     0  uidiv.o(.text)
    __aeabi_uidivmod                         0x08000285   Thumb Code    44  uidiv.o(.text)
    __aeabi_llsl                             0x080002b1   Thumb Code    30  llshl.o(.text)
    _ll_shift_l                              0x080002b1   Thumb Code     0  llshl.o(.text)
    __aeabi_llsr                             0x080002cf   Thumb Code    32  llushr.o(.text)
    _ll_ushift_r                             0x080002cf   Thumb Code     0  llushr.o(.text)
    __scatterload                            0x080002f1   Thumb Code    28  init.o(.text)
    __scatterload_rt2                        0x080002f1   Thumb Code     0  init.o(.text)
    BusFault_Handler                         0x08000315   Thumb Code     2  stm32f4xx_it.o(i.BusFault_Handler)
    DebugMon_Handler                         0x08000317   Thumb Code     2  stm32f4xx_it.o(i.DebugMon_Handler)
    ETH_IRQHandler                           0x08000369   Thumb Code     6  stm32f4xx_it.o(i.ETH_IRQHandler)
    Error_Handler                            0x08000499   Thumb Code     2  main.o(i.Error_Handler)
    HAL_DMA_Abort_IT                         0x0800049b   Thumb Code    36  stm32f4xx_hal_dma.o(i.HAL_DMA_Abort_IT)
    HAL_Delay                                0x080004c1   Thumb Code    32  stm32f4xx_hal.o(i.HAL_Delay)
    HAL_ETH_ConfigMAC                        0x080004e5   Thumb Code   300  stm32f4xx_hal_eth.o(i.HAL_ETH_ConfigMAC)
    HAL_ETH_DMARxDescListInit                0x08000615   Thumb Code   116  stm32f4xx_hal_eth.o(i.HAL_ETH_DMARxDescListInit)
    HAL_ETH_DMATxDescListInit                0x08000689   Thumb Code   120  stm32f4xx_hal_eth.o(i.HAL_ETH_DMATxDescListInit)
    HAL_ETH_ErrorCallback                    0x08000701   Thumb Code     2  stm32f4xx_hal_eth.o(i.HAL_ETH_ErrorCallback)
    HAL_ETH_GetReceivedFrame                 0x08000703   Thumb Code   122  stm32f4xx_hal_eth.o(i.HAL_ETH_GetReceivedFrame)
    HAL_ETH_IRQHandler                       0x0800077d   Thumb Code   122  stm32f4xx_hal_eth.o(i.HAL_ETH_IRQHandler)
    HAL_ETH_Init                             0x080007f9   Thumb Code   450  stm32f4xx_hal_eth.o(i.HAL_ETH_Init)
    HAL_ETH_MspInit                          0x080009e5   Thumb Code   210  ethernetif.o(i.HAL_ETH_MspInit)
    HAL_ETH_ReadPHYRegister                  0x08000acd   Thumb Code   132  stm32f4xx_hal_eth.o(i.HAL_ETH_ReadPHYRegister)
    HAL_ETH_RxCpltCallback                   0x08000b51   Thumb Code     2  stm32f4xx_hal_eth.o(i.HAL_ETH_RxCpltCallback)
    HAL_ETH_Start                            0x08000b53   Thumb Code   132  stm32f4xx_hal_eth.o(i.HAL_ETH_Start)
    HAL_ETH_Stop                             0x08000bd7   Thumb Code   132  stm32f4xx_hal_eth.o(i.HAL_ETH_Stop)
    HAL_ETH_TransmitFrame                    0x08000c5b   Thumb Code   264  stm32f4xx_hal_eth.o(i.HAL_ETH_TransmitFrame)
    HAL_ETH_TxCpltCallback                   0x08000d63   Thumb Code     2  stm32f4xx_hal_eth.o(i.HAL_ETH_TxCpltCallback)
    HAL_ETH_WritePHYRegister                 0x08000d65   Thumb Code   120  stm32f4xx_hal_eth.o(i.HAL_ETH_WritePHYRegister)
    HAL_GPIO_Init                            0x08000ddd   Thumb Code   394  stm32f4xx_hal_gpio.o(i.HAL_GPIO_Init)
    HAL_GPIO_TogglePin                       0x08000f95   Thumb Code    14  stm32f4xx_hal_gpio.o(i.HAL_GPIO_TogglePin)
    HAL_GPIO_WritePin                        0x08000fa3   Thumb Code    10  stm32f4xx_hal_gpio.o(i.HAL_GPIO_WritePin)
    HAL_GetTick                              0x08000fad   Thumb Code     6  stm32f4xx_hal.o(i.HAL_GetTick)
    HAL_IncTick                              0x08000fb9   Thumb Code    12  stm32f4xx_hal.o(i.HAL_IncTick)
    HAL_Init                                 0x08000fc9   Thumb Code    48  stm32f4xx_hal.o(i.HAL_Init)
    HAL_InitTick                             0x08000ffd   Thumb Code    54  stm32f4xx_hal.o(i.HAL_InitTick)
    HAL_MspInit                              0x0800103d   Thumb Code    42  stm32f4xx_hal_msp.o(i.HAL_MspInit)
    HAL_NVIC_EnableIRQ                       0x0800106d   Thumb Code    26  stm32f4xx_hal_cortex.o(i.HAL_NVIC_EnableIRQ)
    HAL_NVIC_SetPriority                     0x08001089   Thumb Code    60  stm32f4xx_hal_cortex.o(i.HAL_NVIC_SetPriority)
    HAL_NVIC_SetPriorityGrouping             0x080010c9   Thumb Code    26  stm32f4xx_hal_cortex.o(i.HAL_NVIC_SetPriorityGrouping)
    HAL_RCC_ClockConfig                      0x080010ed   Thumb Code   288  stm32f4xx_hal_rcc.o(i.HAL_RCC_ClockConfig)
    HAL_RCC_GetHCLKFreq                      0x08001221   Thumb Code     6  stm32f4xx_hal_rcc.o(i.HAL_RCC_GetHCLKFreq)
    HAL_RCC_GetPCLK1Freq                     0x0800122d   Thumb Code    20  stm32f4xx_hal_rcc.o(i.HAL_RCC_GetPCLK1Freq)
    HAL_RCC_GetPCLK2Freq                     0x0800124d   Thumb Code    20  stm32f4xx_hal_rcc.o(i.HAL_RCC_GetPCLK2Freq)
    HAL_RCC_GetSysClockFreq                  0x0800126d   Thumb Code    88  stm32f4xx_hal_rcc.o(i.HAL_RCC_GetSysClockFreq)
    HAL_RCC_OscConfig                        0x080012cd   Thumb Code   834  stm32f4xx_hal_rcc.o(i.HAL_RCC_OscConfig)
    HAL_SYSTICK_Config                       0x08001629   Thumb Code    40  stm32f4xx_hal_cortex.o(i.HAL_SYSTICK_Config)
    HAL_UART_ErrorCallback                   0x08001651   Thumb Code     2  stm32f4xx_hal_uart.o(i.HAL_UART_ErrorCallback)
    HAL_UART_IRQHandler                      0x08001655   Thumb Code   270  stm32f4xx_hal_uart.o(i.HAL_UART_IRQHandler)
    HAL_UART_Init                            0x08001769   Thumb Code    98  stm32f4xx_hal_uart.o(i.HAL_UART_Init)
    HAL_UART_MspInit                         0x080017cd   Thumb Code   110  usart.o(i.HAL_UART_MspInit)
    HAL_UART_RxCpltCallback                  0x08001849   Thumb Code     2  stm32f4xx_hal_uart.o(i.HAL_UART_RxCpltCallback)
    HAL_UART_Transmit                        0x0800184b   Thumb Code   186  stm32f4xx_hal_uart.o(i.HAL_UART_Transmit)
    HAL_UART_TxCpltCallback                  0x08001905   Thumb Code     2  stm32f4xx_hal_uart.o(i.HAL_UART_TxCpltCallback)
    HardFault_Handler                        0x08001907   Thumb Code     2  stm32f4xx_it.o(i.HardFault_Handler)
    MX_GPIO_Init                             0x08001909   Thumb Code   180  gpio.o(i.MX_GPIO_Init)
    MX_LWIP_Init                             0x080019c9   Thumb Code   232  lwip.o(i.MX_LWIP_Init)
    MX_LWIP_Process                          0x08001ac5   Thumb Code    16  lwip.o(i.MX_LWIP_Process)
    MX_USART3_UART_Init                      0x08001ad9   Thumb Code    48  usart.o(i.MX_USART3_UART_Init)
    MemManage_Handler                        0x08001b11   Thumb Code     2  stm32f4xx_it.o(i.MemManage_Handler)
    NMI_Handler                              0x08001b13   Thumb Code     2  stm32f4xx_it.o(i.NMI_Handler)
    PendSV_Handler                           0x08001b15   Thumb Code     2  stm32f4xx_it.o(i.PendSV_Handler)
    SVC_Handler                              0x08001b17   Thumb Code     2  stm32f4xx_it.o(i.SVC_Handler)
    SysTick_Handler                          0x08001b19   Thumb Code     4  stm32f4xx_it.o(i.SysTick_Handler)
    SystemClock_Config                       0x08001b1d   Thumb Code   122  main.o(i.SystemClock_Config)
    SystemInit                               0x08001ba1   Thumb Code    22  system_stm32f4xx.o(i.SystemInit)
    USART3_IRQHandler                        0x08001e71   Thumb Code     6  stm32f4xx_it.o(i.USART3_IRQHandler)
    UsageFault_Handler                       0x08001e7d   Thumb Code     2  stm32f4xx_it.o(i.UsageFault_Handler)
    __0printf$3                              0x08001e81   Thumb Code    22  printf3.o(i.__0printf$3)
    __1printf$3                              0x08001e81   Thumb Code     0  printf3.o(i.__0printf$3)
    __2printf                                0x08001e81   Thumb Code     0  printf3.o(i.__0printf$3)
    __scatterload_copy                       0x08001ec1   Thumb Code    14  handlers.o(i.__scatterload_copy)
    __scatterload_null                       0x08001ecf   Thumb Code     2  handlers.o(i.__scatterload_null)
    __scatterload_zeroinit                   0x08001ed1   Thumb Code    14  handlers.o(i.__scatterload_zeroinit)
    etharp_cleanup_netif                     0x080021f5   Thumb Code    42  etharp.o(i.etharp_cleanup_netif)
    etharp_input                             0x080024a1   Thumb Code   148  etharp.o(i.etharp_input)
    etharp_output                            0x080025a5   Thumb Code   274  etharp.o(i.etharp_output)
    etharp_query                             0x08002861   Thumb Code   300  etharp.o(i.etharp_query)
    etharp_request                           0x08002ba9   Thumb Code     6  etharp.o(i.etharp_request)
    etharp_tmr                               0x08002bd5   Thumb Code    92  etharp.o(i.etharp_tmr)
    ethernet_input                           0x08002d51   Thumb Code   154  ethernet.o(i.ethernet_input)
    ethernet_output                          0x08002df1   Thumb Code    98  ethernet.o(i.ethernet_output)
    ethernetif_init                          0x08002ee9   Thumb Code    50  ethernetif.o(i.ethernetif_init)
    ethernetif_input                         0x08002f71   Thumb Code    34  ethernetif.o(i.ethernetif_input)
    ethernetif_notify_conn_changed           0x08002f93   Thumb Code     2  ethernetif.o(i.ethernetif_notify_conn_changed)
    ethernetif_update_config                 0x08002f95   Thumb Code   170  ethernetif.o(i.ethernetif_update_config)
    fputc                                    0x08003045   Thumb Code    20  main.o(i.fputc)
    icmp_dest_unreach                        0x0800305d   Thumb Code     8  icmp.o(i.icmp_dest_unreach)
    icmp_input                               0x08003065   Thumb Code   274  icmp.o(i.icmp_input)
    icmp_time_exceeded                       0x08003355   Thumb Code     8  icmp.o(i.icmp_time_exceeded)
    ip4_addr_isbroadcast_u32                 0x0800335d   Thumb Code    46  ip4_addr.o(i.ip4_addr_isbroadcast_u32)
    ip4_frag                                 0x0800338d   Thumb Code   390  ip4_frag.o(i.ip4_frag)
    ip4_input                                0x080035e1   Thumb Code   396  ip4.o(i.ip4_input)
    ip4_output_if                            0x08003775   Thumb Code    30  ip4.o(i.ip4_output_if)
    ip4_output_if_src                        0x08003795   Thumb Code   204  ip4.o(i.ip4_output_if_src)
    ip4_reass                                0x08003901   Thumb Code   430  ip4_frag.o(i.ip4_reass)
    ip4_route                                0x08003ab5   Thumb Code    82  ip4.o(i.ip4_route)
    ip_reass_tmr                             0x080040cd   Thumb Code    40  ip4_frag.o(i.ip_reass_tmr)
    lwip_htonl                               0x080043e5   Thumb Code     4  def.o(i.lwip_htonl)
    lwip_htons                               0x080043e9   Thumb Code     4  def.o(i.lwip_htons)
    lwip_init                                0x080043ed   Thumb Code    26  init.o(i.lwip_init)
    main                                     0x08004409   Thumb Code    68  main.o(i.main)
    mem_free                                 0x08004461   Thumb Code   110  mem.o(i.mem_free)
    mem_init                                 0x0800457d   Thumb Code    42  mem.o(i.mem_init)
    mem_malloc                               0x080045b1   Thumb Code   256  mem.o(i.mem_malloc)
    mem_trim                                 0x080047ad   Thumb Code   240  mem.o(i.mem_trim)
    memp_free                                0x08004931   Thumb Code    34  memp.o(i.memp_free)
    memp_init                                0x080049cd   Thumb Code    26  memp.o(i.memp_init)
    memp_init_pool                           0x080049ed   Thumb Code    42  memp.o(i.memp_init_pool)
    memp_malloc                              0x08004a19   Thumb Code    38  memp.o(i.memp_malloc)
    netif_add                                0x08004abd   Thumb Code   106  netif.o(i.netif_add)
    netif_init                               0x08004ba1   Thumb Code     2  netif.o(i.netif_init)
    netif_set_addr                           0x08004bbd   Thumb Code    72  netif.o(i.netif_set_addr)
    netif_set_default                        0x08004c05   Thumb Code     6  netif.o(i.netif_set_default)
    netif_set_down                           0x08004c11   Thumb Code    46  netif.o(i.netif_set_down)
    netif_set_gw                             0x08004c3f   Thumb Code     8  netif.o(i.netif_set_gw)
    netif_set_ipaddr                         0x08004c49   Thumb Code    62  netif.o(i.netif_set_ipaddr)
    netif_set_link_callback                  0x08004c8d   Thumb Code     8  netif.o(i.netif_set_link_callback)
    netif_set_netmask                        0x08004c95   Thumb Code     8  netif.o(i.netif_set_netmask)
    netif_set_up                             0x08004c9d   Thumb Code    50  netif.o(i.netif_set_up)
    pbuf_alloc                               0x08004cd1   Thumb Code   464  pbuf.o(i.pbuf_alloc)
    pbuf_alloced_custom                      0x08005039   Thumb Code    98  pbuf.o(i.pbuf_alloced_custom)
    pbuf_cat                                 0x08005119   Thumb Code    96  pbuf.o(i.pbuf_cat)
    pbuf_clen                                0x08005249   Thumb Code    18  pbuf.o(i.pbuf_clen)
    pbuf_copy                                0x0800525d   Thumb Code   242  pbuf.o(i.pbuf_copy)
    pbuf_copy_partial                        0x08005449   Thumb Code   126  pbuf.o(i.pbuf_copy_partial)
    pbuf_free                                0x08005565   Thumb Code   172  pbuf.o(i.pbuf_free)
    pbuf_header                              0x080056c9   Thumb Code     6  pbuf.o(i.pbuf_header)
    pbuf_header_force                        0x080056cf   Thumb Code     6  pbuf.o(i.pbuf_header_force)
    pbuf_realloc                             0x080057f9   Thumb Code   196  pbuf.o(i.pbuf_realloc)
    pbuf_ref                                 0x08005991   Thumb Code    32  pbuf.o(i.pbuf_ref)
    sys_check_timeouts                       0x08005b99   Thumb Code    68  timeouts.o(i.sys_check_timeouts)
    sys_now                                  0x08005be1   Thumb Code     4  ethernetif.o(i.sys_now)
    sys_timeout                              0x08005be5   Thumb Code   158  timeouts.o(i.sys_timeout)
    sys_timeouts_init                        0x08005d25   Thumb Code    38  timeouts.o(i.sys_timeouts_init)
    tcp_abandon                              0x08005d59   Thumb Code   218  tcp.o(i.tcp_abandon)
    tcp_abort                                0x08005ec5   Thumb Code     6  tcp.o(i.tcp_abort)
    tcp_alloc                                0x08005ecd   Thumb Code   238  tcp.o(i.tcp_alloc)
    tcp_close                                0x08005fc9   Thumb Code    20  tcp.o(i.tcp_close)
    tcp_eff_send_mss_impl                    0x08006349   Thumb Code    34  tcp.o(i.tcp_eff_send_mss_impl)
    tcp_enqueue_flags                        0x0800636d   Thumb Code   260  tcp_out.o(i.tcp_enqueue_flags)
    tcp_fasttmr                              0x08006579   Thumb Code   102  tcp.o(i.tcp_fasttmr)
    tcp_init                                 0x08006615   Thumb Code     2  tcp.o(i.tcp_init)
    tcp_input                                0x08006619   Thumb Code  1488  tcp_in.o(i.tcp_input)
    tcp_keepalive                            0x08006c29   Thumb Code    82  tcp_out.o(i.tcp_keepalive)
    tcp_netif_ip_addr_changed                0x08006ef9   Thumb Code    72  tcp.o(i.tcp_netif_ip_addr_changed)
    tcp_next_iss                             0x08006f69   Thumb Code    12  tcp.o(i.tcp_next_iss)
    tcp_output                               0x08006f79   Thumb Code   554  tcp_out.o(i.tcp_output)
    tcp_pcb_purge                            0x0800746d   Thumb Code    58  tcp.o(i.tcp_pcb_purge)
    tcp_pcb_remove                           0x080074a9   Thumb Code   122  tcp.o(i.tcp_pcb_remove)
    tcp_process_refused_data                 0x08007a35   Thumb Code   104  tcp.o(i.tcp_process_refused_data)
    tcp_recv_null                            0x0800810d   Thumb Code    36  tcp.o(i.tcp_recv_null)
    tcp_recved                               0x08008131   Thumb Code   106  tcp.o(i.tcp_recved)
    tcp_rexmit                               0x08008241   Thumb Code    86  tcp_out.o(i.tcp_rexmit)
    tcp_rexmit_fast                          0x08008297   Thumb Code    88  tcp_out.o(i.tcp_rexmit_fast)
    tcp_rexmit_rto                           0x080082ef   Thumb Code    50  tcp_out.o(i.tcp_rexmit_rto)
    tcp_rst                                  0x08008321   Thumb Code   148  tcp_out.o(i.tcp_rst)
    tcp_seg_free                             0x08008441   Thumb Code    28  tcp.o(i.tcp_seg_free)
    tcp_segs_free                            0x0800845d   Thumb Code    18  tcp.o(i.tcp_segs_free)
    tcp_send_empty_ack                       0x0800846f   Thumb Code   114  tcp_out.o(i.tcp_send_empty_ack)
    tcp_send_fin                             0x080084e1   Thumb Code    68  tcp_out.o(i.tcp_send_fin)
    tcp_slowtmr                              0x08008525   Thumb Code   752  tcp.o(i.tcp_slowtmr)
    tcp_timer_needed                         0x080089dd   Thumb Code    36  timeouts.o(i.tcp_timer_needed)
    tcp_tmr                                  0x08008a79   Thumb Code    28  tcp.o(i.tcp_tmr)
    tcp_trigger_input_pcb_close              0x08008a99   Thumb Code    12  tcp_in.o(i.tcp_trigger_input_pcb_close)
    tcp_update_rcv_ann_wnd                   0x08008aa9   Thumb Code    76  tcp.o(i.tcp_update_rcv_ann_wnd)
    tcp_zero_window_probe                    0x08008b69   Thumb Code   180  tcp_out.o(i.tcp_zero_window_probe)
    AHBPrescTable                            0x08008c54   Data          16  system_stm32f4xx.o(.constdata)
    APBPrescTable                            0x08008c64   Data           8  system_stm32f4xx.o(.constdata)
    ethbroadcast                             0x08008c6c   Data           6  ethernet.o(.constdata)
    ethzero                                  0x08008c72   Data           6  ethernet.o(.constdata)
    memp_TCP_PCB                             0x08008c78   Data          12  memp.o(.constdata)
    memp_TCP_PCB_LISTEN                      0x08008c84   Data          12  memp.o(.constdata)
    memp_TCP_SEG                             0x08008c90   Data          12  memp.o(.constdata)
    memp_REASSDATA                           0x08008c9c   Data          12  memp.o(.constdata)
    memp_FRAG_PBUF                           0x08008ca8   Data          12  memp.o(.constdata)
    memp_SYS_TIMEOUT                         0x08008cb4   Data          12  memp.o(.constdata)
    memp_PBUF                                0x08008cc0   Data          12  memp.o(.constdata)
    memp_PBUF_POOL                           0x08008ccc   Data          12  memp.o(.constdata)
    memp_pools                               0x08008cd8   Data          32  memp.o(.constdata)
    tcp_pcb_lists                            0x08008d3c   Data          16  tcp.o(.constdata)
    lwip_cyclic_timers                       0x08008d4c   Data          24  timeouts.o(.constdata)
    ip_addr_any                              0x08008d64   Data           4  ip4_addr.o(.constdata)
    Region$$Table$$Base                      0x08008e7c   Number         0  anon$$obj.o(Region$$Table)
    Region$$Table$$Limit                     0x08008e9c   Number         0  anon$$obj.o(Region$$Table)
    ipaddr                                   0x20000000   Data           4  lwip.o(.data)
    netmask                                  0x20000004   Data           4  lwip.o(.data)
    gw                                       0x20000008   Data           4  lwip.o(.data)
    IP_ADDRESS                               0x2000000c   Data           4  lwip.o(.data)
    NETMASK_ADDRESS                          0x20000010   Data           4  lwip.o(.data)
    GATEWAY_ADDRESS                          0x20000014   Data           4  lwip.o(.data)
    uwTickFreq                               0x20000018   Data           1  stm32f4xx_hal.o(.data)
    uwTickPrio                               0x2000001c   Data           4  stm32f4xx_hal.o(.data)
    uwTick                                   0x20000020   Data           4  stm32f4xx_hal.o(.data)
    SystemCoreClock                          0x20000024   Data           4  system_stm32f4xx.o(.data)
    netif_list                               0x20000058   Data           4  netif.o(.data)
    netif_default                            0x2000005c   Data           4  netif.o(.data)
    tcp_active_pcbs_changed                  0x20000060   Data           1  tcp.o(.data)
    tcp_ticks                                0x2000006c   Data           4  tcp.o(.data)
    tcp_bound_pcbs                           0x20000070   Data           4  tcp.o(.data)
    tcp_listen_pcbs                          0x20000074   Data           4  tcp.o(.data)
    tcp_active_pcbs                          0x20000078   Data           4  tcp.o(.data)
    tcp_tw_pcbs                              0x2000007c   Data           4  tcp.o(.data)
    tcp_input_pcb                            0x200000a0   Data           4  tcp_in.o(.data)
    __stdout                                 0x200000bc   Data           4  stdout.o(.data)
    gnetif                                   0x200000c0   Data          56  lwip.o(.bss)
    DMARxDscrTab                             0x200000f8   Data         128  ethernetif.o(.bss)
    DMATxDscrTab                             0x20000178   Data         128  ethernetif.o(.bss)
    Rx_Buff                                  0x200001f8   Data        6096  ethernetif.o(.bss)
    Tx_Buff                                  0x200019c8   Data        6096  ethernetif.o(.bss)
    heth                                     0x20003198   Data          72  ethernetif.o(.bss)
    huart3                                   0x200031e0   Data          64  usart.o(.bss)
    ip_data                                  0x20003220   Data          24  ip.o(.bss)
    ram_heap                                 0x20003238   Data        1619  mem.o(.bss)
    memp_memory_TCP_PCB_base                 0x2000388b   Data         743  memp.o(.bss)
    memp_memory_TCP_PCB_LISTEN_base          0x20003b72   Data         227  memp.o(.bss)
    memp_memory_TCP_SEG_base                 0x20003c55   Data         259  memp.o(.bss)
    memp_memory_REASSDATA_base               0x20003d58   Data         163  memp.o(.bss)
    memp_memory_FRAG_PBUF_base               0x20003dfb   Data         363  memp.o(.bss)
    memp_memory_SYS_TIMEOUT_base             0x20003f66   Data          51  memp.o(.bss)
    memp_memory_PBUF_base                    0x20003f99   Data         259  memp.o(.bss)
    memp_memory_PBUF_POOL_base               0x2000409c   Data        9731  memp.o(.bss)
    __initial_sp                             0x20006ba0   Data           0  startup_stm32f407xx.o(STACK)



==============================================================================

Memory Map of the image

  Image Entry point : 0x08000189

  Load Region LR_IROM1 (Base: 0x08000000, Size: 0x00008f5c, Max: 0x00100000, ABSOLUTE)

    Execution Region ER_IROM1 (Base: 0x08000000, Size: 0x00008e9c, Max: 0x00100000, ABSOLUTE)

    Base Addr    Size         Type   Attr      Idx    E Section Name        Object

    0x08000000   0x00000188   Data   RO            3    RESET               startup_stm32f407xx.o
    0x08000188   0x00000000   Code   RO         5211  * .ARM.Collect$$$$00000000  mc_w.l(entry.o)
    0x08000188   0x00000004   Code   RO         5489    .ARM.Collect$$$$00000001  mc_w.l(entry2.o)
    0x0800018c   0x00000004   Code   RO         5492    .ARM.Collect$$$$00000004  mc_w.l(entry5.o)
    0x08000190   0x00000000   Code   RO         5494    .ARM.Collect$$$$00000008  mc_w.l(entry7b.o)
    0x08000190   0x00000000   Code   RO         5496    .ARM.Collect$$$$0000000A  mc_w.l(entry8b.o)
    0x08000190   0x00000008   Code   RO         5497    .ARM.Collect$$$$0000000B  mc_w.l(entry9a.o)
    0x08000198   0x00000000   Code   RO         5499    .ARM.Collect$$$$0000000D  mc_w.l(entry10a.o)
    0x08000198   0x00000000   Code   RO         5501    .ARM.Collect$$$$0000000F  mc_w.l(entry11a.o)
    0x08000198   0x00000004   Code   RO         5490    .ARM.Collect$$$$00002712  mc_w.l(entry2.o)
    0x0800019c   0x00000024   Code   RO            4    .text               startup_stm32f407xx.o
    0x080001c0   0x00000062   Code   RO         5214    .text               mc_w.l(uldiv.o)
    0x08000222   0x00000024   Code   RO         5216    .text               mc_w.l(memcpya.o)
    0x08000246   0x00000024   Code   RO         5218    .text               mc_w.l(memseta.o)
    0x0800026a   0x0000001a   Code   RO         5222    .text               mc_w.l(memcmp.o)
    0x08000284   0x0000002c   Code   RO         5504    .text               mc_w.l(uidiv.o)
    0x080002b0   0x0000001e   Code   RO         5506    .text               mc_w.l(llshl.o)
    0x080002ce   0x00000020   Code   RO         5508    .text               mc_w.l(llushr.o)
    0x080002ee   0x00000002   PAD
    0x080002f0   0x00000024   Code   RO         5521    .text               mc_w.l(init.o)
    0x08000314   0x00000002   Code   RO          496    i.BusFault_Handler  stm32f4xx_it.o
    0x08000316   0x00000002   Code   RO          497    i.DebugMon_Handler  stm32f4xx_it.o
    0x08000318   0x00000020   Code   RO          611    i.ETH_Delay         stm32f4xx_hal_eth.o
    0x08000338   0x0000002e   Code   RO          612    i.ETH_FlushTransmitFIFO  stm32f4xx_hal_eth.o
    0x08000366   0x00000002   PAD
    0x08000368   0x0000000c   Code   RO          498    i.ETH_IRQHandler    stm32f4xx_it.o
    0x08000374   0x00000124   Code   RO          613    i.ETH_MACDMAConfig  stm32f4xx_hal_eth.o
    0x08000498   0x00000002   Code   RO           13    i.Error_Handler     main.o
    0x0800049a   0x00000024   Code   RO         1589    i.HAL_DMA_Abort_IT  stm32f4xx_hal_dma.o
    0x080004be   0x00000002   PAD
    0x080004c0   0x00000024   Code   RO         2007    i.HAL_Delay         stm32f4xx_hal.o
    0x080004e4   0x00000130   Code   RO          615    i.HAL_ETH_ConfigMAC  stm32f4xx_hal_eth.o
    0x08000614   0x00000074   Code   RO          616    i.HAL_ETH_DMARxDescListInit  stm32f4xx_hal_eth.o
    0x08000688   0x00000078   Code   RO          617    i.HAL_ETH_DMATxDescListInit  stm32f4xx_hal_eth.o
    0x08000700   0x00000002   Code   RO          619    i.HAL_ETH_ErrorCallback  stm32f4xx_hal_eth.o
    0x08000702   0x0000007a   Code   RO          620    i.HAL_ETH_GetReceivedFrame  stm32f4xx_hal_eth.o
    0x0800077c   0x0000007a   Code   RO          623    i.HAL_ETH_IRQHandler  stm32f4xx_hal_eth.o
    0x080007f6   0x00000002   PAD
    0x080007f8   0x000001ec   Code   RO          624    i.HAL_ETH_Init      stm32f4xx_hal_eth.o
    0x080009e4   0x000000e8   Code   RO          351    i.HAL_ETH_MspInit   ethernetif.o
    0x08000acc   0x00000084   Code   RO          627    i.HAL_ETH_ReadPHYRegister  stm32f4xx_hal_eth.o
    0x08000b50   0x00000002   Code   RO          628    i.HAL_ETH_RxCpltCallback  stm32f4xx_hal_eth.o
    0x08000b52   0x00000084   Code   RO          629    i.HAL_ETH_Start     stm32f4xx_hal_eth.o
    0x08000bd6   0x00000084   Code   RO          630    i.HAL_ETH_Stop      stm32f4xx_hal_eth.o
    0x08000c5a   0x00000108   Code   RO          631    i.HAL_ETH_TransmitFrame  stm32f4xx_hal_eth.o
    0x08000d62   0x00000002   Code   RO          632    i.HAL_ETH_TxCpltCallback  stm32f4xx_hal_eth.o
    0x08000d64   0x00000078   Code   RO          633    i.HAL_ETH_WritePHYRegister  stm32f4xx_hal_eth.o
    0x08000ddc   0x000001b8   Code   RO         1481    i.HAL_GPIO_Init     stm32f4xx_hal_gpio.o
    0x08000f94   0x0000000e   Code   RO         1484    i.HAL_GPIO_TogglePin  stm32f4xx_hal_gpio.o
    0x08000fa2   0x0000000a   Code   RO         1485    i.HAL_GPIO_WritePin  stm32f4xx_hal_gpio.o
    0x08000fac   0x0000000c   Code   RO         2013    i.HAL_GetTick       stm32f4xx_hal.o
    0x08000fb8   0x00000010   Code   RO         2019    i.HAL_IncTick       stm32f4xx_hal.o
    0x08000fc8   0x00000034   Code   RO         2020    i.HAL_Init          stm32f4xx_hal.o
    0x08000ffc   0x00000040   Code   RO         2021    i.HAL_InitTick      stm32f4xx_hal.o
    0x0800103c   0x00000030   Code   RO          584    i.HAL_MspInit       stm32f4xx_hal_msp.o
    0x0800106c   0x0000001a   Code   RO         1870    i.HAL_NVIC_EnableIRQ  stm32f4xx_hal_cortex.o
    0x08001086   0x00000002   PAD
    0x08001088   0x00000040   Code   RO         1876    i.HAL_NVIC_SetPriority  stm32f4xx_hal_cortex.o
    0x080010c8   0x00000024   Code   RO         1877    i.HAL_NVIC_SetPriorityGrouping  stm32f4xx_hal_cortex.o
    0x080010ec   0x00000134   Code   RO         1127    i.HAL_RCC_ClockConfig  stm32f4xx_hal_rcc.o
    0x08001220   0x0000000c   Code   RO         1132    i.HAL_RCC_GetHCLKFreq  stm32f4xx_hal_rcc.o
    0x0800122c   0x00000020   Code   RO         1134    i.HAL_RCC_GetPCLK1Freq  stm32f4xx_hal_rcc.o
    0x0800124c   0x00000020   Code   RO         1135    i.HAL_RCC_GetPCLK2Freq  stm32f4xx_hal_rcc.o
    0x0800126c   0x00000060   Code   RO         1136    i.HAL_RCC_GetSysClockFreq  stm32f4xx_hal_rcc.o
    0x080012cc   0x0000035c   Code   RO         1139    i.HAL_RCC_OscConfig  stm32f4xx_hal_rcc.o
    0x08001628   0x00000028   Code   RO         1881    i.HAL_SYSTICK_Config  stm32f4xx_hal_cortex.o
    0x08001650   0x00000002   Code   RO          821    i.HAL_UART_ErrorCallback  stm32f4xx_hal_uart.o
    0x08001652   0x00000002   PAD
    0x08001654   0x00000114   Code   RO          824    i.HAL_UART_IRQHandler  stm32f4xx_hal_uart.o
    0x08001768   0x00000062   Code   RO          825    i.HAL_UART_Init     stm32f4xx_hal_uart.o
    0x080017ca   0x00000002   PAD
    0x080017cc   0x0000007c   Code   RO          455    i.HAL_UART_MspInit  usart.o
    0x08001848   0x00000002   Code   RO          831    i.HAL_UART_RxCpltCallback  stm32f4xx_hal_uart.o
    0x0800184a   0x000000ba   Code   RO          833    i.HAL_UART_Transmit  stm32f4xx_hal_uart.o
    0x08001904   0x00000002   Code   RO          836    i.HAL_UART_TxCpltCallback  stm32f4xx_hal_uart.o
    0x08001906   0x00000002   Code   RO          499    i.HardFault_Handler  stm32f4xx_it.o
    0x08001908   0x000000c0   Code   RO          262    i.MX_GPIO_Init      gpio.o
    0x080019c8   0x000000fc   Code   RO          286    i.MX_LWIP_Init      lwip.o
    0x08001ac4   0x00000014   Code   RO          287    i.MX_LWIP_Process   lwip.o
    0x08001ad8   0x00000038   Code   RO          456    i.MX_USART3_UART_Init  usart.o
    0x08001b10   0x00000002   Code   RO          500    i.MemManage_Handler  stm32f4xx_it.o
    0x08001b12   0x00000002   Code   RO          501    i.NMI_Handler       stm32f4xx_it.o
    0x08001b14   0x00000002   Code   RO          502    i.PendSV_Handler    stm32f4xx_it.o
    0x08001b16   0x00000002   Code   RO          503    i.SVC_Handler       stm32f4xx_it.o
    0x08001b18   0x00000004   Code   RO          504    i.SysTick_Handler   stm32f4xx_it.o
    0x08001b1c   0x00000084   Code   RO           14    i.SystemClock_Config  main.o
    0x08001ba0   0x0000001c   Code   RO         2259    i.SystemInit        system_stm32f4xx.o
    0x08001bbc   0x00000010   Code   RO          838    i.UART_DMAAbortOnError  stm32f4xx_hal_uart.o
    0x08001bcc   0x0000001c   Code   RO          848    i.UART_EndRxTransfer  stm32f4xx_hal_uart.o
    0x08001be8   0x00000096   Code   RO          850    i.UART_Receive_IT   stm32f4xx_hal_uart.o
    0x08001c7e   0x00000002   PAD
    0x08001c80   0x00000128   Code   RO          851    i.UART_SetConfig    stm32f4xx_hal_uart.o
    0x08001da8   0x00000062   Code   RO          852    i.UART_Transmit_IT  stm32f4xx_hal_uart.o
    0x08001e0a   0x00000064   Code   RO          853    i.UART_WaitOnFlagUntilTimeout  stm32f4xx_hal_uart.o
    0x08001e6e   0x00000002   PAD
    0x08001e70   0x0000000c   Code   RO          505    i.USART3_IRQHandler  stm32f4xx_it.o
    0x08001e7c   0x00000002   Code   RO          506    i.UsageFault_Handler  stm32f4xx_it.o
    0x08001e7e   0x00000002   PAD
    0x08001e80   0x00000020   Code   RO         5317    i.__0printf$3       mc_w.l(printf3.o)
    0x08001ea0   0x00000020   Code   RO         1883    i.__NVIC_SetPriority  stm32f4xx_hal_cortex.o
    0x08001ec0   0x0000000e   Code   RO         5529    i.__scatterload_copy  mc_w.l(handlers.o)
    0x08001ece   0x00000002   Code   RO         5530    i.__scatterload_null  mc_w.l(handlers.o)
    0x08001ed0   0x0000000e   Code   RO         5531    i.__scatterload_zeroinit  mc_w.l(handlers.o)
    0x08001ede   0x00000002   PAD
    0x08001ee0   0x000001b8   Code   RO         5324    i._printf_core      mc_w.l(printf3.o)
    0x08002098   0x0000001c   Code   RO         4343    i.cyclic_timer      timeouts.o
    0x080020b4   0x0000009c   Code   RO         3381    i.do_memp_free_pool  memp.o
    0x08002150   0x000000a4   Code   RO         3382    i.do_memp_malloc_pool  memp.o
    0x080021f4   0x00000030   Code   RO         4477    i.etharp_cleanup_netif  etharp.o
    0x08002224   0x00000258   Code   RO         4479    i.etharp_find_entry  etharp.o
    0x0800247c   0x00000024   Code   RO         4480    i.etharp_free_entry  etharp.o
    0x080024a0   0x00000104   Code   RO         4482    i.etharp_input      etharp.o
    0x080025a4   0x000001ac   Code   RO         4483    i.etharp_output     etharp.o
    0x08002750   0x00000110   Code   RO         4484    i.etharp_output_to_arp_index  etharp.o
    0x08002860   0x000001d8   Code   RO         4485    i.etharp_query      etharp.o
    0x08002a38   0x00000170   Code   RO         4486    i.etharp_raw        etharp.o
    0x08002ba8   0x0000000c   Code   RO         4487    i.etharp_request    etharp.o
    0x08002bb4   0x00000020   Code   RO         4488    i.etharp_request_dst  etharp.o
    0x08002bd4   0x00000060   Code   RO         4489    i.etharp_tmr        etharp.o
    0x08002c34   0x0000011c   Code   RO         4490    i.etharp_update_arp_entry  etharp.o
    0x08002d50   0x000000a0   Code   RO         2734    i.ethernet_input    ethernet.o
    0x08002df0   0x000000f8   Code   RO         2735    i.ethernet_output   ethernet.o
    0x08002ee8   0x00000088   Code   RO          352    i.ethernetif_init   ethernetif.o
    0x08002f70   0x00000022   Code   RO          353    i.ethernetif_input  ethernetif.o
    0x08002f92   0x00000002   Code   RO          354    i.ethernetif_notify_conn_changed  ethernetif.o
    0x08002f94   0x000000b0   Code   RO          356    i.ethernetif_update_config  ethernetif.o
    0x08003044   0x00000018   Code   RO           15    i.fputc             main.o
    0x0800305c   0x00000008   Code   RO         4577    i.icmp_dest_unreach  icmp.o
    0x08003064   0x000001e4   Code   RO         4578    i.icmp_input        icmp.o
    0x08003248   0x0000010c   Code   RO         4579    i.icmp_send_response  icmp.o
    0x08003354   0x00000008   Code   RO         4580    i.icmp_time_exceeded  icmp.o
    0x0800335c   0x0000002e   Code   RO         4696    i.ip4_addr_isbroadcast_u32  ip4_addr.o
    0x0800338a   0x00000002   PAD
    0x0800338c   0x00000254   Code   RO         4762    i.ip4_frag          ip4_frag.o
    0x080035e0   0x00000194   Code   RO         4643    i.ip4_input         ip4.o
    0x08003774   0x0000001e   Code   RO         4645    i.ip4_output_if     ip4.o
    0x08003792   0x00000002   PAD
    0x08003794   0x0000016c   Code   RO         4646    i.ip4_output_if_src  ip4.o
    0x08003900   0x000001b4   Code   RO         4763    i.ip4_reass         ip4_frag.o
    0x08003ab4   0x0000005c   Code   RO         4647    i.ip4_route         ip4.o
    0x08003b10   0x00000090   Code   RO         4764    i.ip_frag_free_pbuf_custom_ref  ip4_frag.o
    0x08003ba0   0x00000260   Code   RO         4765    i.ip_reass_chain_frag_into_datagram_and_validate  ip4_frag.o
    0x08003e00   0x000000bc   Code   RO         4766    i.ip_reass_dequeue_datagram  ip4_frag.o
    0x08003ebc   0x00000190   Code   RO         4767    i.ip_reass_free_complete_datagram  ip4_frag.o
    0x0800404c   0x00000080   Code   RO         4768    i.ip_reass_remove_oldest_datagram  ip4_frag.o
    0x080040cc   0x0000002c   Code   RO         4769    i.ip_reass_tmr      ip4_frag.o
    0x080040f8   0x00000098   Code   RO         4770    i.ipfrag_free_pbuf_custom  ip4_frag.o
    0x08004190   0x000000f0   Code   RO          357    i.low_level_init    ethernetif.o
    0x08004280   0x000000bc   Code   RO          358    i.low_level_input   ethernetif.o
    0x0800433c   0x000000a8   Code   RO          359    i.low_level_output  ethernetif.o
    0x080043e4   0x00000004   Code   RO         3057    i.lwip_htonl        def.o
    0x080043e8   0x00000004   Code   RO         3058    i.lwip_htons        def.o
    0x080043ec   0x0000001a   Code   RO         3210    i.lwip_init         init.o
    0x08004406   0x00000002   PAD
    0x08004408   0x00000058   Code   RO           16    i.main              main.o
    0x08004460   0x0000011c   Code   RO         3315    i.mem_free          mem.o
    0x0800457c   0x00000034   Code   RO         3316    i.mem_init          mem.o
    0x080045b0   0x000001fc   Code   RO         3317    i.mem_malloc        mem.o
    0x080047ac   0x00000184   Code   RO         3318    i.mem_trim          mem.o
    0x08004930   0x0000009c   Code   RO         3383    i.memp_free         memp.o
    0x080049cc   0x00000020   Code   RO         3385    i.memp_init         memp.o
    0x080049ec   0x0000002a   Code   RO         3386    i.memp_init_pool    memp.o
    0x08004a16   0x00000002   PAD
    0x08004a18   0x000000a4   Code   RO         3387    i.memp_malloc       memp.o
    0x08004abc   0x000000e4   Code   RO         3523    i.netif_add         netif.o
    0x08004ba0   0x00000002   Code   RO         3525    i.netif_init        netif.o
    0x08004ba2   0x0000001a   Code   RO         3527    i.netif_issue_reports  netif.o
    0x08004bbc   0x00000048   Code   RO         3529    i.netif_set_addr    netif.o
    0x08004c04   0x0000000c   Code   RO         3530    i.netif_set_default  netif.o
    0x08004c10   0x0000002e   Code   RO         3531    i.netif_set_down    netif.o
    0x08004c3e   0x00000008   Code   RO         3532    i.netif_set_gw      netif.o
    0x08004c46   0x00000002   PAD
    0x08004c48   0x00000044   Code   RO         3533    i.netif_set_ipaddr  netif.o
    0x08004c8c   0x00000008   Code   RO         3534    i.netif_set_link_callback  netif.o
    0x08004c94   0x00000008   Code   RO         3537    i.netif_set_netmask  netif.o
    0x08004c9c   0x00000032   Code   RO         3539    i.netif_set_up      netif.o
    0x08004cce   0x00000002   PAD
    0x08004cd0   0x00000368   Code   RO         3657    i.pbuf_alloc        pbuf.o
    0x08005038   0x000000e0   Code   RO         3658    i.pbuf_alloced_custom  pbuf.o
    0x08005118   0x00000130   Code   RO         3659    i.pbuf_cat          pbuf.o
    0x08005248   0x00000012   Code   RO         3661    i.pbuf_clen         pbuf.o
    0x0800525a   0x00000002   PAD
    0x0800525c   0x000001ec   Code   RO         3663    i.pbuf_copy         pbuf.o
    0x08005448   0x0000011c   Code   RO         3664    i.pbuf_copy_partial  pbuf.o
    0x08005564   0x00000164   Code   RO         3666    i.pbuf_free         pbuf.o
    0x080056c8   0x00000006   Code   RO         3668    i.pbuf_header       pbuf.o
    0x080056ce   0x00000006   Code   RO         3669    i.pbuf_header_force  pbuf.o
    0x080056d4   0x00000124   Code   RO         3670    i.pbuf_header_impl  pbuf.o
    0x080057f8   0x00000198   Code   RO         3674    i.pbuf_realloc      pbuf.o
    0x08005990   0x0000008c   Code   RO         3675    i.pbuf_ref          pbuf.o
    0x08005a1c   0x0000017c   Code   RO         3319    i.plug_holes        mem.o
    0x08005b98   0x00000048   Code   RO         4344    i.sys_check_timeouts  timeouts.o
    0x08005be0   0x00000004   Code   RO          361    i.sys_now           ethernetif.o
    0x08005be4   0x00000140   Code   RO         4346    i.sys_timeout       timeouts.o
    0x08005d24   0x00000034   Code   RO         4347    i.sys_timeouts_init  timeouts.o
    0x08005d58   0x0000016c   Code   RO         3878    i.tcp_abandon       tcp.o
    0x08005ec4   0x00000006   Code   RO         3879    i.tcp_abort         tcp.o
    0x08005eca   0x00000002   PAD
    0x08005ecc   0x000000fc   Code   RO         3882    i.tcp_alloc         tcp.o
    0x08005fc8   0x00000014   Code   RO         3885    i.tcp_close         tcp.o
    0x08005fdc   0x00000188   Code   RO         3886    i.tcp_close_shutdown  tcp.o
    0x08006164   0x000000c4   Code   RO         3887    i.tcp_close_shutdown_fin  tcp.o
    0x08006228   0x00000120   Code   RO         4226    i.tcp_create_segment  tcp_out.o
    0x08006348   0x00000022   Code   RO         3890    i.tcp_eff_send_mss_impl  tcp.o
    0x0800636a   0x00000002   PAD
    0x0800636c   0x0000020c   Code   RO         4227    i.tcp_enqueue_flags  tcp_out.o
    0x08006578   0x0000006c   Code   RO         3892    i.tcp_fasttmr       tcp.o
    0x080065e4   0x00000030   Code   RO         4147    i.tcp_getoptbyte    tcp_in.o
    0x08006614   0x00000002   Code   RO         3893    i.tcp_init          tcp.o
    0x08006616   0x00000002   PAD
    0x08006618   0x000005d0   Code   RO         4148    i.tcp_input         tcp_in.o
    0x08006be8   0x00000040   Code   RO         4149    i.tcp_input_delayed_close  tcp_in.o
    0x08006c28   0x00000052   Code   RO         4228    i.tcp_keepalive     tcp_out.o
    0x08006c7a   0x00000002   PAD
    0x08006c7c   0x000000bc   Code   RO         3894    i.tcp_kill_state    tcp.o
    0x08006d38   0x000000cc   Code   RO         3895    i.tcp_listen_closed  tcp.o
    0x08006e04   0x000000f4   Code   RO         4150    i.tcp_listen_input  tcp_in.o
    0x08006ef8   0x0000004c   Code   RO         3898    i.tcp_netif_ip_addr_changed  tcp.o
    0x08006f44   0x00000022   Code   RO         3899    i.tcp_netif_ip_addr_changed_pcblist  tcp.o
    0x08006f66   0x00000002   PAD
    0x08006f68   0x00000010   Code   RO         3903    i.tcp_next_iss      tcp.o
    0x08006f78   0x000002cc   Code   RO         4229    i.tcp_output        tcp_out.o
    0x08007244   0x0000010c   Code   RO         4230    i.tcp_output_alloc_header  tcp_out.o
    0x08007350   0x000000a8   Code   RO         4231    i.tcp_output_segment  tcp_out.o
    0x080073f8   0x00000074   Code   RO         4151    i.tcp_parseopt      tcp_in.o
    0x0800746c   0x0000003a   Code   RO         3904    i.tcp_pcb_purge     tcp.o
    0x080074a6   0x00000002   PAD
    0x080074a8   0x00000108   Code   RO         3905    i.tcp_pcb_remove    tcp.o
    0x080075b0   0x00000484   Code   RO         4152    i.tcp_process       tcp_in.o
    0x08007a34   0x00000068   Code   RO         3907    i.tcp_process_refused_data  tcp.o
    0x08007a9c   0x00000670   Code   RO         4153    i.tcp_receive       tcp_in.o
    0x0800810c   0x00000024   Code   RO         3909    i.tcp_recv_null     tcp.o
    0x08008130   0x00000110   Code   RO         3910    i.tcp_recved        tcp.o
    0x08008240   0x00000056   Code   RO         4233    i.tcp_rexmit        tcp_out.o
    0x08008296   0x00000058   Code   RO         4234    i.tcp_rexmit_fast   tcp_out.o
    0x080082ee   0x00000032   Code   RO         4235    i.tcp_rexmit_rto    tcp_out.o
    0x08008320   0x00000120   Code   RO         4236    i.tcp_rst           tcp_out.o
    0x08008440   0x0000001c   Code   RO         3911    i.tcp_seg_free      tcp.o
    0x0800845c   0x00000012   Code   RO         3912    i.tcp_segs_free     tcp.o
    0x0800846e   0x00000072   Code   RO         4237    i.tcp_send_empty_ack  tcp_out.o
    0x080084e0   0x00000044   Code   RO         4238    i.tcp_send_fin      tcp_out.o
    0x08008524   0x000004b8   Code   RO         3916    i.tcp_slowtmr       tcp.o
    0x080089dc   0x00000034   Code   RO         4350    i.tcp_timer_needed  timeouts.o
    0x08008a10   0x00000068   Code   RO         4154    i.tcp_timewait_input  tcp_in.o
    0x08008a78   0x00000020   Code   RO         3917    i.tcp_tmr           tcp.o
    0x08008a98   0x00000010   Code   RO         4155    i.tcp_trigger_input_pcb_close  tcp_in.o
    0x08008aa8   0x000000c0   Code   RO         3919    i.tcp_update_rcv_ann_wnd  tcp.o
    0x08008b68   0x000000b4   Code   RO         4241    i.tcp_zero_window_probe  tcp_out.o
    0x08008c1c   0x00000038   Code   RO         4351    i.tcpip_tcp_timer   timeouts.o
    0x08008c54   0x00000010   Data   RO         2260    .constdata          system_stm32f4xx.o
    0x08008c64   0x00000008   Data   RO         2261    .constdata          system_stm32f4xx.o
    0x08008c6c   0x00000006   Data   RO         2736    .constdata          ethernet.o
    0x08008c72   0x00000006   Data   RO         2737    .constdata          ethernet.o
    0x08008c78   0x0000000c   Data   RO         3397    .constdata          memp.o
    0x08008c84   0x0000000c   Data   RO         3398    .constdata          memp.o
    0x08008c90   0x0000000c   Data   RO         3399    .constdata          memp.o
    0x08008c9c   0x0000000c   Data   RO         3400    .constdata          memp.o
    0x08008ca8   0x0000000c   Data   RO         3401    .constdata          memp.o
    0x08008cb4   0x0000000c   Data   RO         3402    .constdata          memp.o
    0x08008cc0   0x0000000c   Data   RO         3403    .constdata          memp.o
    0x08008ccc   0x0000000c   Data   RO         3404    .constdata          memp.o
    0x08008cd8   0x00000020   Data   RO         3405    .constdata          memp.o
    0x08008cf8   0x00000054   Data   RO         3920    .constdata          tcp.o
    0x08008d4c   0x00000018   Data   RO         4352    .constdata          timeouts.o
    0x08008d64   0x00000004   Data   RO         4703    .constdata          ip4_addr.o
    0x08008d68   0x00000075   Data   RO         3921    .conststring        tcp.o
    0x08008ddd   0x00000003   PAD
    0x08008de0   0x00000055   Data   RO         4242    .conststring        tcp_out.o
    0x08008e35   0x00000003   PAD
    0x08008e38   0x00000041   Data   RO         4492    .conststring        etharp.o
    0x08008e79   0x00000003   PAD
    0x08008e7c   0x00000020   Data   RO         5527    Region$$Table       anon$$obj.o


    Execution Region RW_IRAM1 (Base: 0x20000000, Size: 0x00006ba0, Max: 0x00020000, ABSOLUTE)

    Base Addr    Size         Type   Attr      Idx    E Section Name        Object

    0x20000000   0x00000018   Data   RW          293    .data               lwip.o
    0x20000018   0x0000000c   Data   RW         2027    .data               stm32f4xx_hal.o
    0x20000024   0x00000004   Data   RW         2262    .data               system_stm32f4xx.o
    0x20000028   0x0000000c   Data   RW         3321    .data               mem.o
    0x20000034   0x00000004   Data   RW         3406    .data               memp.o
    0x20000038   0x00000004   Data   RW         3407    .data               memp.o
    0x2000003c   0x00000004   Data   RW         3408    .data               memp.o
    0x20000040   0x00000004   Data   RW         3409    .data               memp.o
    0x20000044   0x00000004   Data   RW         3410    .data               memp.o
    0x20000048   0x00000004   Data   RW         3411    .data               memp.o
    0x2000004c   0x00000004   Data   RW         3412    .data               memp.o
    0x20000050   0x00000004   Data   RW         3413    .data               memp.o
    0x20000054   0x0000000c   Data   RW         3540    .data               netif.o
    0x20000060   0x00000020   Data   RW         3922    .data               tcp.o
    0x20000080   0x00000024   Data   RW         4157    .data               tcp_in.o
    0x200000a4   0x0000000c   Data   RW         4353    .data               timeouts.o
    0x200000b0   0x00000001   Data   RW         4493    .data               etharp.o
    0x200000b1   0x00000001   PAD
    0x200000b2   0x00000002   Data   RW         4648    .data               ip4.o
    0x200000b4   0x00000008   Data   RW         4771    .data               ip4_frag.o
    0x200000bc   0x00000004   Data   RW         5503    .data               mc_w.l(stdout.o)
    0x200000c0   0x00000038   Zero   RW          292    .bss                lwip.o
    0x200000f8   0x000030e8   Zero   RW          362    .bss                ethernetif.o
    0x200031e0   0x00000040   Zero   RW          457    .bss                usart.o
    0x20003220   0x00000018   Zero   RW         3283    .bss                ip.o
    0x20003238   0x00000653   Zero   RW         3320    .bss                mem.o
    0x2000388b   0x000002e7   Zero   RW         3389    .bss                memp.o
    0x20003b72   0x000000e3   Zero   RW         3390    .bss                memp.o
    0x20003c55   0x00000103   Zero   RW         3391    .bss                memp.o
    0x20003d58   0x000000a3   Zero   RW         3392    .bss                memp.o
    0x20003dfb   0x0000016b   Zero   RW         3393    .bss                memp.o
    0x20003f66   0x00000033   Zero   RW         3394    .bss                memp.o
    0x20003f99   0x00000103   Zero   RW         3395    .bss                memp.o
    0x2000409c   0x00002603   Zero   RW         3396    .bss                memp.o
    0x2000669f   0x00000001   PAD
    0x200066a0   0x00000010   Zero   RW         4156    .bss                tcp_in.o
    0x200066b0   0x000000f0   Zero   RW         4491    .bss                etharp.o
    0x200067a0   0x00000400   Zero   RW            1    STACK               startup_stm32f407xx.o


==============================================================================

Image component sizes


      Code (inc. data)   RO Data    RW Data    ZI Data      Debug   Object Name

         0          0          0          0          0       1612   auth.o
         8          0          0          0          0       1058   def.o
         0          0          0          0          0        636   err.o
      2908       1172         65          1        240      10731   etharp.o
       408        156         12          0          0       2394   ethernet.o
      1180        146          0          0      12520       6876   ethernetif.o
       192         12          0          0          0       1019   gpio.o
       768        350          0          0          0       3934   icmp.o
        26          0          0          0          0       2792   init.o
         0          0          0          0         24       5997   ip.o
       890        178          0          2          0       4368   ip4.o
        46          0          4          0          0       6962   ip4_addr.o
      2696       1024          0          8          0       9714   ip4_frag.o
       272         24          0         24         56       1879   lwip.o
       246         34          0          0          0     711795   main.o
      1612        802          0         12       1619       5325   mem.o
       714        498        128         32      11796      12031   memp.o
       528        134          0         12          0       9961   netif.o
      3402       1814          0          0          0      10986   pbuf.o
         0          0          0          0          0       1208   slipif.o
        36          8        392          0       1024        836   startup_stm32f407xx.o
       180         28          0         12          0       9321   stm32f4xx_hal.o
       198         14          0          0          0      33579   stm32f4xx_hal_cortex.o
        36          0          0          0          0       1187   stm32f4xx_hal_dma.o
      2432         76          0          0          0      14113   stm32f4xx_hal_eth.o
       464         46          0          0          0       2745   stm32f4xx_hal_gpio.o
        48          6          0          0          0        826   stm32f4xx_hal_msp.o
      1340         84          0          0          0       5480   stm32f4xx_hal_rcc.o
      1254         16          0          0          0       8719   stm32f4xx_hal_uart.o
        44         12          0          0          0       4991   stm32f4xx_it.o
        28          6         24          4          0       1127   system_stm32f4xx.o
      4104       1524        201         32          0      26988   tcp.o
      4884       1114          0         36         16      18183   tcp_in.o
      2920        828         85          0          0      19482   tcp_out.o
       580        218         24         12          0       5523   timeouts.o
       180         22          0          0         64       1646   usart.o

    ----------------------------------------------------------------------
     34668      10346        976        188      27360     966024   Object Totals
         0          0         32          0          0          0   (incl. Generated)
        44          0          9          1          1          0   (incl. Padding)

    ----------------------------------------------------------------------

      Code (inc. data)   RO Data    RW Data    ZI Data      Debug   Library Member Name

         0          0          0          0          0          0   entry.o
         0          0          0          0          0          0   entry10a.o
         0          0          0          0          0          0   entry11a.o
         8          4          0          0          0          0   entry2.o
         4          0          0          0          0          0   entry5.o
         0          0          0          0          0          0   entry7b.o
         0          0          0          0          0          0   entry8b.o
         8          4          0          0          0          0   entry9a.o
        30          0          0          0          0          0   handlers.o
        36          8          0          0          0         68   init.o
        30          0          0          0          0         68   llshl.o
        32          0          0          0          0         68   llushr.o
        26          0          0          0          0         80   memcmp.o
        36          0          0          0          0         68   memcpya.o
        36          0          0          0          0        108   memseta.o
       472         14          0          0          0        184   printf3.o
         0          0          0          4          0          0   stdout.o
        44          0          0          0          0         80   uidiv.o
        98          0          0          0          0         92   uldiv.o

    ----------------------------------------------------------------------
       864         30          0          4          0        816   Library Totals
         4          0          0          0          0          0   (incl. Padding)

    ----------------------------------------------------------------------

      Code (inc. data)   RO Data    RW Data    ZI Data      Debug   Library Name

       860         30          0          4          0        816   mc_w.l

    ----------------------------------------------------------------------
       864         30          0          4          0        816   Library Totals

    ----------------------------------------------------------------------

==============================================================================


      Code (inc. data)   RO Data    RW Data    ZI Data      Debug   

     35532      10376        976        192      27360     947380   Grand Totals
     35532      10376        976        192      27360     947380   ELF Image Totals
     35532      10376        976        192          0          0   ROM Totals

==============================================================================

    Total RO  Size (Code + RO Data)                36508 (  35.65kB)
    Total RW  Size (RW Data + ZI Data)             27552 (  26.91kB)
    Total ROM Size (Code + RO Data + RW Data)      36700 (  35.84kB)

==============================================================================

