Component: ARM Compiler 5.05 update 1 (build 106) Tool: armlink [4d0efa]

==============================================================================

Section Cross References

    startup_stm32f407xx.o(RESET) refers to startup_stm32f407xx.o(STACK) for __initial_sp
    startup_stm32f407xx.o(RESET) refers to startup_stm32f407xx.o(.text) for Reset_Handler
    startup_stm32f407xx.o(RESET) refers to stm32f4xx_it.o(i.NMI_Handler) for NMI_Handler
    startup_stm32f407xx.o(RESET) refers to stm32f4xx_it.o(i.HardFault_Handler) for HardFault_Handler
    startup_stm32f407xx.o(RESET) refers to stm32f4xx_it.o(i.MemManage_Handler) for MemManage_Handler
    startup_stm32f407xx.o(RESET) refers to stm32f4xx_it.o(i.BusFault_Handler) for BusFault_Handler
    startup_stm32f407xx.o(RESET) refers to stm32f4xx_it.o(i.UsageFault_Handler) for UsageFault_Handler
    startup_stm32f407xx.o(RESET) refers to stm32f4xx_it.o(i.SVC_Handler) for SVC_Handler
    startup_stm32f407xx.o(RESET) refers to stm32f4xx_it.o(i.DebugMon_Handler) for DebugMon_Handler
    startup_stm32f407xx.o(RESET) refers to stm32f4xx_it.o(i.PendSV_Handler) for PendSV_Handler
    startup_stm32f407xx.o(RESET) refers to stm32f4xx_it.o(i.SysTick_Handler) for SysTick_Handler
    startup_stm32f407xx.o(RESET) refers to stm32f4xx_it.o(i.USART3_IRQHandler) for USART3_IRQHandler
    startup_stm32f407xx.o(RESET) refers to stm32f4xx_it.o(i.ETH_IRQHandler) for ETH_IRQHandler
    startup_stm32f407xx.o(.text) refers to system_stm32f4xx.o(i.SystemInit) for SystemInit
    startup_stm32f407xx.o(.text) refers to entry.o(.ARM.Collect$$$$00000000) for __main
    main.o(i.SystemClock_Config) refers to memseta.o(.text) for __aeabi_memclr4
    main.o(i.SystemClock_Config) refers to stm32f4xx_hal_rcc.o(i.HAL_RCC_OscConfig) for HAL_RCC_OscConfig
    main.o(i.SystemClock_Config) refers to stm32f4xx_hal_rcc.o(i.HAL_RCC_ClockConfig) for HAL_RCC_ClockConfig
    main.o(i.main) refers to stm32f4xx_hal.o(i.HAL_Init) for HAL_Init
    main.o(i.main) refers to main.o(i.SystemClock_Config) for SystemClock_Config
    main.o(i.main) refers to gpio.o(i.MX_GPIO_Init) for MX_GPIO_Init
    main.o(i.main) refers to usart.o(i.MX_USART3_UART_Init) for MX_USART3_UART_Init
    main.o(i.main) refers to lwip.o(i.MX_LWIP_Init) for MX_LWIP_Init
    main.o(i.main) refers to printf3.o(i.__0printf$3) for __2printf
    main.o(i.main) refers to tcpserver.o(i.TCP_Echo_Init) for TCP_Echo_Init
    main.o(i.main) refers to stm32f4xx_hal.o(i.HAL_Delay) for HAL_Delay
    main.o(i.main) refers to stm32f4xx_hal_gpio.o(i.HAL_GPIO_TogglePin) for HAL_GPIO_TogglePin
    main.o(i.main) refers to lwip.o(i.MX_LWIP_Process) for MX_LWIP_Process
    gpio.o(i.MX_GPIO_Init) refers to memseta.o(.text) for __aeabi_memclr4
    gpio.o(i.MX_GPIO_Init) refers to stm32f4xx_hal_gpio.o(i.HAL_GPIO_WritePin) for HAL_GPIO_WritePin
    gpio.o(i.MX_GPIO_Init) refers to stm32f4xx_hal_gpio.o(i.HAL_GPIO_Init) for HAL_GPIO_Init
    lwip.o(i.MX_LWIP_Init) refers to init.o(i.lwip_init) for lwip_init
    lwip.o(i.MX_LWIP_Init) refers to netif.o(i.netif_add) for netif_add
    lwip.o(i.MX_LWIP_Init) refers to netif.o(i.netif_set_default) for netif_set_default
    lwip.o(i.MX_LWIP_Init) refers to netif.o(i.netif_set_up) for netif_set_up
    lwip.o(i.MX_LWIP_Init) refers to netif.o(i.netif_set_down) for netif_set_down
    lwip.o(i.MX_LWIP_Init) refers to netif.o(i.netif_set_link_callback) for netif_set_link_callback
    lwip.o(i.MX_LWIP_Init) refers to lwip.o(.data) for .data
    lwip.o(i.MX_LWIP_Init) refers to ethernet.o(i.ethernet_input) for ethernet_input
    lwip.o(i.MX_LWIP_Init) refers to ethernetif.o(i.ethernetif_init) for ethernetif_init
    lwip.o(i.MX_LWIP_Init) refers to lwip.o(.bss) for .bss
    lwip.o(i.MX_LWIP_Init) refers to ethernetif.o(i.ethernetif_update_config) for ethernetif_update_config
    lwip.o(i.MX_LWIP_Process) refers to ethernetif.o(i.ethernetif_input) for ethernetif_input
    lwip.o(i.MX_LWIP_Process) refers to timeouts.o(i.sys_check_timeouts) for sys_check_timeouts
    lwip.o(i.MX_LWIP_Process) refers to lwip.o(.bss) for .bss
    ethernetif.o(i.HAL_ETH_MspDeInit) refers to stm32f4xx_hal_gpio.o(i.HAL_GPIO_DeInit) for HAL_GPIO_DeInit
    ethernetif.o(i.HAL_ETH_MspDeInit) refers to stm32f4xx_hal_cortex.o(i.HAL_NVIC_DisableIRQ) for HAL_NVIC_DisableIRQ
    ethernetif.o(i.HAL_ETH_MspInit) refers to memseta.o(.text) for __aeabi_memclr4
    ethernetif.o(i.HAL_ETH_MspInit) refers to stm32f4xx_hal_gpio.o(i.HAL_GPIO_Init) for HAL_GPIO_Init
    ethernetif.o(i.HAL_ETH_MspInit) refers to stm32f4xx_hal_cortex.o(i.HAL_NVIC_SetPriority) for HAL_NVIC_SetPriority
    ethernetif.o(i.HAL_ETH_MspInit) refers to stm32f4xx_hal_cortex.o(i.HAL_NVIC_EnableIRQ) for HAL_NVIC_EnableIRQ
    ethernetif.o(i.ethernetif_init) refers to printf3.o(i.__0printf$3) for __2printf
    ethernetif.o(i.ethernetif_init) refers to ethernetif.o(i.low_level_init) for low_level_init
    ethernetif.o(i.ethernetif_init) refers to etharp.o(i.etharp_output) for etharp_output
[...]
    i.mem_free                               0x080044e0   Section        0  mem.o(i.mem_free)
    i.mem_init                               0x080045fc   Section        0  mem.o(i.mem_init)
    i.mem_malloc                             0x08004630   Section        0  mem.o(i.mem_malloc)
    i.mem_trim                               0x0800482c   Section        0  mem.o(i.mem_trim)
    i.memp_free                              0x080049b0   Section        0  memp.o(i.memp_free)
    i.memp_init                              0x08004a4c   Section        0  memp.o(i.memp_init)
    i.memp_init_pool                         0x08004a6c   Section        0  memp.o(i.memp_init_pool)
    i.memp_malloc                            0x08004a98   Section        0  memp.o(i.memp_malloc)
    i.netif_add                              0x08004b3c   Section        0  netif.o(i.netif_add)
    i.netif_init                             0x08004c20   Section        0  netif.o(i.netif_init)
    i.netif_issue_reports                    0x08004c22   Section        0  netif.o(i.netif_issue_reports)
    netif_issue_reports                      0x08004c23   Thumb Code    26  netif.o(i.netif_issue_reports)
    i.netif_set_addr                         0x08004c3c   Section        0  netif.o(i.netif_set_addr)
    i.netif_set_default                      0x08004c84   Section        0  netif.o(i.netif_set_default)
    i.netif_set_down                         0x08004c90   Section        0  netif.o(i.netif_set_down)
    i.netif_set_gw                           0x08004cbe   Section        0  netif.o(i.netif_set_gw)
    i.netif_set_ipaddr                       0x08004cc8   Section        0  netif.o(i.netif_set_ipaddr)
    i.netif_set_link_callback                0x08004d0c   Section        0  netif.o(i.netif_set_link_callback)
    i.netif_set_netmask                      0x08004d14   Section        0  netif.o(i.netif_set_netmask)
    i.netif_set_up                           0x08004d1c   Section        0  netif.o(i.netif_set_up)
    i.pbuf_alloc                             0x08004d50   Section        0  pbuf.o(i.pbuf_alloc)
    i.pbuf_alloced_custom                    0x080050b8   Section        0  pbuf.o(i.pbuf_alloced_custom)
    i.pbuf_cat                               0x08005198   Section        0  pbuf.o(i.pbuf_cat)
    i.pbuf_clen                              0x080052c8   Section        0  pbuf.o(i.pbuf_clen)
    i.pbuf_copy                              0x080052dc   Section        0  pbuf.o(i.pbuf_copy)
    i.pbuf_copy_partial                      0x080054c8   Section        0  pbuf.o(i.pbuf_copy_partial)
    i.pbuf_free                              0x080055e4   Section        0  pbuf.o(i.pbuf_free)
    i.pbuf_header                            0x08005748   Section        0  pbuf.o(i.pbuf_header)
    i.pbuf_header_force                      0x0800574e   Section        0  pbuf.o(i.pbuf_header_force)
    i.pbuf_header_impl                       0x08005754   Section        0  pbuf.o(i.pbuf_header_impl)
    pbuf_header_impl                         0x08005755   Thumb Code   144  pbuf.o(i.pbuf_header_impl)
    i.pbuf_realloc                           0x08005878   Section        0  pbuf.o(i.pbuf_realloc)
    i.pbuf_ref                               0x08005a10   Section        0  pbuf.o(i.pbuf_ref)
    i.plug_holes                             0x08005a9c   Section        0  mem.o(i.plug_holes)
    plug_holes                               0x08005a9d   Thumb Code   162  mem.o(i.plug_holes)
    i.sys_check_timeouts                     0x08005c18   Section        0  timeouts.o(i.sys_check_timeouts)
    i.sys_now                                0x08005c60   Section        0  ethernetif.o(i.sys_now)
    i.sys_timeout                            0x08005c64   Section        0  timeouts.o(i.sys_timeout)
    i.sys_timeouts_init                      0x08005da4   Section        0  timeouts.o(i.sys_timeouts_init)
    i.tcp_abandon                            0x08005dd8   Section        0  tcp.o(i.tcp_abandon)
    i.tcp_abort                              0x08005f44   Section        0  tcp.o(i.tcp_abort)
    i.tcp_accept                             0x08005f4a   Section        0  tcp.o(i.tcp_accept)
    i.tcp_accept_null                        0x08005f58   Section        0  tcp.o(i.tcp_accept_null)
    tcp_accept_null                          0x08005f59   Thumb Code    14  tcp.o(i.tcp_accept_null)
    i.tcp_alloc                              0x08005f68   Section        0  tcp.o(i.tcp_alloc)
    i.tcp_bind                               0x08006064   Section        0  tcp.o(i.tcp_bind)
    i.tcp_close                              0x08006188   Section        0  tcp.o(i.tcp_close)
    i.tcp_close_shutdown                     0x0800619c   Section        0  tcp.o(i.tcp_close_shutdown)
    tcp_close_shutdown                       0x0800619d   Thumb Code   266  tcp.o(i.tcp_close_shutdown)
    i.tcp_close_shutdown_fin                 0x08006324   Section        0  tcp.o(i.tcp_close_shutdown_fin)
    tcp_close_shutdown_fin                   0x08006325   Thumb Code    96  tcp.o(i.tcp_close_shutdown_fin)
    i.tcp_create_segment                     0x080063e8   Section        0  tcp_out.o(i.tcp_create_segment)
    tcp_create_segment                       0x080063e9   Thumb Code   170  tcp_out.o(i.tcp_create_segment)
    i.tcp_eff_send_mss_impl                  0x08006508   Section        0  tcp.o(i.tcp_eff_send_mss_impl)
    i.tcp_enqueue_flags                      0x0800652c   Section        0  tcp_out.o(i.tcp_enqueue_flags)
    i.tcp_fasttmr                            0x08006738   Section        0  tcp.o(i.tcp_fasttmr)
    i.tcp_getoptbyte                         0x080067a4   Section        0  tcp_in.o(i.tcp_getoptbyte)
    tcp_getoptbyte                           0x080067a5   Thumb Code    42  tcp_in.o(i.tcp_getoptbyte)
    i.tcp_init                               0x080067d4   Section        0  tcp.o(i.tcp_init)
    i.tcp_input                              0x080067d8   Section        0  tcp_in.o(i.tcp_input)
    i.tcp_input_delayed_close                0x08006da8   Section        0  tcp_in.o(i.tcp_input_delayed_close)
    tcp_input_delayed_close                  0x08006da9   Thumb Code    56  tcp_in.o(i.tcp_input_delayed_close)
    i.tcp_keepalive                          0x08006de8   Section        0  tcp_out.o(i.tcp_keepalive)
    i.tcp_kill_state                         0x08006e3c   Section        0  tcp.o(i.tcp_kill_state)
    tcp_kill_state                           0x08006e3d   Thumb Code    78  tcp.o(i.tcp_kill_state)
    i.tcp_listen_closed                      0x08006ef8   Section        0  tcp.o(i.tcp_listen_closed)
    tcp_listen_closed                        0x08006ef9   Thumb Code    74  tcp.o(i.tcp_listen_closed)
    i.tcp_listen_input                       0x08006fc4   Section        0  tcp_in.o(i.tcp_listen_input)
    tcp_listen_input                         0x08006fc5   Thumb Code   226  tcp_in.o(i.tcp_listen_input)
    i.tcp_listen_with_backlog                0x080070b8   Section        0  tcp.o(i.tcp_listen_with_backlog)
    i.tcp_listen_with_backlog_and_err        0x080070c0   Section        0  tcp.o(i.tcp_listen_with_backlog_and_err)
    i.tcp_netif_ip_addr_changed              0x080071e4   Section        0  tcp.o(i.tcp_netif_ip_addr_changed)
    i.tcp_netif_ip_addr_changed_pcblist      0x08007230   Section        0  tcp.o(i.tcp_netif_ip_addr_changed_pcblist)
    tcp_netif_ip_addr_changed_pcblist        0x08007231   Thumb Code    34  tcp.o(i.tcp_netif_ip_addr_changed_pcblist)
    i.tcp_new                                0x08007252   Section        0  tcp.o(i.tcp_new)
    i.tcp_new_port                           0x08007258   Section        0  tcp.o(i.tcp_new_port)
    tcp_new_port                             0x08007259   Thumb Code    82  tcp.o(i.tcp_new_port)
    i.tcp_next_iss                           0x080072b4   Section        0  tcp.o(i.tcp_next_iss)
    i.tcp_output                             0x080072c4   Section        0  tcp_out.o(i.tcp_output)
    i.tcp_output_alloc_header                0x08007590   Section        0  tcp_out.o(i.tcp_output_alloc_header)
    tcp_output_alloc_header                  0x08007591   Thumb Code   128  tcp_out.o(i.tcp_output_alloc_header)
    i.tcp_output_segment                     0x0800769c   Section        0  tcp_out.o(i.tcp_output_segment)
    tcp_output_segment                       0x0800769d   Thumb Code   164  tcp_out.o(i.tcp_output_segment)
    i.tcp_parseopt                           0x08007744   Section        0  tcp_in.o(i.tcp_parseopt)
    tcp_parseopt                             0x08007745   Thumb Code   110  tcp_in.o(i.tcp_parseopt)
    i.tcp_pbuf_prealloc                      0x080077b8   Section        0  tcp_out.o(i.tcp_pbuf_prealloc)
    tcp_pbuf_prealloc                        0x080077b9   Thumb Code   102  tcp_out.o(i.tcp_pbuf_prealloc)
    i.tcp_pcb_purge                          0x08007890   Section        0  tcp.o(i.tcp_pcb_purge)
    i.tcp_pcb_remove                         0x080078cc   Section        0  tcp.o(i.tcp_pcb_remove)
    i.tcp_process                            0x080079d4   Section        0  tcp_in.o(i.tcp_process)
    tcp_process                              0x080079d5   Thumb Code   930  tcp_in.o(i.tcp_process)
    i.tcp_process_refused_data               0x08007e58   Section        0  tcp.o(i.tcp_process_refused_data)
    i.tcp_receive                            0x08007ec0   Section        0  tcp_in.o(i.tcp_receive)
    tcp_receive                              0x08007ec1   Thumb Code  1540  tcp_in.o(i.tcp_receive)
    i.tcp_recv                               0x08008530   Section        0  tcp.o(i.tcp_recv)
    i.tcp_recv_null                          0x080085d0   Section        0  tcp.o(i.tcp_recv_null)
    i.tcp_recved                             0x080085f4   Section        0  tcp.o(i.tcp_recved)
    i.tcp_rexmit                             0x08008704   Section        0  tcp_out.o(i.tcp_rexmit)
    i.tcp_rexmit_fast                        0x0800875a   Section        0  tcp_out.o(i.tcp_rexmit_fast)
    i.tcp_rexmit_rto                         0x080087b2   Section        0  tcp_out.o(i.tcp_rexmit_rto)
    i.tcp_rst                                0x080087e4   Section        0  tcp_out.o(i.tcp_rst)
    i.tcp_seg_free                           0x08008904   Section        0  tcp.o(i.tcp_seg_free)
    i.tcp_segs_free                          0x08008920   Section        0  tcp.o(i.tcp_segs_free)
    i.tcp_send_empty_ack                     0x08008932   Section        0  tcp_out.o(i.tcp_send_empty_ack)
    i.tcp_send_fin                           0x080089a4   Section        0  tcp_out.o(i.tcp_send_fin)
    i.tcp_slowtmr                            0x080089e8   Section        0  tcp.o(i.tcp_slowtmr)
    i.tcp_timer_needed                       0x08008ea0   Section        0  timeouts.o(i.tcp_timer_needed)
    i.tcp_timewait_input                     0x08008ed4   Section        0  tcp_in.o(i.tcp_timewait_input)
    tcp_timewait_input                       0x08008ed5   Thumb Code    90  tcp_in.o(i.tcp_timewait_input)
    i.tcp_tmr                                0x08008f3c   Section        0  tcp.o(i.tcp_tmr)
    i.tcp_trigger_input_pcb_close            0x08008f5c   Section        0  tcp_in.o(i.tcp_trigger_input_pcb_close)
    i.tcp_update_rcv_ann_wnd                 0x08008f6c   Section        0  tcp.o(i.tcp_update_rcv_ann_wnd)
    i.tcp_write                              0x0800902c   Section        0  tcp_out.o(i.tcp_write)
    i.tcp_write_checks                       0x080096ac   Section        0  tcp_out.o(i.tcp_write_checks)
    tcp_write_checks                         0x080096ad   Thumb Code   114  tcp_out.o(i.tcp_write_checks)
    i.tcp_zero_window_probe                  0x080097ec   Section        0  tcp_out.o(i.tcp_zero_window_probe)
    i.tcpecho_accept                         0x080098a0   Section        0  tcpserver.o(i.tcpecho_accept)
    tcpecho_accept                           0x080098a1   Thumb Code    14  tcpserver.o(i.tcpecho_accept)
    i.tcpecho_recv                           0x080098b4   Section        0  tcpserver.o(i.tcpecho_recv)
    tcpecho_recv                             0x080098b5   Thumb Code   110  tcpserver.o(i.tcpecho_recv)
    i.tcpip_tcp_timer                        0x08009944   Section        0  timeouts.o(i.tcpip_tcp_timer)
    tcpip_tcp_timer                          0x08009945   Thumb Code    40  timeouts.o(i.tcpip_tcp_timer)
    .constdata                               0x0800997c   Section       16  system_stm32f4xx.o(.constdata)
    .constdata                               0x0800998c   Section        8  system_stm32f4xx.o(.constdata)
    .constdata                               0x08009994   Section        6  ethernet.o(.constdata)
    .constdata                               0x0800999a   Section        6  ethernet.o(.constdata)
    .constdata                               0x080099a0   Section       12  memp.o(.constdata)
    .constdata                               0x080099ac   Section       12  memp.o(.constdata)
    .constdata                               0x080099b8   Section       12  memp.o(.constdata)
    .constdata                               0x080099c4   Section       12  memp.o(.constdata)
    .constdata                               0x080099d0   Section       12  memp.o(.constdata)
    .constdata                               0x080099dc   Section       12  memp.o(.constdata)
    .constdata                               0x080099e8   Section       12  memp.o(.constdata)
    .constdata                               0x080099f4   Section       12  memp.o(.constdata)
    .constdata                               0x08009a00   Section       32  memp.o(.constdata)
    .constdata                               0x08009a20   Section       84  tcp.o(.constdata)
    tcp_persist_backoff                      0x08009a20   Data           7  tcp.o(.constdata)
    tcp_state_str                            0x08009a28   Data          44  tcp.o(.constdata)
    tcp_backoff                              0x08009a54   Data          13  tcp.o(.constdata)
    .constdata                               0x08009a74   Section       24  timeouts.o(.constdata)
    .constdata                               0x08009a8c   Section        4  ip4_addr.o(.constdata)
    .conststring                             0x08009a90   Section      117  tcp.o(.conststring)
    .conststring                             0x08009b08   Section       85  tcp_out.o(.conststring)
    .conststring                             0x08009b60   Section       65  etharp.o(.conststring)
    .data                                    0x20000000   Section       24  lwip.o(.data)
    .data                                    0x20000018   Section       12  stm32f4xx_hal.o(.data)
    .data                                    0x20000024   Section        4  system_stm32f4xx.o(.data)
    .data                                    0x20000028   Section       12  mem.o(.data)
    ram                                      0x20000028   Data           4  mem.o(.data)
    ram_end                                  0x2000002c   Data           4  mem.o(.data)
    lfree                                    0x20000030   Data           4  mem.o(.data)
    .data                                    0x20000034   Section        4  memp.o(.data)
    memp_tab_TCP_PCB                         0x20000034   Data           4  memp.o(.data)
    .data                                    0x20000038   Section        4  memp.o(.data)
    memp_tab_TCP_PCB_LISTEN                  0x20000038   Data           4  memp.o(.data)
    .data                                    0x2000003c   Section        4  memp.o(.data)
    memp_tab_TCP_SEG                         0x2000003c   Data           4  memp.o(.data)
    .data                                    0x20000040   Section        4  memp.o(.data)
    memp_tab_REASSDATA                       0x20000040   Data           4  memp.o(.data)
    .data                                    0x20000044   Section        4  memp.o(.data)
    memp_tab_FRAG_PBUF                       0x20000044   Data           4  memp.o(.data)
    .data                                    0x20000048   Section        4  memp.o(.data)
    memp_tab_SYS_TIMEOUT                     0x20000048   Data           4  memp.o(.data)
    .data                                    0x2000004c   Section        4  memp.o(.data)
    memp_tab_PBUF                            0x2000004c   Data           4  memp.o(.data)
    .data                                    0x20000050   Section        4  memp.o(.data)
    memp_tab_PBUF_POOL                       0x20000050   Data           4  memp.o(.data)
    .data                                    0x20000054   Section       12  netif.o(.data)
    netif_num                                0x20000054   Data           1  netif.o(.data)
    .data                                    0x20000060   Section       32  tcp.o(.data)
    tcp_timer                                0x20000061   Data           1  tcp.o(.data)
    tcp_timer_ctr                            0x20000062   Data           1  tcp.o(.data)
    tcp_port                                 0x20000064   Data           2  tcp.o(.data)
    iss                                      0x20000068   Data           4  tcp.o(.data)
    .data                                    0x20000080   Section       36  tcp_in.o(.data)
    flags                                    0x20000080   Data           1  tcp_in.o(.data)
    recv_flags                               0x20000081   Data           1  tcp_in.o(.data)
    tcphdr_optlen                            0x20000082   Data           2  tcp_in.o(.data)
    tcphdr_opt1len                           0x20000084   Data           2  tcp_in.o(.data)
    tcp_optidx                               0x20000086   Data           2  tcp_in.o(.data)
    recv_acked                               0x20000088   Data           2  tcp_in.o(.data)
    tcplen                                   0x2000008a   Data           2  tcp_in.o(.data)
    tcphdr                                   0x2000008c   Data           4  tcp_in.o(.data)
    tcphdr_opt2                              0x20000090   Data           4  tcp_in.o(.data)
    seqno                                    0x20000094   Data           4  tcp_in.o(.data)
    ackno                                    0x20000098   Data           4  tcp_in.o(.data)
    recv_data                                0x2000009c   Data           4  tcp_in.o(.data)
    .data                                    0x200000a4   Section       12  timeouts.o(.data)
    next_timeout                             0x200000a4   Data           4  timeouts.o(.data)
    timeouts_last_time                       0x200000a8   Data           4  timeouts.o(.data)
    tcpip_tcp_timer_active                   0x200000ac   Data           4  timeouts.o(.data)
    .data                                    0x200000b0   Section        1  etharp.o(.data)
    etharp_cached_entry                      0x200000b0   Data           1  etharp.o(.data)
    .data                                    0x200000b2   Section        2  ip4.o(.data)
    ip_id                                    0x200000b2   Data           2  ip4.o(.data)
    .data                                    0x200000b4   Section        8  ip4_frag.o(.data)
    ip_reass_pbufcount                       0x200000b4   Data           2  ip4_frag.o(.data)
    reassdatagrams                           0x200000b8   Data           4  ip4_frag.o(.data)
    .data                                    0x200000bc   Section        4  stdout.o(.data)
    .bss                                     0x200000c0   Section       56  lwip.o(.bss)
    .bss                                     0x200000f8   Section    12520  ethernetif.o(.bss)
    .bss                                     0x200031e0   Section       64  usart.o(.bss)
    .bss                                     0x20003220   Section       24  ip.o(.bss)
    .bss                                     0x20003238   Section     1619  mem.o(.bss)
    .bss                                     0x2000388b   Section      743  memp.o(.bss)
    .bss                                     0x20003b72   Section      227  memp.o(.bss)
    .bss                                     0x20003c55   Section      259  memp.o(.bss)
    .bss                                     0x20003d58   Section      163  memp.o(.bss)
    .bss                                     0x20003dfb   Section      363  memp.o(.bss)
    .bss                                     0x20003f66   Section       51  memp.o(.bss)
    .bss                                     0x20003f99   Section      259  memp.o(.bss)
    .bss                                     0x2000409c   Section     9731  memp.o(.bss)
    .bss                                     0x200066a0   Section       16  tcp_in.o(.bss)
    inseg                                    0x200066a0   Data          16  tcp_in.o(.bss)
    .bss                                     0x200066b0   Section      240  etharp.o(.bss)
    arp_table                                0x200066b0   Data         240  etharp.o(.bss)
    STACK                                    0x200067a0   Section     1024  startup_stm32f407xx.o(STACK)

    Global Symbols

    Symbol Name                              Value     Ov Type        Size  Object(Section)

    BuildAttributes$$THM_ISAv4$E$P$D$K$B$S$7EM$VFPi3$EXTD16$VFPS$VFMA$PE$A:L22UL41UL21$X:L11$S22US41US21$IEEE1$IW$USESV6$~STKCKD$USESV7$~SHL$OSPACE$ROPI$EBA8$MICROLIB$REQ8$PRES8$EABIv2 0x00000000   Number         0  anon$$obj.o ABSOLUTE
    __ARM_use_no_argv                        0x00000000   Number         0  main.o ABSOLUTE
    _printf_a                                0x00000000   Number         0  stubs.o ABSOLUTE
    _printf_c                                0x00000000   Number         0  stubs.o ABSOLUTE
    _printf_charcount                        0x00000000   Number         0  stubs.o ABSOLUTE
    _printf_d                                0x00000000   Number         0  stubs.o ABSOLUTE
    _printf_e                                0x00000000   Number         0  stubs.o ABSOLUTE
    _printf_f                                0x00000000   Number         0  stubs.o ABSOLUTE
    _printf_flags                            0x00000000   Number         0  stubs.o ABSOLUTE
    _printf_fp_dec                           0x00000000   Number         0  stubs.o ABSOLUTE
    _printf_fp_hex                           0x00000000   Number         0  stubs.o ABSOLUTE
    _printf_g                                0x00000000   Number         0  stubs.o ABSOLUTE
    _printf_i                                0x00000000   Number         0  stubs.o ABSOLUTE
    _printf_int_dec                          0x00000000   Number         0  stubs.o ABSOLUTE
    _printf_l                                0x00000000   Number         0  stubs.o ABSOLUTE
    _printf_lc                               0x00000000   Number         0  stubs.o ABSOLUTE
    _printf_ll                               0x00000000   Number         0  stubs.o ABSOLUTE
    _printf_lld                              0x00000000   Number         0  stubs.o ABSOLUTE
    _printf_lli                              0x00000000   Number         0  stubs.o ABSOLUTE
    _printf_llo                              0x00000000   Number         0  stubs.o ABSOLUTE
    _printf_llu                              0x00000000   Number         0  stubs.o ABSOLUTE
    _printf_llx                              0x00000000   Number         0  stubs.o ABSOLUTE
    _printf_longlong_dec                     0x00000000   Number         0  stubs.o ABSOLUTE
    _printf_longlong_hex                     0x00000000   Number         0  stubs.o ABSOLUTE
    _printf_longlong_oct                     0x00000000   Number         0  stubs.o ABSOLUTE
    _printf_ls                               0x00000000   Number         0  stubs.o ABSOLUTE
    _printf_mbtowc                           0x00000000   Number         0  stubs.o ABSOLUTE
    _printf_n                                0x00000000   Number         0  stubs.o ABSOLUTE
    _printf_o                                0x00000000   Number         0  stubs.o ABSOLUTE
    _printf_p                                0x00000000   Number         0  stubs.o ABSOLUTE
    _printf_percent                          0x00000000   Number         0  stubs.o ABSOLUTE
    _printf_pre_padding                      0x00000000   Number         0  stubs.o ABSOLUTE
    _printf_return_value                     0x00000000   Number         0  stubs.o ABSOLUTE
    _printf_s                                0x00000000   Number         0  stubs.o ABSOLUTE
    _printf_sizespec                         0x00000000   Number         0  stubs.o ABSOLUTE
    _printf_str                              0x00000000   Number         0  stubs.o ABSOLUTE
    _printf_truncate_signed                  0x00000000   Number         0  stubs.o ABSOLUTE
    _printf_truncate_unsigned                0x00000000   Number         0  stubs.o ABSOLUTE
    _printf_u                                0x00000000   Number         0  stubs.o ABSOLUTE
    _printf_wc                               0x00000000   Number         0  stubs.o ABSOLUTE
    _printf_wctomb                           0x00000000   Number         0  stubs.o ABSOLUTE
    _printf_widthprec                        0x00000000   Number         0  stubs.o ABSOLUTE
    _printf_x                                0x00000000   Number         0  stubs.o ABSOLUTE
    __cpp_initialize__aeabi_                  - Undefined Weak Reference
    __cxa_finalize                            - Undefined Weak Reference
    __decompress                              - Undefined Weak Reference
    _clock_init                               - Undefined Weak Reference
    _microlib_exit                            - Undefined Weak Reference
    __Vectors_Size                           0x00000188   Number         0  startup_stm32f407xx.o ABSOLUTE
    __Vectors                                0x08000000   Data           4  startup_stm32f407xx.o(RESET)
    __Vectors_End                            0x08000188   Data           0  startup_stm32f407xx.o(RESET)
    __main                                   0x08000189   Thumb Code     0  entry.o(.ARM.Collect$$$$00000000)
    _main_stk                                0x08000189   Thumb Code     0  entry2.o(.ARM.Collect$$$$00000001)
    _main_scatterload                        0x0800018d   Thumb Code     0  entry5.o(.ARM.Collect$$$$00000004)
    __main_after_scatterload                 0x08000191   Thumb Code     0  entry5.o(.ARM.Collect$$$$00000004)
    _main_clock                              0x08000191   Thumb Code     0  entry7b.o(.ARM.Collect$$$$00000008)
    _main_cpp_init                           0x08000191   Thumb Code     0  entry8b.o(.ARM.Collect$$$$0000000A)
    _main_init                               0x08000191   Thumb Code     0  entry9a.o(.ARM.Collect$$$$0000000B)
    __rt_final_cpp                           0x08000199   Thumb Code     0  entry10a.o(.ARM.Collect$$$$0000000D)
    __rt_final_exit                          0x08000199   Thumb Code     0  entry11a.o(.ARM.Collect$$$$0000000F)
    Reset_Handler                            0x0800019d   Thumb Code     8  startup_stm32f407xx.o(.text)
    ADC_IRQHandler                           0x080001b7   Thumb Code     0  startup_stm32f407xx.o(.text)
    CAN1_RX0_IRQHandler                      0x080001b7   Thumb Code     0  startup_stm32f407xx.o(.text)
    CAN1_RX1_IRQHandler                      0x080001b7   Thumb Code     0  startup_stm32f407xx.o(.text)
    CAN1_SCE_IRQHandler                      0x080001b7   Thumb Code     0  startup_stm32f407xx.o(.text)
    CAN1_TX_IRQHandler                       0x080001b7   Thumb Code     0  startup_stm32f407xx.o(.text)
    CAN2_RX0_IRQHandler                      0x080001b7   Thumb Code     0  startup_stm32f407xx.o(.text)
    CAN2_RX1_IRQHandler                      0x080001b7   Thumb Code     0  startup_stm32f407xx.o(.text)
    CAN2_SCE_IRQHandler                      0x080001b7   Thumb Code     0  startup_stm32f407xx.o(.text)
    CAN2_TX_IRQHandler                       0x080001b7   Thumb Code     0  startup_stm32f407xx.o(.text)
    DCMI_IRQHandler                          0x080001b7   Thumb Code     0  startup_stm32f407xx.o(.text)
    DMA1_Stream0_IRQHandler                  0x080001b7   Thumb Code     0  startup_stm32f407xx.o(.text)
    DMA1_Stream1_IRQHandler                  0x080001b7   Thumb Code     0  startup_stm32f407xx.o(.text)
    DMA1_Stream2_IRQHandler                  0x080001b7   Thumb Code     0  startup_stm32f407xx.o(.text)
    DMA1_Stream3_IRQHandler                  0x080001b7   Thumb Code     0  startup_stm32f407xx.o(.text)
    DMA1_Stream4_IRQHandler                  0x080001b7   Thumb Code     0  startup_stm32f407xx.o(.text)
    DMA1_Stream5_IRQHandler                  0x080001b7   Thumb Code     0  startup_stm32f407xx.o(.text)
    DMA1_Stream6_IRQHandler                  0x080001b7   Thumb Code     0  startup_stm32f407xx.o(.text)
    DMA1_Stream7_IRQHandler                  0x080001b7   Thumb Code     0  startup_stm32f407xx.o(.text)
    DMA2_Stream0_IRQHandler                  0x080001b7   Thumb Code     0  startup_stm32f407xx.o(.text)
    DMA2_Stream1_IRQHandler                  0x080001b7   Thumb Code     0  startup_stm32f407xx.o(.text)
    DMA2_Stream2_IRQHandler                  0x080001b7   Thumb Code     0  startup_stm32f407xx.o(.text)
    DMA2_Stream3_IRQHandler                  0x080001b7   Thumb Code     0  startup_stm32f407xx.o(.text)
    DMA2_Stream4_IRQHandler                  0x080001b7   Thumb Code     0  startup_stm32f407xx.o(.text)
    DMA2_Stream5_IRQHandler                  0x080001b7   Thumb Code     0  startup_stm32f407xx.o(.text)
    DMA2_Stream6_IRQHandler                  0x080001b7   Thumb Code     0  startup_stm32f407xx.o(.text)
    DMA2_Stream7_IRQHandler                  0x080001b7   Thumb Code     0  startup_stm32f407xx.o(.text)
    ETH_WKUP_IRQHandler                      0x080001b7   Thumb Code     0  startup_stm32f407xx.o(.text)
    EXTI0_IRQHandler                         0x080001b7   Thumb Code     0  startup_stm32f407xx.o(.text)
    EXTI15_10_IRQHandler                     0x080001b7   Thumb Code     0  startup_stm32f407xx.o(.text)
    EXTI1_IRQHandler                         0x080001b7   Thumb Code     0  startup_stm32f407xx.o(.text)
    EXTI2_IRQHandler                         0x080001b7   Thumb Code     0  startup_stm32f407xx.o(.text)
    EXTI3_IRQHandler                         0x080001b7   Thumb Code     0  startup_stm32f407xx.o(.text)
    EXTI4_IRQHandler                         0x080001b7   Thumb Code     0  startup_stm32f407xx.o(.text)
    EXTI9_5_IRQHandler                       0x080001b7   Thumb Code     0  startup_stm32f407xx.o(.text)
    FLASH_IRQHandler                         0x080001b7   Thumb Code     0  startup_stm32f407xx.o(.text)
    FMC_IRQHandler                           0x080001b7   Thumb Code     0  startup_stm32f407xx.o(.text)
    FPU_IRQHandler                           0x080001b7   Thumb Code     0  startup_stm32f407xx.o(.text)
    HASH_RNG_IRQHandler                      0x080001b7   Thumb Code     0  startup_stm32f407xx.o(.text)
    I2C1_ER_IRQHandler                       0x080001b7   Thumb Code     0  startup_stm32f407xx.o(.text)
    I2C1_EV_IRQHandler                       0x080001b7   Thumb Code     0  startup_stm32f407xx.o(.text)
    I2C2_ER_IRQHandler                       0x080001b7   Thumb Code     0  startup_stm32f407xx.o(.text)
    I2C2_EV_IRQHandler                       0x080001b7   Thumb Code     0  startup_stm32f407xx.o(.text)
    I2C3_ER_IRQHandler                       0x080001b7   Thumb Code     0  startup_stm32f407xx.o(.text)
    I2C3_EV_IRQHandler                       0x080001b7   Thumb Code     0  startup_stm32f407xx.o(.text)
    OTG_FS_IRQHandler                        0x080001b7   Thumb Code     0  startup_stm32f407xx.o(.text)
    OTG_FS_WKUP_IRQHandler                   0x080001b7   Thumb Code     0  startup_stm32f407xx.o(.text)
    OTG_HS_EP1_IN_IRQHandler                 0x080001b7   Thumb Code     0  startup_stm32f407xx.o(.text)
    OTG_HS_EP1_OUT_IRQHandler                0x080001b7   Thumb Code     0  startup_stm32f407xx.o(.text)
    OTG_HS_IRQHandler                        0x080001b7   Thumb Code     0  startup_stm32f407xx.o(.text)
    OTG_HS_WKUP_IRQHandler                   0x080001b7   Thumb Code     0  startup_stm32f407xx.o(.text)
    PVD_IRQHandler                           0x080001b7   Thumb Code     0  startup_stm32f407xx.o(.text)
    RCC_IRQHandler                           0x080001b7   Thumb Code     0  startup_stm32f407xx.o(.text)
    RTC_Alarm_IRQHandler                     0x080001b7   Thumb Code     0  startup_stm32f407xx.o(.text)
    RTC_WKUP_IRQHandler                      0x080001b7   Thumb Code     0  startup_stm32f407xx.o(.text)
    SDIO_IRQHandler                          0x080001b7   Thumb Code     0  startup_stm32f407xx.o(.text)
    SPI1_IRQHandler                          0x080001b7   Thumb Code     0  startup_stm32f407xx.o(.text)
    SPI2_IRQHandler                          0x080001b7   Thumb Code     0  startup_stm32f407xx.o(.text)
    SPI3_IRQHandler                          0x080001b7   Thumb Code     0  startup_stm32f407xx.o(.text)
    TAMP_STAMP_IRQHandler                    0x080001b7   Thumb Code     0  startup_stm32f407xx.o(.text)
    TIM1_BRK_TIM9_IRQHandler                 0x080001b7   Thumb Code     0  startup_stm32f407xx.o(.text)
    TIM1_CC_IRQHandler                       0x080001b7   Thumb Code     0  startup_stm32f407xx.o(.text)
    TIM1_TRG_COM_TIM11_IRQHandler            0x080001b7   Thumb Code     0  startup_stm32f407xx.o(.text)
    TIM1_UP_TIM10_IRQHandler                 0x080001b7   Thumb Code     0  startup_stm32f407xx.o(.text)
    TIM2_IRQHandler                          0x080001b7   Thumb Code     0  startup_stm32f407xx.o(.text)
    TIM3_IRQHandler                          0x080001b7   Thumb Code     0  startup_stm32f407xx.o(.text)
    TIM4_IRQHandler                          0x080001b7   Thumb Code     0  startup_stm32f407xx.o(.text)
    TIM5_IRQHandler                          0x080001b7   Thumb Code     0  startup_stm32f407xx.o(.text)
    TIM6_DAC_IRQHandler                      0x080001b7   Thumb Code     0  startup_stm32f407xx.o(.text)
    TIM7_IRQHandler                          0x080001b7   Thumb Code     0  startup_stm32f407xx.o(.text)
    TIM8_BRK_TIM12_IRQHandler                0x080001b7   Thumb Code     0  startup_stm32f407xx.o(.text)
    TIM8_CC_IRQHandler                       0x080001b7   Thumb Code     0  startup_stm32f407xx.o(.text)
    TIM8_TRG_COM_TIM14_IRQHandler            0x080001b7   Thumb Code     0  startup_stm32f407xx.o(.text)
    TIM8_UP_TIM13_IRQHandler                 0x080001b7   Thumb Code     0  startup_stm32f407xx.o(.text)
    UART4_IRQHandler                         0x080001b7   Thumb Code     0  startup_stm32f407xx.o(.text)
    UART5_IRQHandler                         0x080001b7   Thumb Code     0  startup_stm32f407xx.o(.text)
    USART1_IRQHandler                        0x080001b7   Thumb Code     0  startup_stm32f407xx.o(.text)
    USART2_IRQHandler                        0x080001b7   Thumb Code     0  startup_stm32f407xx.o(.text)
    USART6_IRQHandler                        0x080001b7   Thumb Code     0  startup_stm32f407xx.o(.text)
    WWDG_IRQHandler                          0x080001b7   Thumb Code     0  startup_stm32f407xx.o(.text)
    __aeabi_uldivmod                         0x080001c1   Thumb Code    98  uldiv.o(.text)
    __aeabi_memcpy                           0x08000223   Thumb Code    36  memcpya.o(.text)
    __aeabi_memcpy4                          0x08000223   Thumb Code     0  memcpya.o(.text)
    __aeabi_memcpy8                          0x08000223   Thumb Code     0  memcpya.o(.text)
    __aeabi_memset                           0x08000247   Thumb Code    14  memseta.o(.text)
    __aeabi_memset4                          0x08000247   Thumb Code     0  memseta.o(.text)
    __aeabi_memset8                          0x08000247   Thumb Code     0  memseta.o(.text)
    __aeabi_memclr                           0x08000255   Thumb Code     4  memseta.o(.text)
    __aeabi_memclr4                          0x08000255   Thumb Code     0  memseta.o(.text)
    __aeabi_memclr8                          0x08000255   Thumb Code     0  memseta.o(.text)
    _memset$wrapper                          0x08000259   Thumb Code    18  memseta.o(.text)
    memcmp                                   0x0800026b   Thumb Code    26  memcmp.o(.text)
    __aeabi_uidiv                            0x08000285   Thumb Code     0  uidiv.o(.text)
    __aeabi_uidivmod                         0x08000285   Thumb Code    44  uidiv.o(.text)
    __aeabi_llsl                             0x080002b1   Thumb Code    30  llshl.o(.text)
    _ll_shift_l                              0x080002b1   Thumb Code     0  llshl.o(.text)
    __aeabi_llsr                             0x080002cf   Thumb Code    32  llushr.o(.text)
    _ll_ushift_r                             0x080002cf   Thumb Code     0  llushr.o(.text)
    __scatterload                            0x080002f1   Thumb Code    28  init.o(.text)
    __scatterload_rt2                        0x080002f1   Thumb Code     0  init.o(.text)
    BusFault_Handler                         0x08000315   Thumb Code     2  stm32f4xx_it.o(i.BusFault_Handler)
    DebugMon_Handler                         0x08000317   Thumb Code     2  stm32f4xx_it.o(i.DebugMon_Handler)
    ETH_IRQHandler                           0x08000369   Thumb Code     6  stm32f4xx_it.o(i.ETH_IRQHandler)
    Error_Handler                            0x08000499   Thumb Code     2  main.o(i.Error_Handler)
    HAL_DMA_Abort_IT                         0x0800049b   Thumb Code    36  stm32f4xx_hal_dma.o(i.HAL_DMA_Abort_IT)
    HAL_Delay                                0x080004c1   Thumb Code    32  stm32f4xx_hal.o(i.HAL_Delay)
    HAL_ETH_ConfigMAC                        0x080004e5   Thumb Code   300  stm32f4xx_hal_eth.o(i.HAL_ETH_ConfigMAC)
    HAL_ETH_DMARxDescListInit                0x08000615   Thumb Code   116  stm32f4xx_hal_eth.o(i.HAL_ETH_DMARxDescListInit)
    HAL_ETH_DMATxDescListInit                0x08000689   Thumb Code   120  stm32f4xx_hal_eth.o(i.HAL_ETH_DMATxDescListInit)
    HAL_ETH_ErrorCallback                    0x08000701   Thumb Code     2  stm32f4xx_hal_eth.o(i.HAL_ETH_ErrorCallback)
    HAL_ETH_GetReceivedFrame                 0x08000703   Thumb Code   122  stm32f4xx_hal_eth.o(i.HAL_ETH_GetReceivedFrame)
    HAL_ETH_IRQHandler                       0x0800077d   Thumb Code   122  stm32f4xx_hal_eth.o(i.HAL_ETH_IRQHandler)
    HAL_ETH_Init                             0x080007f9   Thumb Code   450  stm32f4xx_hal_eth.o(i.HAL_ETH_Init)
    HAL_ETH_MspInit                          0x080009e5   Thumb Code   210  ethernetif.o(i.HAL_ETH_MspInit)
    HAL_ETH_ReadPHYRegister                  0x08000acd   Thumb Code   132  stm32f4xx_hal_eth.o(i.HAL_ETH_ReadPHYRegister)
    HAL_ETH_RxCpltCallback                   0x08000b51   Thumb Code     2  stm32f4xx_hal_eth.o(i.HAL_ETH_RxCpltCallback)
    HAL_ETH_Start                            0x08000b53   Thumb Code   132  stm32f4xx_hal_eth.o(i.HAL_ETH_Start)
    HAL_ETH_Stop                             0x08000bd7   Thumb Code   132  stm32f4xx_hal_eth.o(i.HAL_ETH_Stop)
    HAL_ETH_TransmitFrame                    0x08000c5b   Thumb Code   264  stm32f4xx_hal_eth.o(i.HAL_ETH_TransmitFrame)
    HAL_ETH_TxCpltCallback                   0x08000d63   Thumb Code     2  stm32f4xx_hal_eth.o(i.HAL_ETH_TxCpltCallback)
    HAL_ETH_WritePHYRegister                 0x08000d65   Thumb Code   120  stm32f4xx_hal_eth.o(i.HAL_ETH_WritePHYRegister)
    HAL_GPIO_Init                            0x08000ddd   Thumb Code   394  stm32f4xx_hal_gpio.o(i.HAL_GPIO_Init)
    HAL_GPIO_TogglePin                       0x08000f95   Thumb Code    14  stm32f4xx_hal_gpio.o(i.HAL_GPIO_TogglePin)
    HAL_GPIO_WritePin                        0x08000fa3   Thumb Code    10  stm32f4xx_hal_gpio.o(i.HAL_GPIO_WritePin)
    HAL_GetTick                              0x08000fad   Thumb Code     6  stm32f4xx_hal.o(i.HAL_GetTick)
    HAL_IncTick                              0x08000fb9   Thumb Code    12  stm32f4xx_hal.o(i.HAL_IncTick)
    HAL_Init                                 0x08000fc9   Thumb Code    48  stm32f4xx_hal.o(i.HAL_Init)
    HAL_InitTick                             0x08000ffd   Thumb Code    54  stm32f4xx_hal.o(i.HAL_InitTick)
    HAL_MspInit                              0x0800103d   Thumb Code    42  stm32f4xx_hal_msp.o(i.HAL_MspInit)
    HAL_NVIC_EnableIRQ                       0x0800106d   Thumb Code    26  stm32f4xx_hal_cortex.o(i.HAL_NVIC_EnableIRQ)
    HAL_NVIC_SetPriority                     0x08001089   Thumb Code    60  stm32f4xx_hal_cortex.o(i.HAL_NVIC_SetPriority)
    HAL_NVIC_SetPriorityGrouping             0x080010c9   Thumb Code    26  stm32f4xx_hal_cortex.o(i.HAL_NVIC_SetPriorityGrouping)
    HAL_RCC_ClockConfig                      0x080010ed   Thumb Code   288  stm32f4xx_hal_rcc.o(i.HAL_RCC_ClockConfig)
    HAL_RCC_GetHCLKFreq                      0x08001221   Thumb Code     6  stm32f4xx_hal_rcc.o(i.HAL_RCC_GetHCLKFreq)
    HAL_RCC_GetPCLK1Freq                     0x0800122d   Thumb Code    20  stm32f4xx_hal_rcc.o(i.HAL_RCC_GetPCLK1Freq)
    HAL_RCC_GetPCLK2Freq                     0x0800124d   Thumb Code    20  stm32f4xx_hal_rcc.o(i.HAL_RCC_GetPCLK2Freq)
    HAL_RCC_GetSysClockFreq                  0x0800126d   Thumb Code    88  stm32f4xx_hal_rcc.o(i.HAL_RCC_GetSysClockFreq)
    HAL_RCC_OscConfig                        0x080012cd   Thumb Code   834  stm32f4xx_hal_rcc.o(i.HAL_RCC_OscConfig)
    HAL_SYSTICK_Config                       0x08001629   Thumb Code    40  stm32f4xx_hal_cortex.o(i.HAL_SYSTICK_Config)
    HAL_UART_ErrorCallback                   0x08001651   Thumb Code     2  stm32f4xx_hal_uart.o(i.HAL_UART_ErrorCallback)
    HAL_UART_IRQHandler                      0x08001655   Thumb Code   270  stm32f4xx_hal_uart.o(i.HAL_UART_IRQHandler)
    HAL_UART_Init                            0x08001769   Thumb Code    98  stm32f4xx_hal_uart.o(i.HAL_UART_Init)
    HAL_UART_MspInit                         0x080017cd   Thumb Code   110  usart.o(i.HAL_UART_MspInit)
    HAL_UART_RxCpltCallback                  0x08001849   Thumb Code     2  stm32f4xx_hal_uart.o(i.HAL_UART_RxCpltCallback)
    HAL_UART_Transmit                        0x0800184b   Thumb Code   186  stm32f4xx_hal_uart.o(i.HAL_UART_Transmit)
    HAL_UART_TxCpltCallback                  0x08001905   Thumb Code     2  stm32f4xx_hal_uart.o(i.HAL_UART_TxCpltCallback)
    HardFault_Handler                        0x08001907   Thumb Code     2  stm32f4xx_it.o(i.HardFault_Handler)
    MX_GPIO_Init                             0x08001909   Thumb Code   180  gpio.o(i.MX_GPIO_Init)
    MX_LWIP_Init                             0x080019c9   Thumb Code   230  lwip.o(i.MX_LWIP_Init)
    MX_LWIP_Process                          0x08001ac5   Thumb Code    16  lwip.o(i.MX_LWIP_Process)
    MX_USART3_UART_Init                      0x08001ad9   Thumb Code    48  usart.o(i.MX_USART3_UART_Init)
    MemManage_Handler                        0x08001b11   Thumb Code     2  stm32f4xx_it.o(i.MemManage_Handler)
    NMI_Handler                              0x08001b13   Thumb Code     2  stm32f4xx_it.o(i.NMI_Handler)
    PendSV_Handler                           0x08001b15   Thumb Code     2  stm32f4xx_it.o(i.PendSV_Handler)
    SVC_Handler                              0x08001b17   Thumb Code     2  stm32f4xx_it.o(i.SVC_Handler)
    SysTick_Handler                          0x08001b19   Thumb Code     4  stm32f4xx_it.o(i.SysTick_Handler)
    SystemClock_Config                       0x08001b1d   Thumb Code   122  main.o(i.SystemClock_Config)
    SystemInit                               0x08001ba1   Thumb Code    22  system_stm32f4xx.o(i.SystemInit)
    TCP_Echo_Init                            0x08001bbd   Thumb Code    60  tcpserver.o(i.TCP_Echo_Init)
    USART3_IRQHandler                        0x08001eed   Thumb Code     6  stm32f4xx_it.o(i.USART3_IRQHandler)
    UsageFault_Handler                       0x08001ef9   Thumb Code     2  stm32f4xx_it.o(i.UsageFault_Handler)
    __0printf$3                              0x08001efd   Thumb Code    22  printf3.o(i.__0printf$3)
    __1printf$3                              0x08001efd   Thumb Code     0  printf3.o(i.__0printf$3)
    __2printf                                0x08001efd   Thumb Code     0  printf3.o(i.__0printf$3)
    __scatterload_copy                       0x08001f3d   Thumb Code    14  handlers.o(i.__scatterload_copy)
    __scatterload_null                       0x08001f4b   Thumb Code     2  handlers.o(i.__scatterload_null)
    __scatterload_zeroinit                   0x08001f4d   Thumb Code    14  handlers.o(i.__scatterload_zeroinit)
    etharp_cleanup_netif                     0x08002271   Thumb Code    42  etharp.o(i.etharp_cleanup_netif)
    etharp_input                             0x0800251d   Thumb Code   148  etharp.o(i.etharp_input)
    etharp_output                            0x08002621   Thumb Code   274  etharp.o(i.etharp_output)
    etharp_query                             0x080028dd   Thumb Code   300  etharp.o(i.etharp_query)
    etharp_request                           0x08002c25   Thumb Code     6  etharp.o(i.etharp_request)
    etharp_tmr                               0x08002c51   Thumb Code    92  etharp.o(i.etharp_tmr)
    ethernet_input                           0x08002dcd   Thumb Code   154  ethernet.o(i.ethernet_input)
    ethernet_output                          0x08002e6d   Thumb Code    98  ethernet.o(i.ethernet_output)
    ethernetif_init                          0x08002f65   Thumb Code    50  ethernetif.o(i.ethernetif_init)
    ethernetif_input                         0x08002fed   Thumb Code    34  ethernetif.o(i.ethernetif_input)
    ethernetif_notify_conn_changed           0x0800300f   Thumb Code     2  ethernetif.o(i.ethernetif_notify_conn_changed)
    ethernetif_update_config                 0x08003011   Thumb Code   170  ethernetif.o(i.ethernetif_update_config)
    fputc                                    0x080030c1   Thumb Code    20  usart.o(i.fputc)
    icmp_dest_unreach                        0x080030d9   Thumb Code     8  icmp.o(i.icmp_dest_unreach)
    icmp_input                               0x080030e1   Thumb Code   274  icmp.o(i.icmp_input)
    icmp_time_exceeded                       0x080033d1   Thumb Code     8  icmp.o(i.icmp_time_exceeded)
    ip4_addr_isbroadcast_u32                 0x080033d9   Thumb Code    46  ip4_addr.o(i.ip4_addr_isbroadcast_u32)
    ip4_frag                                 0x08003409   Thumb Code   390  ip4_frag.o(i.ip4_frag)
    ip4_input                                0x0800365d   Thumb Code   396  ip4.o(i.ip4_input)
    ip4_output_if                            0x080037f1   Thumb Code    30  ip4.o(i.ip4_output_if)
    ip4_output_if_src                        0x08003811   Thumb Code   204  ip4.o(i.ip4_output_if_src)
    ip4_reass                                0x0800397d   Thumb Code   430  ip4_frag.o(i.ip4_reass)
    ip4_route                                0x08003b31   Thumb Code    82  ip4.o(i.ip4_route)
    ip_reass_tmr                             0x08004149   Thumb Code    40  ip4_frag.o(i.ip_reass_tmr)
    lwip_htonl                               0x08004461   Thumb Code     4  def.o(i.lwip_htonl)
    lwip_htons                               0x08004465   Thumb Code     4  def.o(i.lwip_htons)
    lwip_init                                0x08004469   Thumb Code    26  init.o(i.lwip_init)
    main                                     0x08004485   Thumb Code    72  main.o(i.main)
    mem_free                                 0x080044e1   Thumb Code   110  mem.o(i.mem_free)
    mem_init                                 0x080045fd   Thumb Code    42  mem.o(i.mem_init)
    mem_malloc                               0x08004631   Thumb Code   256  mem.o(i.mem_malloc)
    mem_trim                                 0x0800482d   Thumb Code   240  mem.o(i.mem_trim)
    memp_free                                0x080049b1   Thumb Code    34  memp.o(i.memp_free)
    memp_init                                0x08004a4d   Thumb Code    26  memp.o(i.memp_init)
    memp_init_pool                           0x08004a6d   Thumb Code    42  memp.o(i.memp_init_pool)
    memp_malloc                              0x08004a99   Thumb Code    38  memp.o(i.memp_malloc)
    netif_add                                0x08004b3d   Thumb Code   106  netif.o(i.netif_add)
    netif_init                               0x08004c21   Thumb Code     2  netif.o(i.netif_init)
    netif_set_addr                           0x08004c3d   Thumb Code    72  netif.o(i.netif_set_addr)
    netif_set_default                        0x08004c85   Thumb Code     6  netif.o(i.netif_set_default)
    netif_set_down                           0x08004c91   Thumb Code    46  netif.o(i.netif_set_down)
    netif_set_gw                             0x08004cbf   Thumb Code     8  netif.o(i.netif_set_gw)
    netif_set_ipaddr                         0x08004cc9   Thumb Code    62  netif.o(i.netif_set_ipaddr)
    netif_set_link_callback                  0x08004d0d   Thumb Code     8  netif.o(i.netif_set_link_callback)
    netif_set_netmask                        0x08004d15   Thumb Code     8  netif.o(i.netif_set_netmask)
    netif_set_up                             0x08004d1d   Thumb Code    50  netif.o(i.netif_set_up)
    pbuf_alloc                               0x08004d51   Thumb Code   464  pbuf.o(i.pbuf_alloc)
    pbuf_alloced_custom                      0x080050b9   Thumb Code    98  pbuf.o(i.pbuf_alloced_custom)
    pbuf_cat                                 0x08005199   Thumb Code    96  pbuf.o(i.pbuf_cat)
    pbuf_clen                                0x080052c9   Thumb Code    18  pbuf.o(i.pbuf_clen)
    pbuf_copy                                0x080052dd   Thumb Code   242  pbuf.o(i.pbuf_copy)
    pbuf_copy_partial                        0x080054c9   Thumb Code   126  pbuf.o(i.pbuf_copy_partial)
    pbuf_free                                0x080055e5   Thumb Code   172  pbuf.o(i.pbuf_free)
    pbuf_header                              0x08005749   Thumb Code     6  pbuf.o(i.pbuf_header)
    pbuf_header_force                        0x0800574f   Thumb Code     6  pbuf.o(i.pbuf_header_force)
    pbuf_realloc                             0x08005879   Thumb Code   196  pbuf.o(i.pbuf_realloc)
    pbuf_ref                                 0x08005a11   Thumb Code    32  pbuf.o(i.pbuf_ref)
    sys_check_timeouts                       0x08005c19   Thumb Code    68  timeouts.o(i.sys_check_timeouts)
    sys_now                                  0x08005c61   Thumb Code     4  ethernetif.o(i.sys_now)
    sys_timeout                              0x08005c65   Thumb Code   158  timeouts.o(i.sys_timeout)
    sys_timeouts_init                        0x08005da5   Thumb Code    38  timeouts.o(i.sys_timeouts_init)
    tcp_abandon                              0x08005dd9   Thumb Code   218  tcp.o(i.tcp_abandon)
    tcp_abort                                0x08005f45   Thumb Code     6  tcp.o(i.tcp_abort)
    tcp_accept                               0x08005f4b   Thumb Code    14  tcp.o(i.tcp_accept)
    tcp_alloc                                0x08005f69   Thumb Code   238  tcp.o(i.tcp_alloc)
    tcp_bind                                 0x08006065   Thumb Code   152  tcp.o(i.tcp_bind)
    tcp_close                                0x08006189   Thumb Code    20  tcp.o(i.tcp_close)
    tcp_eff_send_mss_impl                    0x08006509   Thumb Code    34  tcp.o(i.tcp_eff_send_mss_impl)
    tcp_enqueue_flags                        0x0800652d   Thumb Code   260  tcp_out.o(i.tcp_enqueue_flags)
    tcp_fasttmr                              0x08006739   Thumb Code   102  tcp.o(i.tcp_fasttmr)
    tcp_init                                 0x080067d5   Thumb Code     2  tcp.o(i.tcp_init)
    tcp_input                                0x080067d9   Thumb Code  1488  tcp_in.o(i.tcp_input)
    tcp_keepalive                            0x08006de9   Thumb Code    82  tcp_out.o(i.tcp_keepalive)
    tcp_listen_with_backlog                  0x080070b9   Thumb Code     6  tcp.o(i.tcp_listen_with_backlog)
    tcp_listen_with_backlog_and_err          0x080070c1   Thumb Code   158  tcp.o(i.tcp_listen_with_backlog_and_err)
    tcp_netif_ip_addr_changed                0x080071e5   Thumb Code    72  tcp.o(i.tcp_netif_ip_addr_changed)
    tcp_new                                  0x08007253   Thumb Code     6  tcp.o(i.tcp_new)
    tcp_next_iss                             0x080072b5   Thumb Code    12  tcp.o(i.tcp_next_iss)
    tcp_output                               0x080072c5   Thumb Code   554  tcp_out.o(i.tcp_output)
    tcp_pcb_purge                            0x08007891   Thumb Code    58  tcp.o(i.tcp_pcb_purge)
    tcp_pcb_remove                           0x080078cd   Thumb Code   122  tcp.o(i.tcp_pcb_remove)
    tcp_process_refused_data                 0x08007e59   Thumb Code   104  tcp.o(i.tcp_process_refused_data)
    tcp_recv                                 0x08008531   Thumb Code    32  tcp.o(i.tcp_recv)
    tcp_recv_null                            0x080085d1   Thumb Code    36  tcp.o(i.tcp_recv_null)
    tcp_recved                               0x080085f5   Thumb Code   106  tcp.o(i.tcp_recved)
    tcp_rexmit                               0x08008705   Thumb Code    86  tcp_out.o(i.tcp_rexmit)
    tcp_rexmit_fast                          0x0800875b   Thumb Code    88  tcp_out.o(i.tcp_rexmit_fast)
    tcp_rexmit_rto                           0x080087b3   Thumb Code    50  tcp_out.o(i.tcp_rexmit_rto)
    tcp_rst                                  0x080087e5   Thumb Code   148  tcp_out.o(i.tcp_rst)
    tcp_seg_free                             0x08008905   Thumb Code    28  tcp.o(i.tcp_seg_free)
    tcp_segs_free                            0x08008921   Thumb Code    18  tcp.o(i.tcp_segs_free)
    tcp_send_empty_ack                       0x08008933   Thumb Code   114  tcp_out.o(i.tcp_send_empty_ack)
    tcp_send_fin                             0x080089a5   Thumb Code    68  tcp_out.o(i.tcp_send_fin)
    tcp_slowtmr                              0x080089e9   Thumb Code   752  tcp.o(i.tcp_slowtmr)
    tcp_timer_needed                         0x08008ea1   Thumb Code    36  timeouts.o(i.tcp_timer_needed)
    tcp_tmr                                  0x08008f3d   Thumb Code    28  tcp.o(i.tcp_tmr)
    tcp_trigger_input_pcb_close              0x08008f5d   Thumb Code    12  tcp_in.o(i.tcp_trigger_input_pcb_close)
    tcp_update_rcv_ann_wnd                   0x08008f6d   Thumb Code    76  tcp.o(i.tcp_update_rcv_ann_wnd)
    tcp_write                                0x0800902d   Thumb Code  1664  tcp_out.o(i.tcp_write)
    tcp_zero_window_probe                    0x080097ed   Thumb Code   180  tcp_out.o(i.tcp_zero_window_probe)
    AHBPrescTable                            0x0800997c   Data          16  system_stm32f4xx.o(.constdata)
    APBPrescTable                            0x0800998c   Data           8  system_stm32f4xx.o(.constdata)
    ethbroadcast                             0x08009994   Data           6  ethernet.o(.constdata)
    ethzero                                  0x0800999a   Data           6  ethernet.o(.constdata)
    memp_TCP_PCB                             0x080099a0   Data          12  memp.o(.constdata)
    memp_TCP_PCB_LISTEN                      0x080099ac   Data          12  memp.o(.constdata)
    memp_TCP_SEG                             0x080099b8   Data          12  memp.o(.constdata)
    memp_REASSDATA                           0x080099c4   Data          12  memp.o(.constdata)
    memp_FRAG_PBUF                           0x080099d0   Data          12  memp.o(.constdata)
    memp_SYS_TIMEOUT                         0x080099dc   Data          12  memp.o(.constdata)
    memp_PBUF                                0x080099e8   Data          12  memp.o(.constdata)
    memp_PBUF_POOL                           0x080099f4   Data          12  memp.o(.constdata)
    memp_pools                               0x08009a00   Data          32  memp.o(.constdata)
    tcp_pcb_lists                            0x08009a64   Data          16  tcp.o(.constdata)
    lwip_cyclic_timers                       0x08009a74   Data          24  timeouts.o(.constdata)
    ip_addr_any                              0x08009a8c   Data           4  ip4_addr.o(.constdata)
    Region$$Table$$Base                      0x08009ba4   Number         0  anon$$obj.o(Region$$Table)
    Region$$Table$$Limit                     0x08009bc4   Number         0  anon$$obj.o(Region$$Table)
    ipaddr                                   0x20000000   Data           4  lwip.o(.data)
    netmask                                  0x20000004   Data           4  lwip.o(.data)
    gw                                       0x20000008   Data           4  lwip.o(.data)
    IP_ADDRESS                               0x2000000c   Data           4  lwip.o(.data)
    NETMASK_ADDRESS                          0x20000010   Data           4  lwip.o(.data)
    GATEWAY_ADDRESS                          0x20000014   Data           4  lwip.o(.data)
    uwTickFreq                               0x20000018   Data           1  stm32f4xx_hal.o(.data)
    uwTickPrio                               0x2000001c   Data           4  stm32f4xx_hal.o(.data)
    uwTick                                   0x20000020   Data           4  stm32f4xx_hal.o(.data)
    SystemCoreClock                          0x20000024   Data           4  system_stm32f4xx.o(.data)
    netif_list                               0x20000058   Data           4  netif.o(.data)
    netif_default                            0x2000005c   Data           4  netif.o(.data)
    tcp_active_pcbs_changed                  0x20000060   Data           1  tcp.o(.data)
    tcp_ticks                                0x2000006c   Data           4  tcp.o(.data)
    tcp_bound_pcbs                           0x20000070   Data           4  tcp.o(.data)
    tcp_listen_pcbs                          0x20000074   Data           4  tcp.o(.data)
    tcp_active_pcbs                          0x20000078   Data           4  tcp.o(.data)
    tcp_tw_pcbs                              0x2000007c   Data           4  tcp.o(.data)
    tcp_input_pcb                            0x200000a0   Data           4  tcp_in.o(.data)
    __stdout                                 0x200000bc   Data           4  stdout.o(.data)
    gnetif                                   0x200000c0   Data          56  lwip.o(.bss)
    DMARxDscrTab                             0x200000f8   Data         128  ethernetif.o(.bss)
    DMATxDscrTab                             0x20000178   Data         128  ethernetif.o(.bss)
    Rx_Buff                                  0x200001f8   Data        6096  ethernetif.o(.bss)
    Tx_Buff                                  0x200019c8   Data        6096  ethernetif.o(.bss)
    heth                                     0x20003198   Data          72  ethernetif.o(.bss)
    huart3                                   0x200031e0   Data          64  usart.o(.bss)
    ip_data                                  0x20003220   Data          24  ip.o(.bss)
    ram_heap                                 0x20003238   Data        1619  mem.o(.bss)
    memp_memory_TCP_PCB_base                 0x2000388b   Data         743  memp.o(.bss)
    memp_memory_TCP_PCB_LISTEN_base          0x20003b72   Data         227  memp.o(.bss)
    memp_memory_TCP_SEG_base                 0x20003c55   Data         259  memp.o(.bss)
    memp_memory_REASSDATA_base               0x20003d58   Data         163  memp.o(.bss)
    memp_memory_FRAG_PBUF_base               0x20003dfb   Data         363  memp.o(.bss)
    memp_memory_SYS_TIMEOUT_base             0x20003f66   Data          51  memp.o(.bss)
    memp_memory_PBUF_base                    0x20003f99   Data         259  memp.o(.bss)
    memp_memory_PBUF_POOL_base               0x2000409c   Data        9731  memp.o(.bss)
    __initial_sp                             0x20006ba0   Data           0  startup_stm32f407xx.o(STACK)



==============================================================================

Memory Map of the image

  Image Entry point : 0x08000189

  Load Region LR_IROM1 (Base: 0x08000000, Size: 0x00009c84, Max: 0x00100000, ABSOLUTE)

    Execution Region ER_IROM1 (Base: 0x08000000, Size: 0x00009bc4, Max: 0x00100000, ABSOLUTE)

    Base Addr    Size         Type   Attr      Idx    E Section Name        Object

    0x08000000   0x00000188   Data   RO            3    RESET               startup_stm32f407xx.o
    0x08000188   0x00000000   Code   RO         5305  * .ARM.Collect$$$$00000000  mc_w.l(entry.o)
    0x08000188   0x00000004   Code   RO         5583    .ARM.Collect$$$$00000001  mc_w.l(entry2.o)
    0x0800018c   0x00000004   Code   RO         5586    .ARM.Collect$$$$00000004  mc_w.l(entry5.o)
    0x08000190   0x00000000   Code   RO         5588    .ARM.Collect$$$$00000008  mc_w.l(entry7b.o)
    0x08000190   0x00000000   Code   RO         5590    .ARM.Collect$$$$0000000A  mc_w.l(entry8b.o)
    0x08000190   0x00000008   Code   RO         5591    .ARM.Collect$$$$0000000B  mc_w.l(entry9a.o)
    0x08000198   0x00000000   Code   RO         5593    .ARM.Collect$$$$0000000D  mc_w.l(entry10a.o)
    0x08000198   0x00000000   Code   RO         5595    .ARM.Collect$$$$0000000F  mc_w.l(entry11a.o)
    0x08000198   0x00000004   Code   RO         5584    .ARM.Collect$$$$00002712  mc_w.l(entry2.o)
    0x0800019c   0x00000024   Code   RO            4    .text               startup_stm32f407xx.o
    0x080001c0   0x00000062   Code   RO         5308    .text               mc_w.l(uldiv.o)
    0x08000222   0x00000024   Code   RO         5310    .text               mc_w.l(memcpya.o)
    0x08000246   0x00000024   Code   RO         5312    .text               mc_w.l(memseta.o)
    0x0800026a   0x0000001a   Code   RO         5316    .text               mc_w.l(memcmp.o)
    0x08000284   0x0000002c   Code   RO         5598    .text               mc_w.l(uidiv.o)
    0x080002b0   0x0000001e   Code   RO         5600    .text               mc_w.l(llshl.o)
    0x080002ce   0x00000020   Code   RO         5602    .text               mc_w.l(llushr.o)
    0x080002ee   0x00000002   PAD
    0x080002f0   0x00000024   Code   RO         5615    .text               mc_w.l(init.o)
    0x08000314   0x00000002   Code   RO          508    i.BusFault_Handler  stm32f4xx_it.o
    0x08000316   0x00000002   Code   RO          509    i.DebugMon_Handler  stm32f4xx_it.o
    0x08000318   0x00000020   Code   RO          743    i.ETH_Delay         stm32f4xx_hal_eth.o
    0x08000338   0x0000002e   Code   RO          744    i.ETH_FlushTransmitFIFO  stm32f4xx_hal_eth.o
    0x08000366   0x00000002   PAD
    0x08000368   0x0000000c   Code   RO          510    i.ETH_IRQHandler    stm32f4xx_it.o
    0x08000374   0x00000124   Code   RO          745    i.ETH_MACDMAConfig  stm32f4xx_hal_eth.o
    0x08000498   0x00000002   Code   RO           13    i.Error_Handler     main.o
    0x0800049a   0x00000024   Code   RO         1721    i.HAL_DMA_Abort_IT  stm32f4xx_hal_dma.o
    0x080004be   0x00000002   PAD
    0x080004c0   0x00000024   Code   RO         2139    i.HAL_Delay         stm32f4xx_hal.o
    0x080004e4   0x00000130   Code   RO          747    i.HAL_ETH_ConfigMAC  stm32f4xx_hal_eth.o
    0x08000614   0x00000074   Code   RO          748    i.HAL_ETH_DMARxDescListInit  stm32f4xx_hal_eth.o
    0x08000688   0x00000078   Code   RO          749    i.HAL_ETH_DMATxDescListInit  stm32f4xx_hal_eth.o
    0x08000700   0x00000002   Code   RO          751    i.HAL_ETH_ErrorCallback  stm32f4xx_hal_eth.o
    0x08000702   0x0000007a   Code   RO          752    i.HAL_ETH_GetReceivedFrame  stm32f4xx_hal_eth.o
    0x0800077c   0x0000007a   Code   RO          755    i.HAL_ETH_IRQHandler  stm32f4xx_hal_eth.o
    0x080007f6   0x00000002   PAD
    0x080007f8   0x000001ec   Code   RO          756    i.HAL_ETH_Init      stm32f4xx_hal_eth.o
    0x080009e4   0x000000e8   Code   RO          351    i.HAL_ETH_MspInit   ethernetif.o
    0x08000acc   0x00000084   Code   RO          759    i.HAL_ETH_ReadPHYRegister  stm32f4xx_hal_eth.o
    0x08000b50   0x00000002   Code   RO          760    i.HAL_ETH_RxCpltCallback  stm32f4xx_hal_eth.o
    0x08000b52   0x00000084   Code   RO          761    i.HAL_ETH_Start     stm32f4xx_hal_eth.o
    0x08000bd6   0x00000084   Code   RO          762    i.HAL_ETH_Stop      stm32f4xx_hal_eth.o
    0x08000c5a   0x00000108   Code   RO          763    i.HAL_ETH_TransmitFrame  stm32f4xx_hal_eth.o
    0x08000d62   0x00000002   Code   RO          764    i.HAL_ETH_TxCpltCallback  stm32f4xx_hal_eth.o
    0x08000d64   0x00000078   Code   RO          765    i.HAL_ETH_WritePHYRegister  stm32f4xx_hal_eth.o
    0x08000ddc   0x000001b8   Code   RO         1613    i.HAL_GPIO_Init     stm32f4xx_hal_gpio.o
    0x08000f94   0x0000000e   Code   RO         1616    i.HAL_GPIO_TogglePin  stm32f4xx_hal_gpio.o
    0x08000fa2   0x0000000a   Code   RO         1617    i.HAL_GPIO_WritePin  stm32f4xx_hal_gpio.o
    0x08000fac   0x0000000c   Code   RO         2145    i.HAL_GetTick       stm32f4xx_hal.o
    0x08000fb8   0x00000010   Code   RO         2151    i.HAL_IncTick       stm32f4xx_hal.o
    0x08000fc8   0x00000034   Code   RO         2152    i.HAL_Init          stm32f4xx_hal.o
    0x08000ffc   0x00000040   Code   RO         2153    i.HAL_InitTick      stm32f4xx_hal.o
    0x0800103c   0x00000030   Code   RO          596    i.HAL_MspInit       stm32f4xx_hal_msp.o
    0x0800106c   0x0000001a   Code   RO         2002    i.HAL_NVIC_EnableIRQ  stm32f4xx_hal_cortex.o
    0x08001086   0x00000002   PAD
    0x08001088   0x00000040   Code   RO         2008    i.HAL_NVIC_SetPriority  stm32f4xx_hal_cortex.o
    0x080010c8   0x00000024   Code   RO         2009    i.HAL_NVIC_SetPriorityGrouping  stm32f4xx_hal_cortex.o
    0x080010ec   0x00000134   Code   RO         1259    i.HAL_RCC_ClockConfig  stm32f4xx_hal_rcc.o
    0x08001220   0x0000000c   Code   RO         1264    i.HAL_RCC_GetHCLKFreq  stm32f4xx_hal_rcc.o
    0x0800122c   0x00000020   Code   RO         1266    i.HAL_RCC_GetPCLK1Freq  stm32f4xx_hal_rcc.o
    0x0800124c   0x00000020   Code   RO         1267    i.HAL_RCC_GetPCLK2Freq  stm32f4xx_hal_rcc.o
    0x0800126c   0x00000060   Code   RO         1268    i.HAL_RCC_GetSysClockFreq  stm32f4xx_hal_rcc.o
    0x080012cc   0x0000035c   Code   RO         1271    i.HAL_RCC_OscConfig  stm32f4xx_hal_rcc.o
    0x08001628   0x00000028   Code   RO         2013    i.HAL_SYSTICK_Config  stm32f4xx_hal_cortex.o
    0x08001650   0x00000002   Code   RO          953    i.HAL_UART_ErrorCallback  stm32f4xx_hal_uart.o
    0x08001652   0x00000002   PAD
    0x08001654   0x00000114   Code   RO          956    i.HAL_UART_IRQHandler  stm32f4xx_hal_uart.o
    0x08001768   0x00000062   Code   RO          957    i.HAL_UART_Init     stm32f4xx_hal_uart.o
    0x080017ca   0x00000002   PAD
    0x080017cc   0x0000007c   Code   RO          455    i.HAL_UART_MspInit  usart.o
    0x08001848   0x00000002   Code   RO          963    i.HAL_UART_RxCpltCallback  stm32f4xx_hal_uart.o
    0x0800184a   0x000000ba   Code   RO          965    i.HAL_UART_Transmit  stm32f4xx_hal_uart.o
    0x08001904   0x00000002   Code   RO          968    i.HAL_UART_TxCpltCallback  stm32f4xx_hal_uart.o
    0x08001906   0x00000002   Code   RO          511    i.HardFault_Handler  stm32f4xx_it.o
    0x08001908   0x000000c0   Code   RO          262    i.MX_GPIO_Init      gpio.o
    0x080019c8   0x000000fc   Code   RO          286    i.MX_LWIP_Init      lwip.o
    0x08001ac4   0x00000014   Code   RO          287    i.MX_LWIP_Process   lwip.o
    0x08001ad8   0x00000038   Code   RO          456    i.MX_USART3_UART_Init  usart.o
    0x08001b10   0x00000002   Code   RO          512    i.MemManage_Handler  stm32f4xx_it.o
    0x08001b12   0x00000002   Code   RO          513    i.NMI_Handler       stm32f4xx_it.o
    0x08001b14   0x00000002   Code   RO          514    i.PendSV_Handler    stm32f4xx_it.o
    0x08001b16   0x00000002   Code   RO          515    i.SVC_Handler       stm32f4xx_it.o
    0x08001b18   0x00000004   Code   RO          516    i.SysTick_Handler   stm32f4xx_it.o
    0x08001b1c   0x00000084   Code   RO           14    i.SystemClock_Config  main.o
    0x08001ba0   0x0000001c   Code   RO         2391    i.SystemInit        system_stm32f4xx.o
    0x08001bbc   0x0000007c   Code   RO          709    i.TCP_Echo_Init     tcpserver.o
    0x08001c38   0x00000010   Code   RO          970    i.UART_DMAAbortOnError  stm32f4xx_hal_uart.o
    0x08001c48   0x0000001c   Code   RO          980    i.UART_EndRxTransfer  stm32f4xx_hal_uart.o
    0x08001c64   0x00000096   Code   RO          982    i.UART_Receive_IT   stm32f4xx_hal_uart.o
    0x08001cfa   0x00000002   PAD
    0x08001cfc   0x00000128   Code   RO          983    i.UART_SetConfig    stm32f4xx_hal_uart.o
    0x08001e24   0x00000062   Code   RO          984    i.UART_Transmit_IT  stm32f4xx_hal_uart.o
    0x08001e86   0x00000064   Code   RO          985    i.UART_WaitOnFlagUntilTimeout  stm32f4xx_hal_uart.o
    0x08001eea   0x00000002   PAD
    0x08001eec   0x0000000c   Code   RO          517    i.USART3_IRQHandler  stm32f4xx_it.o
    0x08001ef8   0x00000002   Code   RO          518    i.UsageFault_Handler  stm32f4xx_it.o
    0x08001efa   0x00000002   PAD
    0x08001efc   0x00000020   Code   RO         5411    i.__0printf$3       mc_w.l(printf3.o)
    0x08001f1c   0x00000020   Code   RO         2015    i.__NVIC_SetPriority  stm32f4xx_hal_cortex.o
    0x08001f3c   0x0000000e   Code   RO         5623    i.__scatterload_copy  mc_w.l(handlers.o)
    0x08001f4a   0x00000002   Code   RO         5624    i.__scatterload_null  mc_w.l(handlers.o)
    0x08001f4c   0x0000000e   Code   RO         5625    i.__scatterload_zeroinit  mc_w.l(handlers.o)
    0x08001f5a   0x00000002   PAD
    0x08001f5c   0x000001b8   Code   RO         5418    i._printf_core      mc_w.l(printf3.o)
    0x08002114   0x0000001c   Code   RO         4437    i.cyclic_timer      timeouts.o
    0x08002130   0x0000009c   Code   RO         3475    i.do_memp_free_pool  memp.o
    0x080021cc   0x000000a4   Code   RO         3476    i.do_memp_malloc_pool  memp.o
    0x08002270   0x00000030   Code   RO         4571    i.etharp_cleanup_netif  etharp.o
    0x080022a0   0x00000258   Code   RO         4573    i.etharp_find_entry  etharp.o
    0x080024f8   0x00000024   Code   RO         4574    i.etharp_free_entry  etharp.o
    0x0800251c   0x00000104   Code   RO         4576    i.etharp_input      etharp.o
    0x08002620   0x000001ac   Code   RO         4577    i.etharp_output     etharp.o
    0x080027cc   0x00000110   Code   RO         4578    i.etharp_output_to_arp_index  etharp.o
    0x080028dc   0x000001d8   Code   RO         4579    i.etharp_query      etharp.o
    0x08002ab4   0x00000170   Code   RO         4580    i.etharp_raw        etharp.o
    0x08002c24   0x0000000c   Code   RO         4581    i.etharp_request    etharp.o
    0x08002c30   0x00000020   Code   RO         4582    i.etharp_request_dst  etharp.o
    0x08002c50   0x00000060   Code   RO         4583    i.etharp_tmr        etharp.o
    0x08002cb0   0x0000011c   Code   RO         4584    i.etharp_update_arp_entry  etharp.o
    0x08002dcc   0x000000a0   Code   RO         2866    i.ethernet_input    ethernet.o
    0x08002e6c   0x000000f8   Code   RO         2867    i.ethernet_output   ethernet.o
    0x08002f64   0x00000088   Code   RO          352    i.ethernetif_init   ethernetif.o
    0x08002fec   0x00000022   Code   RO          353    i.ethernetif_input  ethernetif.o
    0x0800300e   0x00000002   Code   RO          354    i.ethernetif_notify_conn_changed  ethernetif.o
    0x08003010   0x000000b0   Code   RO          356    i.ethernetif_update_config  ethernetif.o
    0x080030c0   0x00000018   Code   RO          458    i.fputc             usart.o
    0x080030d8   0x00000008   Code   RO         4671    i.icmp_dest_unreach  icmp.o
    0x080030e0   0x000001e4   Code   RO         4672    i.icmp_input        icmp.o
    0x080032c4   0x0000010c   Code   RO         4673    i.icmp_send_response  icmp.o
    0x080033d0   0x00000008   Code   RO         4674    i.icmp_time_exceeded  icmp.o
    0x080033d8   0x0000002e   Code   RO         4790    i.ip4_addr_isbroadcast_u32  ip4_addr.o
    0x08003406   0x00000002   PAD
    0x08003408   0x00000254   Code   RO         4856    i.ip4_frag          ip4_frag.o
    0x0800365c   0x00000194   Code   RO         4737    i.ip4_input         ip4.o
    0x080037f0   0x0000001e   Code   RO         4739    i.ip4_output_if     ip4.o
    0x0800380e   0x00000002   PAD
    0x08003810   0x0000016c   Code   RO         4740    i.ip4_output_if_src  ip4.o
    0x0800397c   0x000001b4   Code   RO         4857    i.ip4_reass         ip4_frag.o
    0x08003b30   0x0000005c   Code   RO         4741    i.ip4_route         ip4.o
    0x08003b8c   0x00000090   Code   RO         4858    i.ip_frag_free_pbuf_custom_ref  ip4_frag.o
    0x08003c1c   0x00000260   Code   RO         4859    i.ip_reass_chain_frag_into_datagram_and_validate  ip4_frag.o
    0x08003e7c   0x000000bc   Code   RO         4860    i.ip_reass_dequeue_datagram  ip4_frag.o
    0x08003f38   0x00000190   Code   RO         4861    i.ip_reass_free_complete_datagram  ip4_frag.o
    0x080040c8   0x00000080   Code   RO         4862    i.ip_reass_remove_oldest_datagram  ip4_frag.o
    0x08004148   0x0000002c   Code   RO         4863    i.ip_reass_tmr      ip4_frag.o
    0x08004174   0x00000098   Code   RO         4864    i.ipfrag_free_pbuf_custom  ip4_frag.o
    0x0800420c   0x000000f0   Code   RO          357    i.low_level_init    ethernetif.o
    0x080042fc   0x000000bc   Code   RO          358    i.low_level_input   ethernetif.o
    0x080043b8   0x000000a8   Code   RO          359    i.low_level_output  ethernetif.o
    0x08004460   0x00000004   Code   RO         3160    i.lwip_htonl        def.o
    0x08004464   0x00000004   Code   RO         3161    i.lwip_htons        def.o
    0x08004468   0x0000001a   Code   RO         3313    i.lwip_init         init.o
    0x08004482   0x00000002   PAD
    0x08004484   0x0000005c   Code   RO           15    i.main              main.o
    0x080044e0   0x0000011c   Code   RO         3409    i.mem_free          mem.o
    0x080045fc   0x00000034   Code   RO         3410    i.mem_init          mem.o
    0x08004630   0x000001fc   Code   RO         3411    i.mem_malloc        mem.o
    0x0800482c   0x00000184   Code   RO         3412    i.mem_trim          mem.o
    0x080049b0   0x0000009c   Code   RO         3477    i.memp_free         memp.o
    0x08004a4c   0x00000020   Code   RO         3479    i.memp_init         memp.o
    0x08004a6c   0x0000002a   Code   RO         3480    i.memp_init_pool    memp.o
    0x08004a96   0x00000002   PAD
    0x08004a98   0x000000a4   Code   RO         3481    i.memp_malloc       memp.o
    0x08004b3c   0x000000e4   Code   RO         3617    i.netif_add         netif.o
    0x08004c20   0x00000002   Code   RO         3619    i.netif_init        netif.o
    0x08004c22   0x0000001a   Code   RO         3621    i.netif_issue_reports  netif.o
    0x08004c3c   0x00000048   Code   RO         3623    i.netif_set_addr    netif.o
    0x08004c84   0x0000000c   Code   RO         3624    i.netif_set_default  netif.o
    0x08004c90   0x0000002e   Code   RO         3625    i.netif_set_down    netif.o
    0x08004cbe   0x00000008   Code   RO         3626    i.netif_set_gw      netif.o
    0x08004cc6   0x00000002   PAD
    0x08004cc8   0x00000044   Code   RO         3627    i.netif_set_ipaddr  netif.o
    0x08004d0c   0x00000008   Code   RO         3628    i.netif_set_link_callback  netif.o
    0x08004d14   0x00000008   Code   RO         3631    i.netif_set_netmask  netif.o
    0x08004d1c   0x00000032   Code   RO         3633    i.netif_set_up      netif.o
    0x08004d4e   0x00000002   PAD
    0x08004d50   0x00000368   Code   RO         3751    i.pbuf_alloc        pbuf.o
    0x080050b8   0x000000e0   Code   RO         3752    i.pbuf_alloced_custom  pbuf.o
    0x08005198   0x00000130   Code   RO         3753    i.pbuf_cat          pbuf.o
    0x080052c8   0x00000012   Code   RO         3755    i.pbuf_clen         pbuf.o
    0x080052da   0x00000002   PAD
    0x080052dc   0x000001ec   Code   RO         3757    i.pbuf_copy         pbuf.o
    0x080054c8   0x0000011c   Code   RO         3758    i.pbuf_copy_partial  pbuf.o
    0x080055e4   0x00000164   Code   RO         3760    i.pbuf_free         pbuf.o
    0x08005748   0x00000006   Code   RO         3762    i.pbuf_header       pbuf.o
    0x0800574e   0x00000006   Code   RO         3763    i.pbuf_header_force  pbuf.o
    0x08005754   0x00000124   Code   RO         3764    i.pbuf_header_impl  pbuf.o
    0x08005878   0x00000198   Code   RO         3768    i.pbuf_realloc      pbuf.o
    0x08005a10   0x0000008c   Code   RO         3769    i.pbuf_ref          pbuf.o
    0x08005a9c   0x0000017c   Code   RO         3413    i.plug_holes        mem.o
    0x08005c18   0x00000048   Code   RO         4438    i.sys_check_timeouts  timeouts.o
    0x08005c60   0x00000004   Code   RO          361    i.sys_now           ethernetif.o
    0x08005c64   0x00000140   Code   RO         4440    i.sys_timeout       timeouts.o
    0x08005da4   0x00000034   Code   RO         4441    i.sys_timeouts_init  timeouts.o
    0x08005dd8   0x0000016c   Code   RO         3972    i.tcp_abandon       tcp.o
    0x08005f44   0x00000006   Code   RO         3973    i.tcp_abort         tcp.o
    0x08005f4a   0x0000000e   Code   RO         3974    i.tcp_accept        tcp.o
    0x08005f58   0x0000000e   Code   RO         3975    i.tcp_accept_null   tcp.o
    0x08005f66   0x00000002   PAD
    0x08005f68   0x000000fc   Code   RO         3976    i.tcp_alloc         tcp.o
    0x08006064   0x00000124   Code   RO         3978    i.tcp_bind          tcp.o
    0x08006188   0x00000014   Code   RO         3979    i.tcp_close         tcp.o
    0x0800619c   0x00000188   Code   RO         3980    i.tcp_close_shutdown  tcp.o
    0x08006324   0x000000c4   Code   RO         3981    i.tcp_close_shutdown_fin  tcp.o
    0x080063e8   0x00000120   Code   RO         4320    i.tcp_create_segment  tcp_out.o
    0x08006508   0x00000022   Code   RO         3984    i.tcp_eff_send_mss_impl  tcp.o
    0x0800652a   0x00000002   PAD
    0x0800652c   0x0000020c   Code   RO         4321    i.tcp_enqueue_flags  tcp_out.o
    0x08006738   0x0000006c   Code   RO         3986    i.tcp_fasttmr       tcp.o
    0x080067a4   0x00000030   Code   RO         4241    i.tcp_getoptbyte    tcp_in.o
    0x080067d4   0x00000002   Code   RO         3987    i.tcp_init          tcp.o
    0x080067d6   0x00000002   PAD
    0x080067d8   0x000005d0   Code   RO         4242    i.tcp_input         tcp_in.o
    0x08006da8   0x00000040   Code   RO         4243    i.tcp_input_delayed_close  tcp_in.o
    0x08006de8   0x00000052   Code   RO         4322    i.tcp_keepalive     tcp_out.o
    0x08006e3a   0x00000002   PAD
    0x08006e3c   0x000000bc   Code   RO         3988    i.tcp_kill_state    tcp.o
    0x08006ef8   0x000000cc   Code   RO         3989    i.tcp_listen_closed  tcp.o
    0x08006fc4   0x000000f4   Code   RO         4244    i.tcp_listen_input  tcp_in.o
    0x080070b8   0x00000006   Code   RO         3990    i.tcp_listen_with_backlog  tcp.o
    0x080070be   0x00000002   PAD
    0x080070c0   0x00000124   Code   RO         3991    i.tcp_listen_with_backlog_and_err  tcp.o
    0x080071e4   0x0000004c   Code   RO         3992    i.tcp_netif_ip_addr_changed  tcp.o
    0x08007230   0x00000022   Code   RO         3993    i.tcp_netif_ip_addr_changed_pcblist  tcp.o
    0x08007252   0x00000006   Code   RO         3994    i.tcp_new           tcp.o
    0x08007258   0x0000005c   Code   RO         3996    i.tcp_new_port      tcp.o
    0x080072b4   0x00000010   Code   RO         3997    i.tcp_next_iss      tcp.o
    0x080072c4   0x000002cc   Code   RO         4323    i.tcp_output        tcp_out.o
    0x08007590   0x0000010c   Code   RO         4324    i.tcp_output_alloc_header  tcp_out.o
    0x0800769c   0x000000a8   Code   RO         4325    i.tcp_output_segment  tcp_out.o
    0x08007744   0x00000074   Code   RO         4245    i.tcp_parseopt      tcp_in.o
    0x080077b8   0x000000d8   Code   RO         4326    i.tcp_pbuf_prealloc  tcp_out.o
    0x08007890   0x0000003a   Code   RO         3998    i.tcp_pcb_purge     tcp.o
    0x080078ca   0x00000002   PAD
    0x080078cc   0x00000108   Code   RO         3999    i.tcp_pcb_remove    tcp.o
    0x080079d4   0x00000484   Code   RO         4246    i.tcp_process       tcp_in.o
    0x08007e58   0x00000068   Code   RO         4001    i.tcp_process_refused_data  tcp.o
    0x08007ec0   0x00000670   Code   RO         4247    i.tcp_receive       tcp_in.o
    0x08008530   0x000000a0   Code   RO         4002    i.tcp_recv          tcp.o
    0x080085d0   0x00000024   Code   RO         4003    i.tcp_recv_null     tcp.o
    0x080085f4   0x00000110   Code   RO         4004    i.tcp_recved        tcp.o
    0x08008704   0x00000056   Code   RO         4327    i.tcp_rexmit        tcp_out.o
    0x0800875a   0x00000058   Code   RO         4328    i.tcp_rexmit_fast   tcp_out.o
    0x080087b2   0x00000032   Code   RO         4329    i.tcp_rexmit_rto    tcp_out.o
    0x080087e4   0x00000120   Code   RO         4330    i.tcp_rst           tcp_out.o
    0x08008904   0x0000001c   Code   RO         4005    i.tcp_seg_free      tcp.o
    0x08008920   0x00000012   Code   RO         4006    i.tcp_segs_free     tcp.o
    0x08008932   0x00000072   Code   RO         4331    i.tcp_send_empty_ack  tcp_out.o
    0x080089a4   0x00000044   Code   RO         4332    i.tcp_send_fin      tcp_out.o
    0x080089e8   0x000004b8   Code   RO         4010    i.tcp_slowtmr       tcp.o
    0x08008ea0   0x00000034   Code   RO         4444    i.tcp_timer_needed  timeouts.o
    0x08008ed4   0x00000068   Code   RO         4248    i.tcp_timewait_input  tcp_in.o
    0x08008f3c   0x00000020   Code   RO         4011    i.tcp_tmr           tcp.o
    0x08008f5c   0x00000010   Code   RO         4249    i.tcp_trigger_input_pcb_close  tcp_in.o
    0x08008f6c   0x000000c0   Code   RO         4013    i.tcp_update_rcv_ann_wnd  tcp.o
    0x0800902c   0x00000680   Code   RO         4333    i.tcp_write         tcp_out.o
    0x080096ac   0x00000140   Code   RO         4334    i.tcp_write_checks  tcp_out.o
    0x080097ec   0x000000b4   Code   RO         4335    i.tcp_zero_window_probe  tcp_out.o
    0x080098a0   0x00000014   Code   RO          710    i.tcpecho_accept    tcpserver.o
    0x080098b4   0x00000090   Code   RO          711    i.tcpecho_recv      tcpserver.o
    0x08009944   0x00000038   Code   RO         4445    i.tcpip_tcp_timer   timeouts.o
    0x0800997c   0x00000010   Data   RO         2392    .constdata          system_stm32f4xx.o
    0x0800998c   0x00000008   Data   RO         2393    .constdata          system_stm32f4xx.o
    0x08009994   0x00000006   Data   RO         2868    .constdata          ethernet.o
    0x0800999a   0x00000006   Data   RO         2869    .constdata          ethernet.o
    0x080099a0   0x0000000c   Data   RO         3491    .constdata          memp.o
    0x080099ac   0x0000000c   Data   RO         3492    .constdata          memp.o
    0x080099b8   0x0000000c   Data   RO         3493    .constdata          memp.o
    0x080099c4   0x0000000c   Data   RO         3494    .constdata          memp.o
    0x080099d0   0x0000000c   Data   RO         3495    .constdata          memp.o
    0x080099dc   0x0000000c   Data   RO         3496    .constdata          memp.o
    0x080099e8   0x0000000c   Data   RO         3497    .constdata          memp.o
    0x080099f4   0x0000000c   Data   RO         3498    .constdata          memp.o
    0x08009a00   0x00000020   Data   RO         3499    .constdata          memp.o
    0x08009a20   0x00000054   Data   RO         4014    .constdata          tcp.o
    0x08009a74   0x00000018   Data   RO         4446    .constdata          timeouts.o
    0x08009a8c   0x00000004   Data   RO         4797    .constdata          ip4_addr.o
    0x08009a90   0x00000075   Data   RO         4015    .conststring        tcp.o
    0x08009b05   0x00000003   PAD
    0x08009b08   0x00000055   Data   RO         4336    .conststring        tcp_out.o
    0x08009b5d   0x00000003   PAD
    0x08009b60   0x00000041   Data   RO         4586    .conststring        etharp.o
    0x08009ba1   0x00000003   PAD
    0x08009ba4   0x00000020   Data   RO         5621    Region$$Table       anon$$obj.o


    Execution Region RW_IRAM1 (Base: 0x20000000, Size: 0x00006ba0, Max: 0x00020000, ABSOLUTE)

    Base Addr    Size         Type   Attr      Idx    E Section Name        Object

    0x20000000   0x00000018   Data   RW          293    .data               lwip.o
    0x20000018   0x0000000c   Data   RW         2159    .data               stm32f4xx_hal.o
    0x20000024   0x00000004   Data   RW         2394    .data               system_stm32f4xx.o
    0x20000028   0x0000000c   Data   RW         3415    .data               mem.o
    0x20000034   0x00000004   Data   RW         3500    .data               memp.o
    0x20000038   0x00000004   Data   RW         3501    .data               memp.o
    0x2000003c   0x00000004   Data   RW         3502    .data               memp.o
    0x20000040   0x00000004   Data   RW         3503    .data               memp.o
    0x20000044   0x00000004   Data   RW         3504    .data               memp.o
    0x20000048   0x00000004   Data   RW         3505    .data               memp.o
    0x2000004c   0x00000004   Data   RW         3506    .data               memp.o
    0x20000050   0x00000004   Data   RW         3507    .data               memp.o
    0x20000054   0x0000000c   Data   RW         3634    .data               netif.o
    0x20000060   0x00000020   Data   RW         4016    .data               tcp.o
    0x20000080   0x00000024   Data   RW         4251    .data               tcp_in.o
    0x200000a4   0x0000000c   Data   RW         4447    .data               timeouts.o
    0x200000b0   0x00000001   Data   RW         4587    .data               etharp.o
    0x200000b1   0x00000001   PAD
    0x200000b2   0x00000002   Data   RW         4742    .data               ip4.o
    0x200000b4   0x00000008   Data   RW         4865    .data               ip4_frag.o
    0x200000bc   0x00000004   Data   RW         5597    .data               mc_w.l(stdout.o)
    0x200000c0   0x00000038   Zero   RW          292    .bss                lwip.o
    0x200000f8   0x000030e8   Zero   RW          362    .bss                ethernetif.o
    0x200031e0   0x00000040   Zero   RW          459    .bss                usart.o
    0x20003220   0x00000018   Zero   RW         3377    .bss                ip.o
    0x20003238   0x00000653   Zero   RW         3414    .bss                mem.o
    0x2000388b   0x000002e7   Zero   RW         3483    .bss                memp.o
    0x20003b72   0x000000e3   Zero   RW         3484    .bss                memp.o
    0x20003c55   0x00000103   Zero   RW         3485    .bss                memp.o
    0x20003d58   0x000000a3   Zero   RW         3486    .bss                memp.o
    0x20003dfb   0x0000016b   Zero   RW         3487    .bss                memp.o
    0x20003f66   0x00000033   Zero   RW         3488    .bss                memp.o
    0x20003f99   0x00000103   Zero   RW         3489    .bss                memp.o
    0x2000409c   0x00002603   Zero   RW         3490    .bss                memp.o
    0x2000669f   0x00000001   PAD
    0x200066a0   0x00000010   Zero   RW         4250    .bss                tcp_in.o
    0x200066b0   0x000000f0   Zero   RW         4585    .bss                etharp.o
    0x200067a0   0x00000400   Zero   RW            1    STACK               startup_stm32f407xx.o


==============================================================================

Image component sizes


      Code (inc. data)   RO Data    RW Data    ZI Data      Debug   Object Name

         0          0          0          0          0       1612   auth.o
         8          0          0          0          0       1058   def.o
         0          0          0          0          0        636   err.o
      2908       1172         65          1        240      10731   etharp.o
       408        156         12          0          0       2394   ethernet.o
      1180        146          0          0      12520       6876   ethernetif.o
       192         12          0          0          0       1019   gpio.o
       768        350          0          0          0       3934   icmp.o
        26          0          0          0          0       1984   init.o
         0          0          0          0         24       5997   ip.o
       890        178          0          2          0       4368   ip4.o
        46          0          4          0          0       6962   ip4_addr.o
      2696       1024          0          8          0       9714   ip4_frag.o
       272         26          0         24         56       1875   lwip.o
       226         30          0          0          0     711311   main.o
      1612        802          0         12       1619       5325   mem.o
       714        498        128         32      11796      12031   memp.o
       528        134          0         12          0       9961   netif.o
      3402       1814          0          0          0      10986   pbuf.o
        36          8        392          0       1024        836   startup_stm32f407xx.o
       180         28          0         12          0       9321   stm32f4xx_hal.o
       198         14          0          0          0      33579   stm32f4xx_hal_cortex.o
        36          0          0          0          0       1187   stm32f4xx_hal_dma.o
      2432         76          0          0          0      14113   stm32f4xx_hal_eth.o
       464         46          0          0          0       2745   stm32f4xx_hal_gpio.o
        48          6          0          0          0        826   stm32f4xx_hal_msp.o
      1340         84          0          0          0       5480   stm32f4xx_hal_rcc.o
      1254         16          0          0          0       8719   stm32f4xx_hal_uart.o
        44         12          0          0          0       4991   stm32f4xx_it.o
        28          6         24          4          0       1127   system_stm32f4xx.o
      4980       1936        201         32          0      32089   tcp.o
      4884       1114          0         36         16      18183   tcp_in.o
      5120       1716         85          0          0      22934   tcp_out.o
         0          0          0          0          0       5248   tcpclient.o
       288        104          0          0          0       1780   tcpserver.o
       580        218         24         12          0       5523   timeouts.o
       204         26          0          0         64       2146   usart.o

    ----------------------------------------------------------------------
     38036      11752        976        188      27360     979601   Object Totals
         0          0         32          0          0          0   (incl. Generated)
        44          0          9          1          1          0   (incl. Padding)

    ----------------------------------------------------------------------

      Code (inc. data)   RO Data    RW Data    ZI Data      Debug   Library Member Name

         0          0          0          0          0          0   entry.o
         0          0          0          0          0          0   entry10a.o
         0          0          0          0          0          0   entry11a.o
         8          4          0          0          0          0   entry2.o
         4          0          0          0          0          0   entry5.o
         0          0          0          0          0          0   entry7b.o
         0          0          0          0          0          0   entry8b.o
         8          4          0          0          0          0   entry9a.o
        30          0          0          0          0          0   handlers.o
        36          8          0          0          0         68   init.o
        30          0          0          0          0         68   llshl.o
        32          0          0          0          0         68   llushr.o
        26          0          0          0          0         80   memcmp.o
        36          0          0          0          0         68   memcpya.o
        36          0          0          0          0        108   memseta.o
       472         14          0          0          0        184   printf3.o
         0          0          0          4          0          0   stdout.o
        44          0          0          0          0         80   uidiv.o
        98          0          0          0          0         92   uldiv.o

    ----------------------------------------------------------------------
       864         30          0          4          0        816   Library Totals
         4          0          0          0          0          0   (incl. Padding)

    ----------------------------------------------------------------------

      Code (inc. data)   RO Data    RW Data    ZI Data      Debug   Library Name

       860         30          0          4          0        816   mc_w.l

    ----------------------------------------------------------------------
       864         30          0          4          0        816   Library Totals

    ----------------------------------------------------------------------

==============================================================================


      Code (inc. data)   RO Data    RW Data    ZI Data      Debug   

     38900      11782        976        192      27360     959557   Grand Totals
     38900      11782        976        192      27360     959557   ELF Image Totals
     38900      11782        976        192          0          0   ROM Totals

==============================================================================

    Total RO  Size (Code + RO Data)                39876 (  38.94kB)
    Total RW  Size (RW Data + ZI Data)             27552 (  26.91kB)
    Total ROM Size (Code + RO Data + RW Data)      40068 (  39.13kB)

==============================================================================

